c:\st\stm32cubeide_1.11.0\stm32cubeide\plugins\com.st.stm32cube.ide.mcu.externaltools.gnu-tools-for-stm32.10.3-2021.10.win32_1.0.100.202210260954\tools\arm-none-eabi\include\c++\10.3.1\type_traits:3291:3:constexpr bool std::is_constant_evaluated()	4	static
c:\st\stm32cubeide_1.11.0\stm32cubeide\plugins\com.st.stm32cube.ide.mcu.externaltools.gnu-tools-for-stm32.10.3-2021.10.win32_1.0.100.202210260954\tools\bin\../lib/gcc/arm-none-eabi/10.3.1/../../../../arm-none-eabi/include/c++/10.3.1/arm-none-eabi/thumb/v7e-m+dp/hard/bits/gthr-default.h:229:1:int __gthread_key_delete(__gthread_key_t)	16	static
c:\st\stm32cubeide_1.11.0\stm32cubeide\plugins\com.st.stm32cube.ide.mcu.externaltools.gnu-tools-for-stm32.10.3-2021.10.win32_1.0.100.202210260954\tools\arm-none-eabi\include\c++\10.3.1\bits\stl_tree.h:173:5:std::_Rb_tree_header::_Rb_tree_header()	16	static
c:\st\stm32cubeide_1.11.0\stm32cubeide\plugins\com.st.stm32cube.ide.mcu.externaltools.gnu-tools-for-stm32.10.3-2021.10.win32_1.0.100.202210260954\tools\arm-none-eabi\include\c++\10.3.1\bits\stl_tree.h:206:5:void std::_Rb_tree_header::_M_reset()	16	static
c:\st\stm32cubeide_1.11.0\stm32cubeide\plugins\com.st.stm32cube.ide.mcu.externaltools.gnu-tools-for-stm32.10.3-2021.10.win32_1.0.100.202210260954\tools\arm-none-eabi\include\c++\10.3.1\bits\stl_tree.h:677:9:constexpr std::_Rb_tree<short unsigned int, std::pair<const short unsigned int, Packet*>, std::_Select1st<std::pair<const short unsigned int, Packet*> >, std::less<short unsigned int>, std::allocator<std::pair<const short unsigned int, Packet*> > >::_Rb_tree_impl<std::less<short unsigned int>, true>::~_Rb_tree_impl()	16	static
c:\st\stm32cubeide_1.11.0\stm32cubeide\plugins\com.st.stm32cube.ide.mcu.externaltools.gnu-tools-for-stm32.10.3-2021.10.win32_1.0.100.202210260954\tools\arm-none-eabi\include\c++\10.3.1\bits\stl_tree.h:937:7:std::_Rb_tree<_Key, _Val, _KeyOfValue, _Compare, _Alloc>::_Rb_tree() [with _Key = short unsigned int; _Val = std::pair<const short unsigned int, Packet*>; _KeyOfValue = std::_Select1st<std::pair<const short unsigned int, Packet*> >; _Compare = std::less<short unsigned int>; _Alloc = std::allocator<std::pair<const short unsigned int, Packet*> >]	16	static
c:\st\stm32cubeide_1.11.0\stm32cubeide\plugins\com.st.stm32cube.ide.mcu.externaltools.gnu-tools-for-stm32.10.3-2021.10.win32_1.0.100.202210260954\tools\arm-none-eabi\include\c++\10.3.1\bits\stl_map.h:185:7:std::map<_Key, _Tp, _Compare, _Alloc>::map() [with _Key = short unsigned int; _Tp = Packet*; _Compare = std::less<short unsigned int>; _Alloc = std::allocator<std::pair<const short unsigned int, Packet*> >]	16	static
c:\st\stm32cubeide_1.11.0\stm32cubeide\plugins\com.st.stm32cube.ide.mcu.externaltools.gnu-tools-for-stm32.10.3-2021.10.win32_1.0.100.202210260954\tools\arm-none-eabi\include\c++\10.3.1\bits\stl_tree.h:684:4:std::_Rb_tree<_Key, _Val, _KeyOfValue, _Compare, _Alloc>::_Rb_tree_impl<_Key_compare, <anonymous> >::_Rb_tree_impl() [with _Key_compare = std::less<short unsigned int>; bool <anonymous> = true; _Key = short unsigned int; _Val = std::pair<const short unsigned int, Packet*>; _KeyOfValue = std::_Select1st<std::pair<const short unsigned int, Packet*> >; _Compare = std::less<short unsigned int>; _Alloc = std::allocator<std::pair<const short unsigned int, Packet*> >]	16	static
c:\st\stm32cubeide_1.11.0\stm32cubeide\plugins\com.st.stm32cube.ide.mcu.externaltools.gnu-tools-for-stm32.10.3-2021.10.win32_1.0.100.202210260954\tools\arm-none-eabi\include\c++\10.3.1\bits\allocator.h:182:7:constexpr std::allocator< <template-parameter-1-1> >::~allocator() [with _Tp = std::_Rb_tree_node<std::pair<const short unsigned int, Packet*> >]	16	static
c:\st\stm32cubeide_1.11.0\stm32cubeide\plugins\com.st.stm32cube.ide.mcu.externaltools.gnu-tools-for-stm32.10.3-2021.10.win32_1.0.100.202210260954\tools\arm-none-eabi\include\c++\10.3.1\bits\stl_tree.h:992:7:std::_Rb_tree<_Key, _Val, _KeyOfValue, _Compare, _Alloc>::~_Rb_tree() [with _Key = short unsigned int; _Val = std::pair<const short unsigned int, Packet*>; _KeyOfValue = std::_Select1st<std::pair<const short unsigned int, Packet*> >; _Compare = std::less<short unsigned int>; _Alloc = std::allocator<std::pair<const short unsigned int, Packet*> >]	16	static
c:\st\stm32cubeide_1.11.0\stm32cubeide\plugins\com.st.stm32cube.ide.mcu.externaltools.gnu-tools-for-stm32.10.3-2021.10.win32_1.0.100.202210260954\tools\arm-none-eabi\include\c++\10.3.1\bits\stl_tree.h:234:7:_Val* std::_Rb_tree_node<_Val>::_M_valptr() [with _Val = std::pair<const short unsigned int, Packet*>]	16	static
c:\st\stm32cubeide_1.11.0\stm32cubeide\plugins\com.st.stm32cube.ide.mcu.externaltools.gnu-tools-for-stm32.10.3-2021.10.win32_1.0.100.202210260954\tools\arm-none-eabi\include\c++\10.3.1\bits\allocator.h:164:7:constexpr std::allocator< <template-parameter-1-1> >::allocator() [with _Tp = std::_Rb_tree_node<std::pair<const short unsigned int, Packet*> >]	16	static
c:\st\stm32cubeide_1.11.0\stm32cubeide\plugins\com.st.stm32cube.ide.mcu.externaltools.gnu-tools-for-stm32.10.3-2021.10.win32_1.0.100.202210260954\tools\arm-none-eabi\include\c++\10.3.1\bits\stl_tree.h:146:7:std::_Rb_tree_key_compare<_Key_compare>::_Rb_tree_key_compare() [with _Key_compare = std::less<short unsigned int>]	16	static
c:\st\stm32cubeide_1.11.0\stm32cubeide\plugins\com.st.stm32cube.ide.mcu.externaltools.gnu-tools-for-stm32.10.3-2021.10.win32_1.0.100.202210260954\tools\arm-none-eabi\include\c++\10.3.1\bits\stl_tree.h:1915:5:void std::_Rb_tree<_Key, _Val, _KeyOfValue, _Compare, _Alloc>::_M_erase(std::_Rb_tree<_Key, _Val, _KeyOfValue, _Compare, _Alloc>::_Link_type) [with _Key = short unsigned int; _Val = std::pair<const short unsigned int, Packet*>; _KeyOfValue = std::_Select1st<std::pair<const short unsigned int, Packet*> >; _Compare = std::less<short unsigned int>; _Alloc = std::allocator<std::pair<const short unsigned int, Packet*> >]	24	static
c:\st\stm32cubeide_1.11.0\stm32cubeide\plugins\com.st.stm32cube.ide.mcu.externaltools.gnu-tools-for-stm32.10.3-2021.10.win32_1.0.100.202210260954\tools\arm-none-eabi\include\c++\10.3.1\bits\stl_tree.h:750:7:std::_Rb_tree_node<_Val>* std::_Rb_tree<_Key, _Val, _KeyOfValue, _Compare, _Alloc>::_M_begin() [with _Key = short unsigned int; _Val = std::pair<const short unsigned int, Packet*>; _KeyOfValue = std::_Select1st<std::pair<const short unsigned int, Packet*> >; _Compare = std::less<short unsigned int>; _Alloc = std::allocator<std::pair<const short unsigned int, Packet*> >]	16	static
c:\st\stm32cubeide_1.11.0\stm32cubeide\plugins\com.st.stm32cube.ide.mcu.externaltools.gnu-tools-for-stm32.10.3-2021.10.win32_1.0.100.202210260954\tools\arm-none-eabi\include\c++\10.3.1\ext\aligned_buffer.h:72:7:_Tp* __gnu_cxx::__aligned_membuf<_Tp>::_M_ptr() [with _Tp = std::pair<const short unsigned int, Packet*>]	16	static
c:\st\stm32cubeide_1.11.0\stm32cubeide\plugins\com.st.stm32cube.ide.mcu.externaltools.gnu-tools-for-stm32.10.3-2021.10.win32_1.0.100.202210260954\tools\arm-none-eabi\include\c++\10.3.1\ext\new_allocator.h:79:7:constexpr __gnu_cxx::new_allocator<_Tp>::new_allocator() [with _Tp = std::_Rb_tree_node<std::pair<const short unsigned int, Packet*> >]	16	static
c:\st\stm32cubeide_1.11.0\stm32cubeide\plugins\com.st.stm32cube.ide.mcu.externaltools.gnu-tools-for-stm32.10.3-2021.10.win32_1.0.100.202210260954\tools\arm-none-eabi\include\c++\10.3.1\bits\stl_tree.h:799:7:static std::_Rb_tree_node<_Val>* std::_Rb_tree<_Key, _Val, _KeyOfValue, _Compare, _Alloc>::_S_right(std::_Rb_tree<_Key, _Val, _KeyOfValue, _Compare, _Alloc>::_Base_ptr) [with _Key = short unsigned int; _Val = std::pair<const short unsigned int, Packet*>; _KeyOfValue = std::_Select1st<std::pair<const short unsigned int, Packet*> >; _Compare = std::less<short unsigned int>; _Alloc = std::allocator<std::pair<const short unsigned int, Packet*> >]	16	static
c:\st\stm32cubeide_1.11.0\stm32cubeide\plugins\com.st.stm32cube.ide.mcu.externaltools.gnu-tools-for-stm32.10.3-2021.10.win32_1.0.100.202210260954\tools\arm-none-eabi\include\c++\10.3.1\bits\stl_tree.h:791:7:static std::_Rb_tree_node<_Val>* std::_Rb_tree<_Key, _Val, _KeyOfValue, _Compare, _Alloc>::_S_left(std::_Rb_tree<_Key, _Val, _KeyOfValue, _Compare, _Alloc>::_Base_ptr) [with _Key = short unsigned int; _Val = std::pair<const short unsigned int, Packet*>; _KeyOfValue = std::_Select1st<std::pair<const short unsigned int, Packet*> >; _Compare = std::less<short unsigned int>; _Alloc = std::allocator<std::pair<const short unsigned int, Packet*> >]	16	static
c:\st\stm32cubeide_1.11.0\stm32cubeide\plugins\com.st.stm32cube.ide.mcu.externaltools.gnu-tools-for-stm32.10.3-2021.10.win32_1.0.100.202210260954\tools\arm-none-eabi\include\c++\10.3.1\bits\stl_tree.h:652:7:void std::_Rb_tree<_Key, _Val, _KeyOfValue, _Compare, _Alloc>::_M_drop_node(std::_Rb_tree<_Key, _Val, _KeyOfValue, _Compare, _Alloc>::_Link_type) [with _Key = short unsigned int; _Val = std::pair<const short unsigned int, Packet*>; _KeyOfValue = std::_Select1st<std::pair<const short unsigned int, Packet*> >; _Compare = std::less<short unsigned int>; _Alloc = std::allocator<std::pair<const short unsigned int, Packet*> >]	16	static
c:\st\stm32cubeide_1.11.0\stm32cubeide\plugins\com.st.stm32cube.ide.mcu.externaltools.gnu-tools-for-stm32.10.3-2021.10.win32_1.0.100.202210260954\tools\arm-none-eabi\include\c++\10.3.1\ext\aligned_buffer.h:64:7:void* __gnu_cxx::__aligned_membuf<_Tp>::_M_addr() [with _Tp = std::pair<const short unsigned int, Packet*>]	16	static
c:\st\stm32cubeide_1.11.0\stm32cubeide\plugins\com.st.stm32cube.ide.mcu.externaltools.gnu-tools-for-stm32.10.3-2021.10.win32_1.0.100.202210260954\tools\arm-none-eabi\include\c++\10.3.1\bits\stl_tree.h:641:7:void std::_Rb_tree<_Key, _Val, _KeyOfValue, _Compare, _Alloc>::_M_destroy_node(std::_Rb_tree<_Key, _Val, _KeyOfValue, _Compare, _Alloc>::_Link_type) [with _Key = short unsigned int; _Val = std::pair<const short unsigned int, Packet*>; _KeyOfValue = std::_Select1st<std::pair<const short unsigned int, Packet*> >; _Compare = std::less<short unsigned int>; _Alloc = std::allocator<std::pair<const short unsigned int, Packet*> >]	24	static
c:\st\stm32cubeide_1.11.0\stm32cubeide\plugins\com.st.stm32cube.ide.mcu.externaltools.gnu-tools-for-stm32.10.3-2021.10.win32_1.0.100.202210260954\tools\arm-none-eabi\include\c++\10.3.1\bits\stl_tree.h:587:7:void std::_Rb_tree<_Key, _Val, _KeyOfValue, _Compare, _Alloc>::_M_put_node(std::_Rb_tree<_Key, _Val, _KeyOfValue, _Compare, _Alloc>::_Link_type) [with _Key = short unsigned int; _Val = std::pair<const short unsigned int, Packet*>; _KeyOfValue = std::_Select1st<std::pair<const short unsigned int, Packet*> >; _Compare = std::less<short unsigned int>; _Alloc = std::allocator<std::pair<const short unsigned int, Packet*> >]	16	static
c:\st\stm32cubeide_1.11.0\stm32cubeide\plugins\com.st.stm32cube.ide.mcu.externaltools.gnu-tools-for-stm32.10.3-2021.10.win32_1.0.100.202210260954\tools\arm-none-eabi\include\c++\10.3.1\bits\stl_tree.h:570:7:std::_Rb_tree<_Key, _Val, _KeyOfValue, _Compare, _Alloc>::_Node_allocator& std::_Rb_tree<_Key, _Val, _KeyOfValue, _Compare, _Alloc>::_M_get_Node_allocator() [with _Key = short unsigned int; _Val = std::pair<const short unsigned int, Packet*>; _KeyOfValue = std::_Select1st<std::pair<const short unsigned int, Packet*> >; _Compare = std::less<short unsigned int>; _Alloc = std::allocator<std::pair<const short unsigned int, Packet*> >]	16	static
c:\st\stm32cubeide_1.11.0\stm32cubeide\plugins\com.st.stm32cube.ide.mcu.externaltools.gnu-tools-for-stm32.10.3-2021.10.win32_1.0.100.202210260954\tools\arm-none-eabi\include\c++\10.3.1\bits\alloc_traits.h:527:2:static constexpr void std::allocator_traits<std::allocator<_Up> >::destroy(std::allocator_traits<std::allocator<_Up> >::allocator_type&, _Up*) [with _Up = std::pair<const short unsigned int, Packet*>; _Tp = std::_Rb_tree_node<std::pair<const short unsigned int, Packet*> >]	16	static
c:\st\stm32cubeide_1.11.0\stm32cubeide\plugins\com.st.stm32cube.ide.mcu.externaltools.gnu-tools-for-stm32.10.3-2021.10.win32_1.0.100.202210260954\tools\arm-none-eabi\include\c++\10.3.1\bits\alloc_traits.h:491:7:static constexpr void std::allocator_traits<std::allocator<_Up> >::deallocate(std::allocator_traits<std::allocator<_Up> >::allocator_type&, std::allocator_traits<std::allocator<_Up> >::pointer, std::allocator_traits<std::allocator<_Up> >::size_type) [with _Tp = std::_Rb_tree_node<std::pair<const short unsigned int, Packet*> >]	40	static
c:\st\stm32cubeide_1.11.0\stm32cubeide\plugins\com.st.stm32cube.ide.mcu.externaltools.gnu-tools-for-stm32.10.3-2021.10.win32_1.0.100.202210260954\tools\arm-none-eabi\include\c++\10.3.1\bits\stl_construct.h:80:5:constexpr void std::destroy_at(_Tp*) [with _Tp = std::pair<const short unsigned int, Packet*>]	16	static
c:\st\stm32cubeide_1.11.0\stm32cubeide\plugins\com.st.stm32cube.ide.mcu.externaltools.gnu-tools-for-stm32.10.3-2021.10.win32_1.0.100.202210260954\tools\arm-none-eabi\include\c++\10.3.1\ext\new_allocator.h:126:7:void __gnu_cxx::new_allocator<_Tp>::deallocate(_Tp*, __gnu_cxx::new_allocator<_Tp>::size_type) [with _Tp = std::_Rb_tree_node<std::pair<const short unsigned int, Packet*> >]	24	static
c:\st\stm32cubeide_1.11.0\stm32cubeide\plugins\com.st.stm32cube.ide.mcu.externaltools.gnu-tools-for-stm32.10.3-2021.10.win32_1.0.100.202210260954\tools\arm-none-eabi\include\c++\10.3.1\bits\stl_map.h:302:7:std::map<_Key, _Tp, _Compare, _Alloc>::~map() [with _Key = short unsigned int; _Tp = Packet*; _Compare = std::less<short unsigned int>; _Alloc = std::allocator<std::pair<const short unsigned int, Packet*> >]	16	static
../Core/Src/Mini-STLIB/Models/Packet.cpp:3:43:void __static_initialization_and_destruction_0(int, int)	16	static
../Core/Src/Mini-STLIB/Models/Packet.cpp:3:43:cpp)	8	static
../Core/Src/Mini-STLIB/Models/Packet.cpp:3:43:cpp)	8	static
