/home/dgoncas/st/stm32cubeide_1.6.1/plugins/com.st.stm32cube.ide.mcu.externaltools.gnu-tools-for-stm32.10.3-2021.10.linux64_1.0.200.202301161003/tools/arm-none-eabi/include/c++/10.3.1/type_traits:3291:3:constexpr bool std::is_constant_evaluated()	4	static
/home/dgoncas/st/stm32cubeide_1.6.1/plugins/com.st.stm32cube.ide.mcu.externaltools.gnu-tools-for-stm32.10.3-2021.10.linux64_1.0.200.202301161003/tools/arm-none-eabi/include/c++/10.3.1/new:174:33:void* operator new(std::size_t, void*)	16	static
/home/dgoncas/st/stm32cubeide_1.6.1/plugins/com.st.stm32cube.ide.mcu.externaltools.gnu-tools-for-stm32.10.3-2021.10.linux64_1.0.200.202301161003/tools/arm-none-eabi/include/c++/10.3.1/bits/stl_algobase.h:230:5:constexpr const _Tp& std::min(const _Tp&, const _Tp&) [with _Tp = unsigned int]	16	static
/home/dgoncas/st/stm32cubeide_1.6.1/plugins/com.st.stm32cube.ide.mcu.externaltools.gnu-tools-for-stm32.10.3-2021.10.linux64_1.0.200.202301161003/tools/arm-none-eabi/include/c++/10.3.1/optional:100:3:void std::__throw_bad_optional_access()	8	static
/home/dgoncas/st/stm32cubeide_1.6.1/plugins/com.st.stm32cube.ide.mcu.externaltools.gnu-tools-for-stm32.10.3-2021.10.linux64_1.0.200.202301161003/tools/arm-none-eabi/include/c++/10.3.1/arm-none-eabi/thumb/v7e-m+dp/hard/bits/gthr-default.h:229:1:int __gthread_key_delete(__gthread_key_t)	16	static
/home/dgoncas/st/stm32cubeide_1.6.1/plugins/com.st.stm32cube.ide.mcu.externaltools.gnu-tools-for-stm32.10.3-2021.10.linux64_1.0.200.202301161003/tools/arm-none-eabi/include/c++/10.3.1/bits/stl_iterator.h:1056:7:constexpr const _Iterator& __gnu_cxx::__normal_iterator<_Iterator, _Container>::base() const [with _Iterator = Field<>**; _Container = std::vector<Field<>*>]	16	static
/home/dgoncas/st/stm32cubeide_1.6.1/plugins/com.st.stm32cube.ide.mcu.externaltools.gnu-tools-for-stm32.10.3-2021.10.linux64_1.0.200.202301161003/tools/arm-none-eabi/include/c++/10.3.1/bits/stl_iterator.h:1073:5:constexpr bool __gnu_cxx::operator==(const __gnu_cxx::__normal_iterator<_IteratorL, _Container>&, const __gnu_cxx::__normal_iterator<_IteratorR, _Container>&) [with _IteratorL = Field<>**; _IteratorR = Field<>**; _Container = std::vector<Field<>*>]	24	static
/home/dgoncas/st/stm32cubeide_1.6.1/plugins/com.st.stm32cube.ide.mcu.externaltools.gnu-tools-for-stm32.10.3-2021.10.linux64_1.0.200.202301161003/tools/arm-none-eabi/include/c++/10.3.1/bits/stl_iterator.h:1003:7:constexpr __gnu_cxx::__normal_iterator<_Iterator, _Container>& __gnu_cxx::__normal_iterator<_Iterator, _Container>::operator++() [with _Iterator = Field<>**; _Container = std::vector<Field<>*>]	16	static
/home/dgoncas/st/stm32cubeide_1.6.1/plugins/com.st.stm32cube.ide.mcu.externaltools.gnu-tools-for-stm32.10.3-2021.10.linux64_1.0.200.202301161003/tools/arm-none-eabi/include/c++/10.3.1/bits/stl_iterator.h:993:7:constexpr __gnu_cxx::__normal_iterator<_Iterator, _Container>::reference __gnu_cxx::__normal_iterator<_Iterator, _Container>::operator*() const [with _Iterator = Field<>**; _Container = std::vector<Field<>*>]	16	static
../Core/Inc/Mini-STLIB/Models/Packet.hpp:111:10:void Packet::parse(uint8_t*)	40	static
../Core/Inc/Mini-STLIB/Models/Packet.hpp:119:10:void Packet::unparse(uint8_t*)	40	static
../Core/Inc/Mini-STLIB/Models/Packet.hpp:127:17:static void Packet::process_packet(uint16_t, uint8_t*)	32	static
../Core/Src/Mini-STLIB/Can.cpp:3:1:Can::Can(FDCAN_HandleTypeDef*)	24	static
/home/dgoncas/st/stm32cubeide_1.6.1/plugins/com.st.stm32cube.ide.mcu.externaltools.gnu-tools-for-stm32.10.3-2021.10.linux64_1.0.200.202301161003/tools/arm-none-eabi/include/c++/10.3.1/bits/stl_iterator.h:1056:7:constexpr const _Iterator& __gnu_cxx::__normal_iterator<_Iterator, _Container>::base() const [with _Iterator = Can**; _Container = std::vector<Can*>]	16	static
/home/dgoncas/st/stm32cubeide_1.6.1/plugins/com.st.stm32cube.ide.mcu.externaltools.gnu-tools-for-stm32.10.3-2021.10.linux64_1.0.200.202301161003/tools/arm-none-eabi/include/c++/10.3.1/bits/stl_iterator.h:1073:5:constexpr bool __gnu_cxx::operator==(const __gnu_cxx::__normal_iterator<_IteratorL, _Container>&, const __gnu_cxx::__normal_iterator<_IteratorR, _Container>&) [with _IteratorL = Can**; _IteratorR = Can**; _Container = std::vector<Can*>]	24	static
/home/dgoncas/st/stm32cubeide_1.6.1/plugins/com.st.stm32cube.ide.mcu.externaltools.gnu-tools-for-stm32.10.3-2021.10.linux64_1.0.200.202301161003/tools/arm-none-eabi/include/c++/10.3.1/bits/stl_iterator.h:1003:7:constexpr __gnu_cxx::__normal_iterator<_Iterator, _Container>& __gnu_cxx::__normal_iterator<_Iterator, _Container>::operator++() [with _Iterator = Can**; _Container = std::vector<Can*>]	16	static
/home/dgoncas/st/stm32cubeide_1.6.1/plugins/com.st.stm32cube.ide.mcu.externaltools.gnu-tools-for-stm32.10.3-2021.10.linux64_1.0.200.202301161003/tools/arm-none-eabi/include/c++/10.3.1/bits/stl_iterator.h:993:7:constexpr __gnu_cxx::__normal_iterator<_Iterator, _Container>::reference __gnu_cxx::__normal_iterator<_Iterator, _Container>::operator*() const [with _Iterator = Can**; _Container = std::vector<Can*>]	16	static
../Core/Src/Mini-STLIB/Can.cpp:7:6:static void Can::start_all_cans()	24	static
../Core/Src/Mini-STLIB/Can.cpp:12:6:void Can::start()	16	static
../Core/Src/Mini-STLIB/Can.cpp:17:6:void Can::send_message(uint16_t, uint8_t*, uint32_t)	40	static
../Core/Src/Mini-STLIB/Can.cpp:34:6:void Can::send_message(uint16_t, uint32_t)	32	static
../Core/Src/Mini-STLIB/Can.cpp:49:6:void Can::send_error_message(uint16_t, const char*)	48	static
../Core/Src/Mini-STLIB/Can.cpp:70:6:void Can::send_ok_message()	24	static
../Core/Src/Mini-STLIB/Can.cpp:75:6:void Can::send_packet(Packet*)	32	static
/home/dgoncas/st/stm32cubeide_1.6.1/plugins/com.st.stm32cube.ide.mcu.externaltools.gnu-tools-for-stm32.10.3-2021.10.linux64_1.0.200.202301161003/tools/arm-none-eabi/include/c++/10.3.1/bits/stl_iterator.h:1056:7:constexpr const _Iterator& __gnu_cxx::__normal_iterator<_Iterator, _Container>::base() const [with _Iterator = const DLC*; _Container = std::vector<DLC>]	16	static
/home/dgoncas/st/stm32cubeide_1.6.1/plugins/com.st.stm32cube.ide.mcu.externaltools.gnu-tools-for-stm32.10.3-2021.10.linux64_1.0.200.202301161003/tools/arm-none-eabi/include/c++/10.3.1/bits/stl_iterator.h:1073:5:constexpr bool __gnu_cxx::operator==(const __gnu_cxx::__normal_iterator<_IteratorL, _Container>&, const __gnu_cxx::__normal_iterator<_IteratorR, _Container>&) [with _IteratorL = const DLC*; _IteratorR = const DLC*; _Container = std::vector<DLC>]	24	static
/home/dgoncas/st/stm32cubeide_1.6.1/plugins/com.st.stm32cube.ide.mcu.externaltools.gnu-tools-for-stm32.10.3-2021.10.linux64_1.0.200.202301161003/tools/arm-none-eabi/include/c++/10.3.1/bits/stl_iterator.h:1003:7:constexpr __gnu_cxx::__normal_iterator<_Iterator, _Container>& __gnu_cxx::__normal_iterator<_Iterator, _Container>::operator++() [with _Iterator = const DLC*; _Container = std::vector<DLC>]	16	static
/home/dgoncas/st/stm32cubeide_1.6.1/plugins/com.st.stm32cube.ide.mcu.externaltools.gnu-tools-for-stm32.10.3-2021.10.linux64_1.0.200.202301161003/tools/arm-none-eabi/include/c++/10.3.1/bits/stl_iterator.h:993:7:constexpr __gnu_cxx::__normal_iterator<_Iterator, _Container>::reference __gnu_cxx::__normal_iterator<_Iterator, _Container>::operator*() const [with _Iterator = const DLC*; _Container = std::vector<DLC>]	16	static
../Core/Src/Mini-STLIB/Can.cpp:87:20:std::optional<long unsigned int> Can::get_dlc_from_size(uint32_t)	48	static
../Core/Src/Mini-STLIB/Can.cpp:94:6:static void Can::message_received_all_cans(FDCAN_HandleTypeDef*, uint32_t)	32	static
../Core/Src/Mini-STLIB/Can.cpp:100:6:void Can::message_received(uint32_t)	16	static
/home/dgoncas/st/stm32cubeide_1.6.1/plugins/com.st.stm32cube.ide.mcu.externaltools.gnu-tools-for-stm32.10.3-2021.10.linux64_1.0.200.202301161003/tools/arm-none-eabi/include/c++/10.3.1/bits/stl_vector.h:128:14:constexpr std::_Vector_base<Can*, std::allocator<Can*> >::_Vector_impl::~_Vector_impl()	16	static
/home/dgoncas/st/stm32cubeide_1.6.1/plugins/com.st.stm32cube.ide.mcu.externaltools.gnu-tools-for-stm32.10.3-2021.10.linux64_1.0.200.202301161003/tools/arm-none-eabi/include/c++/10.3.1/bits/stl_vector.h:288:7:std::_Vector_base<_Tp, _Alloc>::_Vector_base() [with _Tp = Can*; _Alloc = std::allocator<Can*>]	16	static
/home/dgoncas/st/stm32cubeide_1.6.1/plugins/com.st.stm32cube.ide.mcu.externaltools.gnu-tools-for-stm32.10.3-2021.10.linux64_1.0.200.202301161003/tools/arm-none-eabi/include/c++/10.3.1/bits/stl_vector.h:487:7:std::vector<_Tp, _Alloc>::vector() [with _Tp = Can*; _Alloc = std::allocator<Can*>]	16	static
/home/dgoncas/st/stm32cubeide_1.6.1/plugins/com.st.stm32cube.ide.mcu.externaltools.gnu-tools-for-stm32.10.3-2021.10.linux64_1.0.200.202301161003/tools/arm-none-eabi/include/c++/10.3.1/bits/stl_algobase.h:254:5:constexpr const _Tp& std::max(const _Tp&, const _Tp&) [with _Tp = unsigned int]	16	static
/home/dgoncas/st/stm32cubeide_1.6.1/plugins/com.st.stm32cube.ide.mcu.externaltools.gnu-tools-for-stm32.10.3-2021.10.linux64_1.0.200.202301161003/tools/arm-none-eabi/include/c++/10.3.1/bits/stl_vector.h:811:7:std::vector<_Tp, _Alloc>::iterator std::vector<_Tp, _Alloc>::begin() [with _Tp = Field<>*; _Alloc = std::allocator<Field<>*>]	24	static
/home/dgoncas/st/stm32cubeide_1.6.1/plugins/com.st.stm32cube.ide.mcu.externaltools.gnu-tools-for-stm32.10.3-2021.10.linux64_1.0.200.202301161003/tools/arm-none-eabi/include/c++/10.3.1/bits/stl_vector.h:829:7:std::vector<_Tp, _Alloc>::iterator std::vector<_Tp, _Alloc>::end() [with _Tp = Field<>*; _Alloc = std::allocator<Field<>*>]	24	static
/home/dgoncas/st/stm32cubeide_1.6.1/plugins/com.st.stm32cube.ide.mcu.externaltools.gnu-tools-for-stm32.10.3-2021.10.linux64_1.0.200.202301161003/tools/arm-none-eabi/include/c++/10.3.1/bits/stl_map.h:356:7:std::map<_Key, _Tp, _Compare, _Alloc>::iterator std::map<_Key, _Tp, _Compare, _Alloc>::begin() [with _Key = short unsigned int; _Tp = Packet*; _Compare = std::less<short unsigned int>; _Alloc = std::allocator<std::pair<const short unsigned int, Packet*> >]	16	static
/home/dgoncas/st/stm32cubeide_1.6.1/plugins/com.st.stm32cube.ide.mcu.externaltools.gnu-tools-for-stm32.10.3-2021.10.linux64_1.0.200.202301161003/tools/arm-none-eabi/include/c++/10.3.1/bits/stl_map.h:374:7:std::map<_Key, _Tp, _Compare, _Alloc>::iterator std::map<_Key, _Tp, _Compare, _Alloc>::end() [with _Key = short unsigned int; _Tp = Packet*; _Compare = std::less<short unsigned int>; _Alloc = std::allocator<std::pair<const short unsigned int, Packet*> >]	16	static
/home/dgoncas/st/stm32cubeide_1.6.1/plugins/com.st.stm32cube.ide.mcu.externaltools.gnu-tools-for-stm32.10.3-2021.10.linux64_1.0.200.202301161003/tools/arm-none-eabi/include/c++/10.3.1/bits/stl_tree.h:315:7:bool std::operator==(const _Self&, const _Self&)	16	static
/home/dgoncas/st/stm32cubeide_1.6.1/plugins/com.st.stm32cube.ide.mcu.externaltools.gnu-tools-for-stm32.10.3-2021.10.linux64_1.0.200.202301161003/tools/arm-none-eabi/include/c++/10.3.1/bits/stl_tree.h:285:7:std::_Rb_tree_iterator<_Tp>::_Self& std::_Rb_tree_iterator<_Tp>::operator++() [with _Tp = std::pair<const short unsigned int, Packet*>]	16	static
/home/dgoncas/st/stm32cubeide_1.6.1/plugins/com.st.stm32cube.ide.mcu.externaltools.gnu-tools-for-stm32.10.3-2021.10.linux64_1.0.200.202301161003/tools/arm-none-eabi/include/c++/10.3.1/bits/stl_tree.h:277:7:_Tp& std::_Rb_tree_iterator<_Tp>::operator*() const [with _Tp = std::pair<const short unsigned int, Packet*>]	16	static
/home/dgoncas/st/stm32cubeide_1.6.1/plugins/com.st.stm32cube.ide.mcu.externaltools.gnu-tools-for-stm32.10.3-2021.10.linux64_1.0.200.202301161003/tools/arm-none-eabi/include/c++/10.3.1/bits/stl_vector.h:1203:7:void std::vector<_Tp, _Alloc>::push_back(std::vector<_Tp, _Alloc>::value_type&&) [with _Tp = Can*; _Alloc = std::allocator<Can*>]	16	static
/home/dgoncas/st/stm32cubeide_1.6.1/plugins/com.st.stm32cube.ide.mcu.externaltools.gnu-tools-for-stm32.10.3-2021.10.linux64_1.0.200.202301161003/tools/arm-none-eabi/include/c++/10.3.1/bits/stl_vector.h:811:7:std::vector<_Tp, _Alloc>::iterator std::vector<_Tp, _Alloc>::begin() [with _Tp = Can*; _Alloc = std::allocator<Can*>]	24	static
/home/dgoncas/st/stm32cubeide_1.6.1/plugins/com.st.stm32cube.ide.mcu.externaltools.gnu-tools-for-stm32.10.3-2021.10.linux64_1.0.200.202301161003/tools/arm-none-eabi/include/c++/10.3.1/bits/stl_vector.h:829:7:std::vector<_Tp, _Alloc>::iterator std::vector<_Tp, _Alloc>::end() [with _Tp = Can*; _Alloc = std::allocator<Can*>]	24	static
/home/dgoncas/st/stm32cubeide_1.6.1/plugins/com.st.stm32cube.ide.mcu.externaltools.gnu-tools-for-stm32.10.3-2021.10.linux64_1.0.200.202301161003/tools/arm-none-eabi/include/c++/10.3.1/optional:913:26:constexpr std::optional<_Tp>::operator bool() const [with _Tp = long unsigned int]	16	static
/home/dgoncas/st/stm32cubeide_1.6.1/plugins/com.st.stm32cube.ide.mcu.externaltools.gnu-tools-for-stm32.10.3-2021.10.linux64_1.0.200.202301161003/tools/arm-none-eabi/include/c++/10.3.1/optional:433:22:constexpr bool std::_Optional_base_impl<_Tp, _Dp>::_M_is_engaged() const [with _Tp = long unsigned int; _Dp = std::_Optional_base<long unsigned int, true, true>]	16	static
/home/dgoncas/st/stm32cubeide_1.6.1/plugins/com.st.stm32cube.ide.mcu.externaltools.gnu-tools-for-stm32.10.3-2021.10.linux64_1.0.200.202301161003/tools/arm-none-eabi/include/c++/10.3.1/optional:928:7:constexpr _Tp& std::optional<_Tp>::value() & [with _Tp = long unsigned int]	16	static
/home/dgoncas/st/stm32cubeide_1.6.1/plugins/com.st.stm32cube.ide.mcu.externaltools.gnu-tools-for-stm32.10.3-2021.10.linux64_1.0.200.202301161003/tools/arm-none-eabi/include/c++/10.3.1/bits/stl_vector.h:820:7:std::vector<_Tp, _Alloc>::const_iterator std::vector<_Tp, _Alloc>::begin() const [with _Tp = DLC; _Alloc = std::allocator<DLC>]	24	static
/home/dgoncas/st/stm32cubeide_1.6.1/plugins/com.st.stm32cube.ide.mcu.externaltools.gnu-tools-for-stm32.10.3-2021.10.linux64_1.0.200.202301161003/tools/arm-none-eabi/include/c++/10.3.1/bits/stl_vector.h:838:7:std::vector<_Tp, _Alloc>::const_iterator std::vector<_Tp, _Alloc>::end() const [with _Tp = DLC; _Alloc = std::allocator<DLC>]	24	static
/home/dgoncas/st/stm32cubeide_1.6.1/plugins/com.st.stm32cube.ide.mcu.externaltools.gnu-tools-for-stm32.10.3-2021.10.linux64_1.0.200.202301161003/tools/arm-none-eabi/include/c++/10.3.1/optional:700:2:constexpr std::optional<_Tp>::optional(_Up&&) [with _Up = const long unsigned int&; typename std::enable_if<__and_v<std::__not_<std::is_same<std::optional<_Tp>, typename std::remove_cv<typename std::remove_reference<_Iter>::type>::type> >, std::__not_<std::is_same<std::in_place_t, typename std::remove_cv<typename std::remove_reference<_Iter>::type>::type> >, std::is_constructible<_Tp, _Up&&>, std::is_convertible<_Up&&, _Tp> >, bool>::type <anonymous> = true; _Tp = long unsigned int]	24	static
/home/dgoncas/st/stm32cubeide_1.6.1/plugins/com.st.stm32cube.ide.mcu.externaltools.gnu-tools-for-stm32.10.3-2021.10.linux64_1.0.200.202301161003/tools/arm-none-eabi/include/c++/10.3.1/bits/stl_vector.h:131:2:std::_Vector_base<_Tp, _Alloc>::_Vector_impl::_Vector_impl() [with _Tp = Can*; _Alloc = std::allocator<Can*>]	16	static
/home/dgoncas/st/stm32cubeide_1.6.1/plugins/com.st.stm32cube.ide.mcu.externaltools.gnu-tools-for-stm32.10.3-2021.10.linux64_1.0.200.202301161003/tools/arm-none-eabi/include/c++/10.3.1/bits/allocator.h:182:7:constexpr std::allocator< <template-parameter-1-1> >::~allocator() [with _Tp = Can*]	16	static
/home/dgoncas/st/stm32cubeide_1.6.1/plugins/com.st.stm32cube.ide.mcu.externaltools.gnu-tools-for-stm32.10.3-2021.10.linux64_1.0.200.202301161003/tools/arm-none-eabi/include/c++/10.3.1/bits/stl_vector.h:333:7:std::_Vector_base<_Tp, _Alloc>::~_Vector_base() [with _Tp = Can*; _Alloc = std::allocator<Can*>]	16	static
/home/dgoncas/st/stm32cubeide_1.6.1/plugins/com.st.stm32cube.ide.mcu.externaltools.gnu-tools-for-stm32.10.3-2021.10.linux64_1.0.200.202301161003/tools/arm-none-eabi/include/c++/10.3.1/bits/allocator.h:164:7:constexpr std::allocator< <template-parameter-1-1> >::allocator() [with _Tp = DLC]	16	static
/home/dgoncas/st/stm32cubeide_1.6.1/plugins/com.st.stm32cube.ide.mcu.externaltools.gnu-tools-for-stm32.10.3-2021.10.linux64_1.0.200.202301161003/tools/arm-none-eabi/include/c++/10.3.1/bits/allocator.h:182:7:constexpr std::allocator< <template-parameter-1-1> >::~allocator() [with _Tp = DLC]	16	static
/home/dgoncas/st/stm32cubeide_1.6.1/plugins/com.st.stm32cube.ide.mcu.externaltools.gnu-tools-for-stm32.10.3-2021.10.linux64_1.0.200.202301161003/tools/arm-none-eabi/include/c++/10.3.1/bits/stl_vector.h:625:7:std::vector<_Tp, _Alloc>::vector(std::initializer_list<_Tp>, const allocator_type&) [with _Tp = DLC; _Alloc = std::allocator<DLC>]	40	static
/home/dgoncas/st/stm32cubeide_1.6.1/plugins/com.st.stm32cube.ide.mcu.externaltools.gnu-tools-for-stm32.10.3-2021.10.linux64_1.0.200.202301161003/tools/arm-none-eabi/include/c++/10.3.1/bits/stl_vector.h:678:7:std::vector<_Tp, _Alloc>::~vector() [with _Tp = DLC; _Alloc = std::allocator<DLC>]	24	static
/home/dgoncas/st/stm32cubeide_1.6.1/plugins/com.st.stm32cube.ide.mcu.externaltools.gnu-tools-for-stm32.10.3-2021.10.linux64_1.0.200.202301161003/tools/arm-none-eabi/include/c++/10.3.1/bits/stl_iterator.h:978:7:constexpr __gnu_cxx::__normal_iterator<_Iterator, _Container>::__normal_iterator(const _Iterator&) [with _Iterator = Field<>**; _Container = std::vector<Field<>*>]	16	static
/home/dgoncas/st/stm32cubeide_1.6.1/plugins/com.st.stm32cube.ide.mcu.externaltools.gnu-tools-for-stm32.10.3-2021.10.linux64_1.0.200.202301161003/tools/arm-none-eabi/include/c++/10.3.1/bits/stl_tree.h:1004:7:std::_Rb_tree<_Key, _Val, _KeyOfValue, _Compare, _Alloc>::iterator std::_Rb_tree<_Key, _Val, _KeyOfValue, _Compare, _Alloc>::begin() [with _Key = short unsigned int; _Val = std::pair<const short unsigned int, Packet*>; _KeyOfValue = std::_Select1st<std::pair<const short unsigned int, Packet*> >; _Compare = std::less<short unsigned int>; _Alloc = std::allocator<std::pair<const short unsigned int, Packet*> >]	24	static
/home/dgoncas/st/stm32cubeide_1.6.1/plugins/com.st.stm32cube.ide.mcu.externaltools.gnu-tools-for-stm32.10.3-2021.10.linux64_1.0.200.202301161003/tools/arm-none-eabi/include/c++/10.3.1/bits/stl_tree.h:1012:7:std::_Rb_tree<_Key, _Val, _KeyOfValue, _Compare, _Alloc>::iterator std::_Rb_tree<_Key, _Val, _KeyOfValue, _Compare, _Alloc>::end() [with _Key = short unsigned int; _Val = std::pair<const short unsigned int, Packet*>; _KeyOfValue = std::_Select1st<std::pair<const short unsigned int, Packet*> >; _Compare = std::less<short unsigned int>; _Alloc = std::allocator<std::pair<const short unsigned int, Packet*> >]	24	static
/home/dgoncas/st/stm32cubeide_1.6.1/plugins/com.st.stm32cube.ide.mcu.externaltools.gnu-tools-for-stm32.10.3-2021.10.linux64_1.0.200.202301161003/tools/arm-none-eabi/include/c++/10.3.1/bits/stl_tree.h:234:7:_Val* std::_Rb_tree_node<_Val>::_M_valptr() [with _Val = std::pair<const short unsigned int, Packet*>]	16	static
/home/dgoncas/st/stm32cubeide_1.6.1/plugins/com.st.stm32cube.ide.mcu.externaltools.gnu-tools-for-stm32.10.3-2021.10.linux64_1.0.200.202301161003/tools/arm-none-eabi/include/c++/10.3.1/bits/move.h:101:5:constexpr typename std::remove_reference<_Tp>::type&& std::move(_Tp&&) [with _Tp = Can*&]	16	static
/home/dgoncas/st/stm32cubeide_1.6.1/plugins/com.st.stm32cube.ide.mcu.externaltools.gnu-tools-for-stm32.10.3-2021.10.linux64_1.0.200.202301161003/tools/arm-none-eabi/include/c++/10.3.1/bits/vector.tcc:109:7:) [with _Args = {Can*}; _Tp = Can*; _Alloc = std::allocator<Can*>]	24	static
/home/dgoncas/st/stm32cubeide_1.6.1/plugins/com.st.stm32cube.ide.mcu.externaltools.gnu-tools-for-stm32.10.3-2021.10.linux64_1.0.200.202301161003/tools/arm-none-eabi/include/c++/10.3.1/bits/stl_iterator.h:978:7:constexpr __gnu_cxx::__normal_iterator<_Iterator, _Container>::__normal_iterator(const _Iterator&) [with _Iterator = Can**; _Container = std::vector<Can*>]	16	static
/home/dgoncas/st/stm32cubeide_1.6.1/plugins/com.st.stm32cube.ide.mcu.externaltools.gnu-tools-for-stm32.10.3-2021.10.linux64_1.0.200.202301161003/tools/arm-none-eabi/include/c++/10.3.1/optional:438:7:constexpr _Tp& std::_Optional_base_impl<_Tp, _Dp>::_M_get() [with _Tp = long unsigned int; _Dp = std::_Optional_base<long unsigned int, true, true>]	16	static
/home/dgoncas/st/stm32cubeide_1.6.1/plugins/com.st.stm32cube.ide.mcu.externaltools.gnu-tools-for-stm32.10.3-2021.10.linux64_1.0.200.202301161003/tools/arm-none-eabi/include/c++/10.3.1/bits/stl_iterator.h:978:7:constexpr __gnu_cxx::__normal_iterator<_Iterator, _Container>::__normal_iterator(const _Iterator&) [with _Iterator = const DLC*; _Container = std::vector<DLC>]	16	static
/home/dgoncas/st/stm32cubeide_1.6.1/plugins/com.st.stm32cube.ide.mcu.externaltools.gnu-tools-for-stm32.10.3-2021.10.linux64_1.0.200.202301161003/tools/arm-none-eabi/include/c++/10.3.1/bits/move.h:76:5:constexpr _Tp&& std::forward(typename std::remove_reference<_Tp>::type&) [with _Tp = const long unsigned int&]	16	static
/home/dgoncas/st/stm32cubeide_1.6.1/plugins/com.st.stm32cube.ide.mcu.externaltools.gnu-tools-for-stm32.10.3-2021.10.linux64_1.0.200.202301161003/tools/arm-none-eabi/include/c++/10.3.1/optional:300:42:) [with _Args = {const long unsigned int&}][inherited from std::_Optional_payload_base<long unsigned int>]	32	static
/home/dgoncas/st/stm32cubeide_1.6.1/plugins/com.st.stm32cube.ide.mcu.externaltools.gnu-tools-for-stm32.10.3-2021.10.linux64_1.0.200.202301161003/tools/arm-none-eabi/include/c++/10.3.1/optional:607:28:>, bool>::type <anonymous> = false; _Tp = long unsigned int]	32	static
/home/dgoncas/st/stm32cubeide_1.6.1/plugins/com.st.stm32cube.ide.mcu.externaltools.gnu-tools-for-stm32.10.3-2021.10.linux64_1.0.200.202301161003/tools/arm-none-eabi/include/c++/10.3.1/bits/allocator.h:164:7:constexpr std::allocator< <template-parameter-1-1> >::allocator() [with _Tp = Can*]	16	static
/home/dgoncas/st/stm32cubeide_1.6.1/plugins/com.st.stm32cube.ide.mcu.externaltools.gnu-tools-for-stm32.10.3-2021.10.linux64_1.0.200.202301161003/tools/arm-none-eabi/include/c++/10.3.1/bits/stl_vector.h:97:2:std::_Vector_base<_Tp, _Alloc>::_Vector_impl_data::_Vector_impl_data() [with _Tp = Can*; _Alloc = std::allocator<Can*>]	16	static
/home/dgoncas/st/stm32cubeide_1.6.1/plugins/com.st.stm32cube.ide.mcu.externaltools.gnu-tools-for-stm32.10.3-2021.10.linux64_1.0.200.202301161003/tools/arm-none-eabi/include/c++/10.3.1/bits/stl_vector.h:350:7:void std::_Vector_base<_Tp, _Alloc>::_M_deallocate(std::_Vector_base<_Tp, _Alloc>::pointer, std::size_t) [with _Tp = Can*; _Alloc = std::allocator<Can*>]	24	static
/home/dgoncas/st/stm32cubeide_1.6.1/plugins/com.st.stm32cube.ide.mcu.externaltools.gnu-tools-for-stm32.10.3-2021.10.linux64_1.0.200.202301161003/tools/arm-none-eabi/include/c++/10.3.1/ext/new_allocator.h:79:7:constexpr __gnu_cxx::new_allocator<_Tp>::new_allocator() [with _Tp = DLC]	16	static
/home/dgoncas/st/stm32cubeide_1.6.1/plugins/com.st.stm32cube.ide.mcu.externaltools.gnu-tools-for-stm32.10.3-2021.10.linux64_1.0.200.202301161003/tools/arm-none-eabi/include/c++/10.3.1/bits/stl_vector.h:128:14:constexpr std::_Vector_base<DLC, std::allocator<DLC> >::_Vector_impl::~_Vector_impl()	16	static
/home/dgoncas/st/stm32cubeide_1.6.1/plugins/com.st.stm32cube.ide.mcu.externaltools.gnu-tools-for-stm32.10.3-2021.10.linux64_1.0.200.202301161003/tools/arm-none-eabi/include/c++/10.3.1/bits/stl_vector.h:293:7:std::_Vector_base<_Tp, _Alloc>::_Vector_base(const allocator_type&) [with _Tp = DLC; _Alloc = std::allocator<DLC>]	16	static
/home/dgoncas/st/stm32cubeide_1.6.1/plugins/com.st.stm32cube.ide.mcu.externaltools.gnu-tools-for-stm32.10.3-2021.10.linux64_1.0.200.202301161003/tools/arm-none-eabi/include/c++/10.3.1/bits/stl_vector.h:333:7:std::_Vector_base<_Tp, _Alloc>::~_Vector_base() [with _Tp = DLC; _Alloc = std::allocator<DLC>]	16	static
/home/dgoncas/st/stm32cubeide_1.6.1/plugins/com.st.stm32cube.ide.mcu.externaltools.gnu-tools-for-stm32.10.3-2021.10.linux64_1.0.200.202301161003/tools/arm-none-eabi/include/c++/10.3.1/initializer_list:75:7:constexpr const _E* std::initializer_list<_E>::begin() const [with _E = DLC]	16	static
/home/dgoncas/st/stm32cubeide_1.6.1/plugins/com.st.stm32cube.ide.mcu.externaltools.gnu-tools-for-stm32.10.3-2021.10.linux64_1.0.200.202301161003/tools/arm-none-eabi/include/c++/10.3.1/initializer_list:79:7:constexpr const _E* std::initializer_list<_E>::end() const [with _E = DLC]	24	static
/home/dgoncas/st/stm32cubeide_1.6.1/plugins/com.st.stm32cube.ide.mcu.externaltools.gnu-tools-for-stm32.10.3-2021.10.linux64_1.0.200.202301161003/tools/arm-none-eabi/include/c++/10.3.1/bits/stl_iterator_base_funcs.h:138:5:constexpr typename std::iterator_traits< <template-parameter-1-1> >::difference_type std::distance(_InputIterator, _InputIterator) [with _InputIterator = const DLC*]	24	static
/home/dgoncas/st/stm32cubeide_1.6.1/plugins/com.st.stm32cube.ide.mcu.externaltools.gnu-tools-for-stm32.10.3-2021.10.linux64_1.0.200.202301161003/tools/arm-none-eabi/include/c++/10.3.1/bits/stl_vector.h:1577:2:void std::vector<_Tp, _Alloc>::_M_range_initialize(_ForwardIterator, _ForwardIterator, std::forward_iterator_tag) [with _ForwardIterator = const DLC*; _Tp = DLC; _Alloc = std::allocator<DLC>]	40	static
/home/dgoncas/st/stm32cubeide_1.6.1/plugins/com.st.stm32cube.ide.mcu.externaltools.gnu-tools-for-stm32.10.3-2021.10.linux64_1.0.200.202301161003/tools/arm-none-eabi/include/c++/10.3.1/bits/stl_vector.h:276:7:std::_Vector_base<_Tp, _Alloc>::_Tp_alloc_type& std::_Vector_base<_Tp, _Alloc>::_M_get_Tp_allocator() [with _Tp = DLC; _Alloc = std::allocator<DLC>]	16	static
/home/dgoncas/st/stm32cubeide_1.6.1/plugins/com.st.stm32cube.ide.mcu.externaltools.gnu-tools-for-stm32.10.3-2021.10.linux64_1.0.200.202301161003/tools/arm-none-eabi/include/c++/10.3.1/bits/alloc_traits.h:735:5:void std::_Destroy(_ForwardIterator, _ForwardIterator, std::allocator<_T2>&) [with _ForwardIterator = DLC*; _Tp = DLC]	24	static
/home/dgoncas/st/stm32cubeide_1.6.1/plugins/com.st.stm32cube.ide.mcu.externaltools.gnu-tools-for-stm32.10.3-2021.10.linux64_1.0.200.202301161003/tools/arm-none-eabi/include/c++/10.3.1/bits/stl_tree.h:273:7:std::_Rb_tree_iterator<_Tp>::_Rb_tree_iterator(std::_Rb_tree_iterator<_Tp>::_Base_ptr) [with _Tp = std::pair<const short unsigned int, Packet*>]	16	static
/home/dgoncas/st/stm32cubeide_1.6.1/plugins/com.st.stm32cube.ide.mcu.externaltools.gnu-tools-for-stm32.10.3-2021.10.linux64_1.0.200.202301161003/tools/arm-none-eabi/include/c++/10.3.1/ext/aligned_buffer.h:72:7:_Tp* __gnu_cxx::__aligned_membuf<_Tp>::_M_ptr() [with _Tp = std::pair<const short unsigned int, Packet*>]	16	static
/home/dgoncas/st/stm32cubeide_1.6.1/plugins/com.st.stm32cube.ide.mcu.externaltools.gnu-tools-for-stm32.10.3-2021.10.linux64_1.0.200.202301161003/tools/arm-none-eabi/include/c++/10.3.1/bits/move.h:76:5:constexpr _Tp&& std::forward(typename std::remove_reference<_Tp>::type&) [with _Tp = Can*]	16	static
/home/dgoncas/st/stm32cubeide_1.6.1/plugins/com.st.stm32cube.ide.mcu.externaltools.gnu-tools-for-stm32.10.3-2021.10.linux64_1.0.200.202301161003/tools/arm-none-eabi/include/c++/10.3.1/bits/stl_construct.h:94:5:) [with _Tp = Can*; _Args = {Can*}]	24	static
/home/dgoncas/st/stm32cubeide_1.6.1/plugins/com.st.stm32cube.ide.mcu.externaltools.gnu-tools-for-stm32.10.3-2021.10.linux64_1.0.200.202301161003/tools/arm-none-eabi/include/c++/10.3.1/bits/alloc_traits.h:507:2:) [with _Up = Can*; _Args = {Can*}; _Tp = Can*]	24	static
/home/dgoncas/st/stm32cubeide_1.6.1/plugins/com.st.stm32cube.ide.mcu.externaltools.gnu-tools-for-stm32.10.3-2021.10.linux64_1.0.200.202301161003/tools/arm-none-eabi/include/c++/10.3.1/bits/vector.tcc:426:7:) [with _Args = {Can*}; _Tp = Can*; _Alloc = std::allocator<Can*>]	64	static
/home/dgoncas/st/stm32cubeide_1.6.1/plugins/com.st.stm32cube.ide.mcu.externaltools.gnu-tools-for-stm32.10.3-2021.10.linux64_1.0.200.202301161003/tools/arm-none-eabi/include/c++/10.3.1/bits/stl_vector.h:1143:7:std::vector<_Tp, _Alloc>::reference std::vector<_Tp, _Alloc>::back() [with _Tp = Can*; _Alloc = std::allocator<Can*>]	24	static
/home/dgoncas/st/stm32cubeide_1.6.1/plugins/com.st.stm32cube.ide.mcu.externaltools.gnu-tools-for-stm32.10.3-2021.10.linux64_1.0.200.202301161003/tools/arm-none-eabi/include/c++/10.3.1/optional:267:7:constexpr _Tp& std::_Optional_payload_base<_Tp>::_M_get() [with _Tp = long unsigned int]	16	static
/home/dgoncas/st/stm32cubeide_1.6.1/plugins/com.st.stm32cube.ide.mcu.externaltools.gnu-tools-for-stm32.10.3-2021.10.linux64_1.0.200.202301161003/tools/arm-none-eabi/include/c++/10.3.1/optional:203:6:) [with _Args = {const long unsigned int&}; _Up = long unsigned int; bool <anonymous> = true; _Tp = long unsigned int]	24	static
/home/dgoncas/st/stm32cubeide_1.6.1/plugins/com.st.stm32cube.ide.mcu.externaltools.gnu-tools-for-stm32.10.3-2021.10.linux64_1.0.200.202301161003/tools/arm-none-eabi/include/c++/10.3.1/optional:115:2:) [with _Args = {const long unsigned int&}; _Tp = long unsigned int]	32	static
/home/dgoncas/st/stm32cubeide_1.6.1/plugins/com.st.stm32cube.ide.mcu.externaltools.gnu-tools-for-stm32.10.3-2021.10.linux64_1.0.200.202301161003/tools/arm-none-eabi/include/c++/10.3.1/ext/new_allocator.h:79:7:constexpr __gnu_cxx::new_allocator<_Tp>::new_allocator() [with _Tp = Can*]	16	static
/home/dgoncas/st/stm32cubeide_1.6.1/plugins/com.st.stm32cube.ide.mcu.externaltools.gnu-tools-for-stm32.10.3-2021.10.linux64_1.0.200.202301161003/tools/arm-none-eabi/include/c++/10.3.1/bits/alloc_traits.h:491:7:static constexpr void std::allocator_traits<std::allocator<_Up> >::deallocate(std::allocator_traits<std::allocator<_Up> >::allocator_type&, std::allocator_traits<std::allocator<_Up> >::pointer, std::allocator_traits<std::allocator<_Up> >::size_type) [with _Tp = Can*]	40	static
/home/dgoncas/st/stm32cubeide_1.6.1/plugins/com.st.stm32cube.ide.mcu.externaltools.gnu-tools-for-stm32.10.3-2021.10.linux64_1.0.200.202301161003/tools/arm-none-eabi/include/c++/10.3.1/bits/stl_vector.h:136:2:std::_Vector_base<_Tp, _Alloc>::_Vector_impl::_Vector_impl(const _Tp_alloc_type&) [with _Tp = DLC; _Alloc = std::allocator<DLC>]	16	static
/home/dgoncas/st/stm32cubeide_1.6.1/plugins/com.st.stm32cube.ide.mcu.externaltools.gnu-tools-for-stm32.10.3-2021.10.linux64_1.0.200.202301161003/tools/arm-none-eabi/include/c++/10.3.1/bits/stl_vector.h:350:7:void std::_Vector_base<_Tp, _Alloc>::_M_deallocate(std::_Vector_base<_Tp, _Alloc>::pointer, std::size_t) [with _Tp = DLC; _Alloc = std::allocator<DLC>]	24	static
/home/dgoncas/st/stm32cubeide_1.6.1/plugins/com.st.stm32cube.ide.mcu.externaltools.gnu-tools-for-stm32.10.3-2021.10.linux64_1.0.200.202301161003/tools/arm-none-eabi/include/c++/10.3.1/initializer_list:71:7:constexpr std::initializer_list<_E>::size_type std::initializer_list<_E>::size() const [with _E = DLC]	16	static
/home/dgoncas/st/stm32cubeide_1.6.1/plugins/com.st.stm32cube.ide.mcu.externaltools.gnu-tools-for-stm32.10.3-2021.10.linux64_1.0.200.202301161003/tools/arm-none-eabi/include/c++/10.3.1/bits/stl_iterator_base_types.h:238:5:constexpr typename std::iterator_traits< <template-parameter-1-1> >::iterator_category std::__iterator_category(const _Iter&) [with _Iter = const DLC*]	16	static
/home/dgoncas/st/stm32cubeide_1.6.1/plugins/com.st.stm32cube.ide.mcu.externaltools.gnu-tools-for-stm32.10.3-2021.10.linux64_1.0.200.202301161003/tools/arm-none-eabi/include/c++/10.3.1/bits/stl_iterator_base_funcs.h:98:5:constexpr typename std::iterator_traits< <template-parameter-1-1> >::difference_type std::__distance(_RandomAccessIterator, _RandomAccessIterator, std::random_access_iterator_tag) [with _RandomAccessIterator = const DLC*]	24	static
/home/dgoncas/st/stm32cubeide_1.6.1/plugins/com.st.stm32cube.ide.mcu.externaltools.gnu-tools-for-stm32.10.3-2021.10.linux64_1.0.200.202301161003/tools/arm-none-eabi/include/c++/10.3.1/bits/stl_vector.h:1767:7:static std::vector<_Tp, _Alloc>::size_type std::vector<_Tp, _Alloc>::_S_check_init_len(std::vector<_Tp, _Alloc>::size_type, const allocator_type&) [with _Tp = DLC; _Alloc = std::allocator<DLC>]	32	static
/home/dgoncas/st/stm32cubeide_1.6.1/plugins/com.st.stm32cube.ide.mcu.externaltools.gnu-tools-for-stm32.10.3-2021.10.linux64_1.0.200.202301161003/tools/arm-none-eabi/include/c++/10.3.1/bits/stl_vector.h:343:7:std::_Vector_base<_Tp, _Alloc>::pointer std::_Vector_base<_Tp, _Alloc>::_M_allocate(std::size_t) [with _Tp = DLC; _Alloc = std::allocator<DLC>]	16	static
/home/dgoncas/st/stm32cubeide_1.6.1/plugins/com.st.stm32cube.ide.mcu.externaltools.gnu-tools-for-stm32.10.3-2021.10.linux64_1.0.200.202301161003/tools/arm-none-eabi/include/c++/10.3.1/bits/stl_uninitialized.h:323:5:_ForwardIterator std::__uninitialized_copy_a(_InputIterator, _InputIterator, _ForwardIterator, std::allocator<_Tp>&) [with _InputIterator = const DLC*; _ForwardIterator = DLC*; _Tp = DLC]	24	static
/home/dgoncas/st/stm32cubeide_1.6.1/plugins/com.st.stm32cube.ide.mcu.externaltools.gnu-tools-for-stm32.10.3-2021.10.linux64_1.0.200.202301161003/tools/arm-none-eabi/include/c++/10.3.1/bits/stl_construct.h:171:5:constexpr void std::_Destroy(_ForwardIterator, _ForwardIterator) [with _ForwardIterator = DLC*]	16	static
/home/dgoncas/st/stm32cubeide_1.6.1/plugins/com.st.stm32cube.ide.mcu.externaltools.gnu-tools-for-stm32.10.3-2021.10.linux64_1.0.200.202301161003/tools/arm-none-eabi/include/c++/10.3.1/ext/aligned_buffer.h:64:7:void* __gnu_cxx::__aligned_membuf<_Tp>::_M_addr() [with _Tp = std::pair<const short unsigned int, Packet*>]	16	static
/home/dgoncas/st/stm32cubeide_1.6.1/plugins/com.st.stm32cube.ide.mcu.externaltools.gnu-tools-for-stm32.10.3-2021.10.linux64_1.0.200.202301161003/tools/arm-none-eabi/include/c++/10.3.1/bits/stl_vector.h:1756:7:std::vector<_Tp, _Alloc>::size_type std::vector<_Tp, _Alloc>::_M_check_len(std::vector<_Tp, _Alloc>::size_type, const char*) const [with _Tp = Can*; _Alloc = std::allocator<Can*>]	40	static
/home/dgoncas/st/stm32cubeide_1.6.1/plugins/com.st.stm32cube.ide.mcu.externaltools.gnu-tools-for-stm32.10.3-2021.10.linux64_1.0.200.202301161003/tools/arm-none-eabi/include/c++/10.3.1/bits/stl_iterator.h:1202:5:constexpr typename __gnu_cxx::__normal_iterator<_Iterator, _Container>::difference_type __gnu_cxx::operator-(const __gnu_cxx::__normal_iterator<_Iterator, _Container>&, const __gnu_cxx::__normal_iterator<_Iterator, _Container>&) [with _Iterator = Can**; _Container = std::vector<Can*>]	24	static
/home/dgoncas/st/stm32cubeide_1.6.1/plugins/com.st.stm32cube.ide.mcu.externaltools.gnu-tools-for-stm32.10.3-2021.10.linux64_1.0.200.202301161003/tools/arm-none-eabi/include/c++/10.3.1/bits/stl_vector.h:343:7:std::_Vector_base<_Tp, _Alloc>::pointer std::_Vector_base<_Tp, _Alloc>::_M_allocate(std::size_t) [with _Tp = Can*; _Alloc = std::allocator<Can*>]	16	static
/home/dgoncas/st/stm32cubeide_1.6.1/plugins/com.st.stm32cube.ide.mcu.externaltools.gnu-tools-for-stm32.10.3-2021.10.linux64_1.0.200.202301161003/tools/arm-none-eabi/include/c++/10.3.1/bits/stl_vector.h:465:7:static std::vector<_Tp, _Alloc>::pointer std::vector<_Tp, _Alloc>::_S_relocate(std::vector<_Tp, _Alloc>::pointer, std::vector<_Tp, _Alloc>::pointer, std::vector<_Tp, _Alloc>::pointer, std::vector<_Tp, _Alloc>::_Tp_alloc_type&) [with _Tp = Can*; _Alloc = std::allocator<Can*>]	40	static
/home/dgoncas/st/stm32cubeide_1.6.1/plugins/com.st.stm32cube.ide.mcu.externaltools.gnu-tools-for-stm32.10.3-2021.10.linux64_1.0.200.202301161003/tools/arm-none-eabi/include/c++/10.3.1/bits/stl_vector.h:276:7:std::_Vector_base<_Tp, _Alloc>::_Tp_alloc_type& std::_Vector_base<_Tp, _Alloc>::_M_get_Tp_allocator() [with _Tp = Can*; _Alloc = std::allocator<Can*>]	16	static
/home/dgoncas/st/stm32cubeide_1.6.1/plugins/com.st.stm32cube.ide.mcu.externaltools.gnu-tools-for-stm32.10.3-2021.10.linux64_1.0.200.202301161003/tools/arm-none-eabi/include/c++/10.3.1/bits/alloc_traits.h:735:5:void std::_Destroy(_ForwardIterator, _ForwardIterator, std::allocator<_T2>&) [with _ForwardIterator = Can**; _Tp = Can*]	24	static
/home/dgoncas/st/stm32cubeide_1.6.1/plugins/com.st.stm32cube.ide.mcu.externaltools.gnu-tools-for-stm32.10.3-2021.10.linux64_1.0.200.202301161003/tools/arm-none-eabi/include/c++/10.3.1/bits/stl_iterator.h:1051:7:constexpr __gnu_cxx::__normal_iterator<_Iterator, _Container> __gnu_cxx::__normal_iterator<_Iterator, _Container>::operator-(__gnu_cxx::__normal_iterator<_Iterator, _Container>::difference_type) const [with _Iterator = Can**; _Container = std::vector<Can*>]	24	static
/home/dgoncas/st/stm32cubeide_1.6.1/plugins/com.st.stm32cube.ide.mcu.externaltools.gnu-tools-for-stm32.10.3-2021.10.linux64_1.0.200.202301161003/tools/arm-none-eabi/include/c++/10.3.1/bits/allocator.h:167:7:constexpr std::allocator< <template-parameter-1-1> >::allocator(const std::allocator< <template-parameter-1-1> >&) [with _Tp = DLC]	16	static
/home/dgoncas/st/stm32cubeide_1.6.1/plugins/com.st.stm32cube.ide.mcu.externaltools.gnu-tools-for-stm32.10.3-2021.10.linux64_1.0.200.202301161003/tools/arm-none-eabi/include/c++/10.3.1/bits/stl_vector.h:97:2:std::_Vector_base<_Tp, _Alloc>::_Vector_impl_data::_Vector_impl_data() [with _Tp = DLC; _Alloc = std::allocator<DLC>]	16	static
/home/dgoncas/st/stm32cubeide_1.6.1/plugins/com.st.stm32cube.ide.mcu.externaltools.gnu-tools-for-stm32.10.3-2021.10.linux64_1.0.200.202301161003/tools/arm-none-eabi/include/c++/10.3.1/bits/alloc_traits.h:491:7:static constexpr void std::allocator_traits<std::allocator<_Up> >::deallocate(std::allocator_traits<std::allocator<_Up> >::allocator_type&, std::allocator_traits<std::allocator<_Up> >::pointer, std::allocator_traits<std::allocator<_Up> >::size_type) [with _Tp = DLC]	40	static
/home/dgoncas/st/stm32cubeide_1.6.1/plugins/com.st.stm32cube.ide.mcu.externaltools.gnu-tools-for-stm32.10.3-2021.10.linux64_1.0.200.202301161003/tools/arm-none-eabi/include/c++/10.3.1/bits/alloc_traits.h:543:7:static constexpr std::allocator_traits<std::allocator<_Up> >::size_type std::allocator_traits<std::allocator<_Up> >::max_size(const allocator_type&) [with _Tp = DLC]	16	static
/home/dgoncas/st/stm32cubeide_1.6.1/plugins/com.st.stm32cube.ide.mcu.externaltools.gnu-tools-for-stm32.10.3-2021.10.linux64_1.0.200.202301161003/tools/arm-none-eabi/include/c++/10.3.1/bits/stl_vector.h:1776:7:static std::vector<_Tp, _Alloc>::size_type std::vector<_Tp, _Alloc>::_S_max_size(const _Tp_alloc_type&) [with _Tp = DLC; _Alloc = std::allocator<DLC>]	24	static
/home/dgoncas/st/stm32cubeide_1.6.1/plugins/com.st.stm32cube.ide.mcu.externaltools.gnu-tools-for-stm32.10.3-2021.10.linux64_1.0.200.202301161003/tools/arm-none-eabi/include/c++/10.3.1/bits/alloc_traits.h:459:7:static constexpr _Tp* std::allocator_traits<std::allocator<_Up> >::allocate(std::allocator_traits<std::allocator<_Up> >::allocator_type&, std::allocator_traits<std::allocator<_Up> >::size_type) [with _Tp = DLC]	24	static
/home/dgoncas/st/stm32cubeide_1.6.1/plugins/com.st.stm32cube.ide.mcu.externaltools.gnu-tools-for-stm32.10.3-2021.10.linux64_1.0.200.202301161003/tools/arm-none-eabi/include/c++/10.3.1/bits/stl_uninitialized.h:125:5:_ForwardIterator std::uninitialized_copy(_InputIterator, _InputIterator, _ForwardIterator) [with _InputIterator = const DLC*; _ForwardIterator = DLC*]	32	static
/home/dgoncas/st/stm32cubeide_1.6.1/plugins/com.st.stm32cube.ide.mcu.externaltools.gnu-tools-for-stm32.10.3-2021.10.linux64_1.0.200.202301161003/tools/arm-none-eabi/include/c++/10.3.1/bits/stl_construct.h:149:2:static constexpr void std::_Destroy_aux<<anonymous> >::__destroy(_ForwardIterator, _ForwardIterator) [with _ForwardIterator = DLC*; bool <anonymous> = false]	16	static
/home/dgoncas/st/stm32cubeide_1.6.1/plugins/com.st.stm32cube.ide.mcu.externaltools.gnu-tools-for-stm32.10.3-2021.10.linux64_1.0.200.202301161003/tools/arm-none-eabi/include/c++/10.3.1/bits/stl_construct.h:161:9:static void std::_Destroy_aux<true>::__destroy(_ForwardIterator, _ForwardIterator) [with _ForwardIterator = DLC*]	16	static
/home/dgoncas/st/stm32cubeide_1.6.1/plugins/com.st.stm32cube.ide.mcu.externaltools.gnu-tools-for-stm32.10.3-2021.10.linux64_1.0.200.202301161003/tools/arm-none-eabi/include/c++/10.3.1/bits/stl_vector.h:923:7:std::vector<_Tp, _Alloc>::size_type std::vector<_Tp, _Alloc>::max_size() const [with _Tp = Can*; _Alloc = std::allocator<Can*>]	16	static
/home/dgoncas/st/stm32cubeide_1.6.1/plugins/com.st.stm32cube.ide.mcu.externaltools.gnu-tools-for-stm32.10.3-2021.10.linux64_1.0.200.202301161003/tools/arm-none-eabi/include/c++/10.3.1/bits/stl_vector.h:918:7:std::vector<_Tp, _Alloc>::size_type std::vector<_Tp, _Alloc>::size() const [with _Tp = Can*; _Alloc = std::allocator<Can*>]	16	static
/home/dgoncas/st/stm32cubeide_1.6.1/plugins/com.st.stm32cube.ide.mcu.externaltools.gnu-tools-for-stm32.10.3-2021.10.linux64_1.0.200.202301161003/tools/arm-none-eabi/include/c++/10.3.1/bits/alloc_traits.h:459:7:static constexpr _Tp* std::allocator_traits<std::allocator<_Up> >::allocate(std::allocator_traits<std::allocator<_Up> >::allocator_type&, std::allocator_traits<std::allocator<_Up> >::size_type) [with _Tp = Can*]	24	static
/home/dgoncas/st/stm32cubeide_1.6.1/plugins/com.st.stm32cube.ide.mcu.externaltools.gnu-tools-for-stm32.10.3-2021.10.linux64_1.0.200.202301161003/tools/arm-none-eabi/include/c++/10.3.1/bits/stl_vector.h:453:7:static std::vector<_Tp, _Alloc>::pointer std::vector<_Tp, _Alloc>::_S_do_relocate(std::vector<_Tp, _Alloc>::pointer, std::vector<_Tp, _Alloc>::pointer, std::vector<_Tp, _Alloc>::pointer, std::vector<_Tp, _Alloc>::_Tp_alloc_type&, std::true_type) [with _Tp = Can*; _Alloc = std::allocator<Can*>]	24	static
/home/dgoncas/st/stm32cubeide_1.6.1/plugins/com.st.stm32cube.ide.mcu.externaltools.gnu-tools-for-stm32.10.3-2021.10.linux64_1.0.200.202301161003/tools/arm-none-eabi/include/c++/10.3.1/bits/stl_construct.h:80:5:constexpr void std::destroy_at(_Tp*) [with _Tp = Can*]	16	static
/home/dgoncas/st/stm32cubeide_1.6.1/plugins/com.st.stm32cube.ide.mcu.externaltools.gnu-tools-for-stm32.10.3-2021.10.linux64_1.0.200.202301161003/tools/arm-none-eabi/include/c++/10.3.1/bits/stl_construct.h:171:5:constexpr void std::_Destroy(_ForwardIterator, _ForwardIterator) [with _ForwardIterator = Can**]	16	static
/home/dgoncas/st/stm32cubeide_1.6.1/plugins/com.st.stm32cube.ide.mcu.externaltools.gnu-tools-for-stm32.10.3-2021.10.linux64_1.0.200.202301161003/tools/arm-none-eabi/include/c++/10.3.1/ext/new_allocator.h:126:7:void __gnu_cxx::new_allocator<_Tp>::deallocate(_Tp*, __gnu_cxx::new_allocator<_Tp>::size_type) [with _Tp = Can*]	24	static
/home/dgoncas/st/stm32cubeide_1.6.1/plugins/com.st.stm32cube.ide.mcu.externaltools.gnu-tools-for-stm32.10.3-2021.10.linux64_1.0.200.202301161003/tools/arm-none-eabi/include/c++/10.3.1/ext/new_allocator.h:82:7:constexpr __gnu_cxx::new_allocator<_Tp>::new_allocator(const __gnu_cxx::new_allocator<_Tp>&) [with _Tp = DLC]	16	static
/home/dgoncas/st/stm32cubeide_1.6.1/plugins/com.st.stm32cube.ide.mcu.externaltools.gnu-tools-for-stm32.10.3-2021.10.linux64_1.0.200.202301161003/tools/arm-none-eabi/include/c++/10.3.1/bits/stl_uninitialized.h:107:9:static _ForwardIterator std::__uninitialized_copy<true>::__uninit_copy(_InputIterator, _InputIterator, _ForwardIterator) [with _InputIterator = const DLC*; _ForwardIterator = DLC*]	24	static
/home/dgoncas/st/stm32cubeide_1.6.1/plugins/com.st.stm32cube.ide.mcu.externaltools.gnu-tools-for-stm32.10.3-2021.10.linux64_1.0.200.202301161003/tools/arm-none-eabi/include/c++/10.3.1/bits/move.h:49:5:constexpr _Tp* std::__addressof(_Tp&) [with _Tp = DLC]	16	static
/home/dgoncas/st/stm32cubeide_1.6.1/plugins/com.st.stm32cube.ide.mcu.externaltools.gnu-tools-for-stm32.10.3-2021.10.linux64_1.0.200.202301161003/tools/arm-none-eabi/include/c++/10.3.1/bits/stl_construct.h:135:5:constexpr void std::_Destroy(_Tp*) [with _Tp = DLC]	16	static
/home/dgoncas/st/stm32cubeide_1.6.1/plugins/com.st.stm32cube.ide.mcu.externaltools.gnu-tools-for-stm32.10.3-2021.10.linux64_1.0.200.202301161003/tools/arm-none-eabi/include/c++/10.3.1/bits/alloc_traits.h:543:7:static constexpr std::allocator_traits<std::allocator<_Up> >::size_type std::allocator_traits<std::allocator<_Up> >::max_size(const allocator_type&) [with _Tp = Can*]	16	static
/home/dgoncas/st/stm32cubeide_1.6.1/plugins/com.st.stm32cube.ide.mcu.externaltools.gnu-tools-for-stm32.10.3-2021.10.linux64_1.0.200.202301161003/tools/arm-none-eabi/include/c++/10.3.1/bits/stl_vector.h:1776:7:static std::vector<_Tp, _Alloc>::size_type std::vector<_Tp, _Alloc>::_S_max_size(const _Tp_alloc_type&) [with _Tp = Can*; _Alloc = std::allocator<Can*>]	24	static
/home/dgoncas/st/stm32cubeide_1.6.1/plugins/com.st.stm32cube.ide.mcu.externaltools.gnu-tools-for-stm32.10.3-2021.10.linux64_1.0.200.202301161003/tools/arm-none-eabi/include/c++/10.3.1/bits/stl_vector.h:280:7:const _Tp_alloc_type& std::_Vector_base<_Tp, _Alloc>::_M_get_Tp_allocator() const [with _Tp = Can*; _Alloc = std::allocator<Can*>]	16	static
/home/dgoncas/st/stm32cubeide_1.6.1/plugins/com.st.stm32cube.ide.mcu.externaltools.gnu-tools-for-stm32.10.3-2021.10.linux64_1.0.200.202301161003/tools/arm-none-eabi/include/c++/10.3.1/bits/stl_uninitialized.h:1022:5:_ForwardIterator std::__relocate_a(_InputIterator, _InputIterator, _ForwardIterator, _Allocator&) [with _InputIterator = Can**; _ForwardIterator = Can**; _Allocator = std::allocator<Can*>]	32	static
/home/dgoncas/st/stm32cubeide_1.6.1/plugins/com.st.stm32cube.ide.mcu.externaltools.gnu-tools-for-stm32.10.3-2021.10.linux64_1.0.200.202301161003/tools/arm-none-eabi/include/c++/10.3.1/bits/stl_construct.h:149:2:static constexpr void std::_Destroy_aux<<anonymous> >::__destroy(_ForwardIterator, _ForwardIterator) [with _ForwardIterator = Can**; bool <anonymous> = false]	16	static
/home/dgoncas/st/stm32cubeide_1.6.1/plugins/com.st.stm32cube.ide.mcu.externaltools.gnu-tools-for-stm32.10.3-2021.10.linux64_1.0.200.202301161003/tools/arm-none-eabi/include/c++/10.3.1/bits/stl_construct.h:161:9:static void std::_Destroy_aux<true>::__destroy(_ForwardIterator, _ForwardIterator) [with _ForwardIterator = Can**]	16	static
/home/dgoncas/st/stm32cubeide_1.6.1/plugins/com.st.stm32cube.ide.mcu.externaltools.gnu-tools-for-stm32.10.3-2021.10.linux64_1.0.200.202301161003/tools/arm-none-eabi/include/c++/10.3.1/ext/new_allocator.h:126:7:void __gnu_cxx::new_allocator<_Tp>::deallocate(_Tp*, __gnu_cxx::new_allocator<_Tp>::size_type) [with _Tp = DLC]	24	static
/home/dgoncas/st/stm32cubeide_1.6.1/plugins/com.st.stm32cube.ide.mcu.externaltools.gnu-tools-for-stm32.10.3-2021.10.linux64_1.0.200.202301161003/tools/arm-none-eabi/include/c++/10.3.1/ext/new_allocator.h:103:7:_Tp* __gnu_cxx::new_allocator<_Tp>::allocate(__gnu_cxx::new_allocator<_Tp>::size_type, const void*) [with _Tp = DLC]	24	static
/home/dgoncas/st/stm32cubeide_1.6.1/plugins/com.st.stm32cube.ide.mcu.externaltools.gnu-tools-for-stm32.10.3-2021.10.linux64_1.0.200.202301161003/tools/arm-none-eabi/include/c++/10.3.1/bits/stl_algobase.h:560:5:constexpr _OI std::copy(_II, _II, _OI) [with _II = const DLC*; _OI = DLC*]	32	static
/home/dgoncas/st/stm32cubeide_1.6.1/plugins/com.st.stm32cube.ide.mcu.externaltools.gnu-tools-for-stm32.10.3-2021.10.linux64_1.0.200.202301161003/tools/arm-none-eabi/include/c++/10.3.1/bits/stl_construct.h:80:5:constexpr void std::destroy_at(_Tp*) [with _Tp = DLC]	16	static
/home/dgoncas/st/stm32cubeide_1.6.1/plugins/com.st.stm32cube.ide.mcu.externaltools.gnu-tools-for-stm32.10.3-2021.10.linux64_1.0.200.202301161003/tools/arm-none-eabi/include/c++/10.3.1/ext/new_allocator.h:103:7:_Tp* __gnu_cxx::new_allocator<_Tp>::allocate(__gnu_cxx::new_allocator<_Tp>::size_type, const void*) [with _Tp = Can*]	24	static
/home/dgoncas/st/stm32cubeide_1.6.1/plugins/com.st.stm32cube.ide.mcu.externaltools.gnu-tools-for-stm32.10.3-2021.10.linux64_1.0.200.202301161003/tools/arm-none-eabi/include/c++/10.3.1/bits/stl_algobase.h:313:5:constexpr _Iterator std::__niter_base(_Iterator) [with _Iterator = Can**]	16	static
/home/dgoncas/st/stm32cubeide_1.6.1/plugins/com.st.stm32cube.ide.mcu.externaltools.gnu-tools-for-stm32.10.3-2021.10.linux64_1.0.200.202301161003/tools/arm-none-eabi/include/c++/10.3.1/bits/stl_uninitialized.h:988:5:std::__enable_if_t<std::__is_bitwise_relocatable<_Tp>::value, _Tp*> std::__relocate_a_1(_Tp*, _Tp*, _Tp*, std::allocator<_T2>&) [with _Tp = Can*; _Up = Can*]	32	static
/home/dgoncas/st/stm32cubeide_1.6.1/plugins/com.st.stm32cube.ide.mcu.externaltools.gnu-tools-for-stm32.10.3-2021.10.linux64_1.0.200.202301161003/tools/arm-none-eabi/include/c++/10.3.1/bits/move.h:49:5:constexpr _Tp* std::__addressof(_Tp&) [with _Tp = Can*]	16	static
/home/dgoncas/st/stm32cubeide_1.6.1/plugins/com.st.stm32cube.ide.mcu.externaltools.gnu-tools-for-stm32.10.3-2021.10.linux64_1.0.200.202301161003/tools/arm-none-eabi/include/c++/10.3.1/bits/stl_construct.h:135:5:constexpr void std::_Destroy(_Tp*) [with _Tp = Can*]	16	static
/home/dgoncas/st/stm32cubeide_1.6.1/plugins/com.st.stm32cube.ide.mcu.externaltools.gnu-tools-for-stm32.10.3-2021.10.linux64_1.0.200.202301161003/tools/arm-none-eabi/include/c++/10.3.1/ext/new_allocator.h:191:7:constexpr __gnu_cxx::new_allocator<_Tp>::size_type __gnu_cxx::new_allocator<_Tp>::_M_max_size() const [with _Tp = DLC]	16	static
/home/dgoncas/st/stm32cubeide_1.6.1/plugins/com.st.stm32cube.ide.mcu.externaltools.gnu-tools-for-stm32.10.3-2021.10.linux64_1.0.200.202301161003/tools/arm-none-eabi/include/c++/10.3.1/bits/cpp_type_traits.h:544:5:constexpr _Iterator std::__miter_base(_Iterator) [with _Iterator = const DLC*]	16	static
/home/dgoncas/st/stm32cubeide_1.6.1/plugins/com.st.stm32cube.ide.mcu.externaltools.gnu-tools-for-stm32.10.3-2021.10.linux64_1.0.200.202301161003/tools/arm-none-eabi/include/c++/10.3.1/bits/stl_algobase.h:511:5:constexpr _OI std::__copy_move_a(_II, _II, _OI) [with bool _IsMove = false; _II = const DLC*; _OI = DLC*]	32	static
/home/dgoncas/st/stm32cubeide_1.6.1/plugins/com.st.stm32cube.ide.mcu.externaltools.gnu-tools-for-stm32.10.3-2021.10.linux64_1.0.200.202301161003/tools/arm-none-eabi/include/c++/10.3.1/ext/new_allocator.h:191:7:constexpr __gnu_cxx::new_allocator<_Tp>::size_type __gnu_cxx::new_allocator<_Tp>::_M_max_size() const [with _Tp = Can*]	16	static
/home/dgoncas/st/stm32cubeide_1.6.1/plugins/com.st.stm32cube.ide.mcu.externaltools.gnu-tools-for-stm32.10.3-2021.10.linux64_1.0.200.202301161003/tools/arm-none-eabi/include/c++/10.3.1/bits/stl_algobase.h:313:5:constexpr _Iterator std::__niter_base(_Iterator) [with _Iterator = const DLC*]	16	static
/home/dgoncas/st/stm32cubeide_1.6.1/plugins/com.st.stm32cube.ide.mcu.externaltools.gnu-tools-for-stm32.10.3-2021.10.linux64_1.0.200.202301161003/tools/arm-none-eabi/include/c++/10.3.1/bits/stl_algobase.h:313:5:constexpr _Iterator std::__niter_base(_Iterator) [with _Iterator = DLC*]	16	static
/home/dgoncas/st/stm32cubeide_1.6.1/plugins/com.st.stm32cube.ide.mcu.externaltools.gnu-tools-for-stm32.10.3-2021.10.linux64_1.0.200.202301161003/tools/arm-none-eabi/include/c++/10.3.1/bits/stl_algobase.h:505:5:constexpr _OI std::__copy_move_a1(_II, _II, _OI) [with bool _IsMove = false; _II = const DLC*; _OI = DLC*]	24	static
/home/dgoncas/st/stm32cubeide_1.6.1/plugins/com.st.stm32cube.ide.mcu.externaltools.gnu-tools-for-stm32.10.3-2021.10.linux64_1.0.200.202301161003/tools/arm-none-eabi/include/c++/10.3.1/bits/stl_algobase.h:330:5:constexpr _Iterator std::__niter_wrap(const _Iterator&, _Iterator) [with _Iterator = DLC*]	16	static
/home/dgoncas/st/stm32cubeide_1.6.1/plugins/com.st.stm32cube.ide.mcu.externaltools.gnu-tools-for-stm32.10.3-2021.10.linux64_1.0.200.202301161003/tools/arm-none-eabi/include/c++/10.3.1/bits/stl_algobase.h:463:5:constexpr _OI std::__copy_move_a2(_II, _II, _OI) [with bool _IsMove = false; _II = const DLC*; _OI = DLC*]	24	static
/home/dgoncas/st/stm32cubeide_1.6.1/plugins/com.st.stm32cube.ide.mcu.externaltools.gnu-tools-for-stm32.10.3-2021.10.linux64_1.0.200.202301161003/tools/arm-none-eabi/include/c++/10.3.1/bits/stl_algobase.h:375:2:static constexpr _OI std::__copy_move<false, false, std::random_access_iterator_tag>::__copy_m(_II, _II, _OI) [with _II = const DLC*; _OI = DLC*]	32	static
/home/dgoncas/st/stm32cubeide_1.6.1/plugins/com.st.stm32cube.ide.mcu.externaltools.gnu-tools-for-stm32.10.3-2021.10.linux64_1.0.200.202301161003/tools/arm-none-eabi/include/c++/10.3.1/bits/stl_algobase.h:415:2:static constexpr _Tp* std::__copy_move<_IsMove, true, std::random_access_iterator_tag>::__copy_m(const _Tp*, const _Tp*, _Tp*) [with _Tp = DLC; bool _IsMove = false]	32	static
../Core/Src/Mini-STLIB/Can.cpp:127:2:void __static_initialization_and_destruction_0(int, int)	160	static
/home/dgoncas/st/stm32cubeide_1.6.1/plugins/com.st.stm32cube.ide.mcu.externaltools.gnu-tools-for-stm32.10.3-2021.10.linux64_1.0.200.202301161003/tools/arm-none-eabi/include/c++/10.3.1/bits/stl_vector.h:678:7:std::vector<_Tp, _Alloc>::~vector() [with _Tp = Can*; _Alloc = std::allocator<Can*>]	24	static
../Core/Src/Mini-STLIB/Can.cpp:127:2:cpp)	8	static
../Core/Src/Mini-STLIB/Can.cpp:127:2:cpp)	8	static
