/home/dgoncas/st/stm32cubeide_1.6.1/plugins/com.st.stm32cube.ide.mcu.externaltools.gnu-tools-for-stm32.10.3-2021.10.linux64_1.0.100.202210260954/tools/arm-none-eabi/include/c++/10.3.1/type_traits:3291:3:constexpr bool std::is_constant_evaluated()	4	static
/home/dgoncas/st/stm32cubeide_1.6.1/plugins/com.st.stm32cube.ide.mcu.externaltools.gnu-tools-for-stm32.10.3-2021.10.linux64_1.0.100.202210260954/tools/arm-none-eabi/include/c++/10.3.1/new:174:33:void* operator new(std::size_t, void*)	16	static
/home/dgoncas/st/stm32cubeide_1.6.1/plugins/com.st.stm32cube.ide.mcu.externaltools.gnu-tools-for-stm32.10.3-2021.10.linux64_1.0.100.202210260954/tools/arm-none-eabi/include/c++/10.3.1/bits/std_function.h:87:17:void* std::_Any_data::_M_access()	16	static
/home/dgoncas/st/stm32cubeide_1.6.1/plugins/com.st.stm32cube.ide.mcu.externaltools.gnu-tools-for-stm32.10.3-2021.10.linux64_1.0.100.202210260954/tools/arm-none-eabi/include/c++/10.3.1/bits/std_function.h:88:17:const void* std::_Any_data::_M_access() const	16	static
/home/dgoncas/st/stm32cubeide_1.6.1/plugins/com.st.stm32cube.ide.mcu.externaltools.gnu-tools-for-stm32.10.3-2021.10.linux64_1.0.100.202210260954/tools/arm-none-eabi/include/c++/10.3.1/bits/std_function.h:240:5:std::_Function_base::_Function_base()	16	static
/home/dgoncas/st/stm32cubeide_1.6.1/plugins/com.st.stm32cube.ide.mcu.externaltools.gnu-tools-for-stm32.10.3-2021.10.linux64_1.0.100.202210260954/tools/arm-none-eabi/include/c++/10.3.1/bits/std_function.h:242:5:std::_Function_base::~_Function_base()	16	static
/home/dgoncas/st/stm32cubeide_1.6.1/plugins/com.st.stm32cube.ide.mcu.externaltools.gnu-tools-for-stm32.10.3-2021.10.linux64_1.0.100.202210260954/tools/arm-none-eabi/include/c++/10.3.1/bits/std_function.h:248:10:bool std::_Function_base::_M_empty() const	16	static
/home/dgoncas/st/stm32cubeide_1.6.1/plugins/com.st.stm32cube.ide.mcu.externaltools.gnu-tools-for-stm32.10.3-2021.10.linux64_1.0.100.202210260954/tools/arm-none-eabi/include/c++/10.3.1/bits/stl_algobase.h:230:5:constexpr const _Tp& std::min(const _Tp&, const _Tp&) [with _Tp = unsigned int]	16	static
/home/dgoncas/st/stm32cubeide_1.6.1/plugins/com.st.stm32cube.ide.mcu.externaltools.gnu-tools-for-stm32.10.3-2021.10.linux64_1.0.100.202210260954/tools/arm-none-eabi/include/c++/10.3.1/optional:100:3:void std::__throw_bad_optional_access()	8	static
/home/dgoncas/st/stm32cubeide_1.6.1/plugins/com.st.stm32cube.ide.mcu.externaltools.gnu-tools-for-stm32.10.3-2021.10.linux64_1.0.100.202210260954/tools/arm-none-eabi/include/c++/10.3.1/arm-none-eabi/thumb/v7e-m+dp/hard/bits/gthr-default.h:229:1:int __gthread_key_delete(__gthread_key_t)	16	static
/home/dgoncas/st/stm32cubeide_1.6.1/plugins/com.st.stm32cube.ide.mcu.externaltools.gnu-tools-for-stm32.10.3-2021.10.linux64_1.0.100.202210260954/tools/arm-none-eabi/include/c++/10.3.1/bits/stl_iterator.h:1056:7:constexpr const _Iterator& __gnu_cxx::__normal_iterator<_Iterator, _Container>::base() const [with _Iterator = Field<>**; _Container = std::vector<Field<>*>]	16	static
/home/dgoncas/st/stm32cubeide_1.6.1/plugins/com.st.stm32cube.ide.mcu.externaltools.gnu-tools-for-stm32.10.3-2021.10.linux64_1.0.100.202210260954/tools/arm-none-eabi/include/c++/10.3.1/bits/stl_iterator.h:993:7:constexpr __gnu_cxx::__normal_iterator<_Iterator, _Container>::reference __gnu_cxx::__normal_iterator<_Iterator, _Container>::operator*() const [with _Iterator = Field<>**; _Container = std::vector<Field<>*>]	16	static
../Core/Inc/Mini-STLIB/Timer.hpp:34:8:float Timer::min(float, float)	24	static
../Core/Inc/Mini-STLIB/Timer.hpp:40:7:void Timer::interrupt()	16	static
../Core/Inc/Mini-STLIB/Timer.hpp:50:18:static uint32_t Timer::to_seconds(Timer::UNITS)	16	static
/home/dgoncas/st/stm32cubeide_1.6.1/plugins/com.st.stm32cube.ide.mcu.externaltools.gnu-tools-for-stm32.10.3-2021.10.linux64_1.0.100.202210260954/tools/arm-none-eabi/include/c++/10.3.1/bits/std_function.h:303:11:std::function<void()>::~function()	16	static
../Core/Inc/Mini-STLIB/Timer.hpp:66:2:Timer::Timer(TIM_HandleTypeDef*)	24	static
../Core/Inc/Mini-STLIB/Timer.hpp:70:7:void Timer::set_period(uint32_t, Timer::UNITS)	48	static
../Core/Inc/Mini-STLIB/Timer.hpp:82:7:void Timer::set_frequency(uint32_t)	40	static
../Core/Inc/Mini-STLIB/Timer.hpp:93:7:void Timer::execute_every(std::function<void()>, uint32_t, Timer::UNITS)	24	static
../Core/Inc/Mini-STLIB/Timer.hpp:101:7:void Timer::execute_at(std::function<void()>, uint32_t)	24	static
../Core/Inc/Mini-STLIB/Timer.hpp:108:7:void Timer::reset()	16	static
/home/dgoncas/st/stm32cubeide_1.6.1/plugins/com.st.stm32cube.ide.mcu.externaltools.gnu-tools-for-stm32.10.3-2021.10.linux64_1.0.100.202210260954/tools/arm-none-eabi/include/c++/10.3.1/bits/stl_iterator.h:1056:7:constexpr const _Iterator& __gnu_cxx::__normal_iterator<_Iterator, _Container>::base() const [with _Iterator = Timer**; _Container = std::vector<Timer*>]	16	static
/home/dgoncas/st/stm32cubeide_1.6.1/plugins/com.st.stm32cube.ide.mcu.externaltools.gnu-tools-for-stm32.10.3-2021.10.linux64_1.0.100.202210260954/tools/arm-none-eabi/include/c++/10.3.1/bits/stl_iterator.h:1073:5:constexpr bool __gnu_cxx::operator==(const __gnu_cxx::__normal_iterator<_IteratorL, _Container>&, const __gnu_cxx::__normal_iterator<_IteratorR, _Container>&) [with _IteratorL = Timer**; _IteratorR = Timer**; _Container = std::vector<Timer*>]	24	static
/home/dgoncas/st/stm32cubeide_1.6.1/plugins/com.st.stm32cube.ide.mcu.externaltools.gnu-tools-for-stm32.10.3-2021.10.linux64_1.0.100.202210260954/tools/arm-none-eabi/include/c++/10.3.1/bits/stl_iterator.h:1003:7:constexpr __gnu_cxx::__normal_iterator<_Iterator, _Container>& __gnu_cxx::__normal_iterator<_Iterator, _Container>::operator++() [with _Iterator = Timer**; _Container = std::vector<Timer*>]	16	static
/home/dgoncas/st/stm32cubeide_1.6.1/plugins/com.st.stm32cube.ide.mcu.externaltools.gnu-tools-for-stm32.10.3-2021.10.linux64_1.0.100.202210260954/tools/arm-none-eabi/include/c++/10.3.1/bits/stl_iterator.h:993:7:constexpr __gnu_cxx::__normal_iterator<_Iterator, _Container>::reference __gnu_cxx::__normal_iterator<_Iterator, _Container>::operator*() const [with _Iterator = Timer**; _Container = std::vector<Timer*>]	16	static
../Core/Inc/Mini-STLIB/Timer.hpp:121:14:static void Timer::interrupt_all_timers(TIM_HandleTypeDef*)	32	static
../Core/Inc/Mini-STLIB/Stream.hpp:30:2:StreamMessage::StreamMessage(float*, float, float)	24	static
../Core/Inc/Mini-STLIB/Stream.hpp:35:2:StreamMessage::StreamMessage(uint8_t*)	16	static
../Core/Inc/Mini-STLIB/Stream.hpp:40:7:void StreamMessage::unparse(uint8_t*)	32	static
../Core/Inc/Mini-STLIB/Stream.hpp:52:24:static StreamMessage* StreamMessage::FromAnalogIn(AnalogIn*)	24	static
../Core/Inc/Mini-STLIB/Stream.hpp:56:24:static StreamMessage* StreamMessage::FromDigigalIn(DigitalIn*)	24	static
../Core/Inc/Mini-STLIB/Stream.hpp:60:24:static StreamMessage* StreamMessage::FromInputCapture(InputCapture*)	32	static
../Core/Inc/Mini-STLIB/Stream.hpp:66:34:static std::optional<StreamMessage*> StreamMessage::FromPin(Pin*)	32	static
../Core/Inc/Mini-STLIB/Stream.hpp:75:14:static bool StreamMessage::set_precision_mode(uint8_t)	16	static
../Core/Inc/Mini-STLIB/Stream.hpp:97:7:bool Stream::is_available(unsigned int, unsigned int)	32	static
../Core/Inc/Mini-STLIB/Stream.hpp:104:7:void Stream::send_ok_response(uint8_t, uint16_t)	16	static
/home/dgoncas/st/stm32cubeide_1.6.1/plugins/com.st.stm32cube.ide.mcu.externaltools.gnu-tools-for-stm32.10.3-2021.10.linux64_1.0.100.202210260954/tools/arm-none-eabi/include/c++/10.3.1/bits/stl_vector.h:128:14:constexpr std::_Vector_base<StreamMessage*, std::allocator<StreamMessage*> >::_Vector_impl::~_Vector_impl()	16	static
/home/dgoncas/st/stm32cubeide_1.6.1/plugins/com.st.stm32cube.ide.mcu.externaltools.gnu-tools-for-stm32.10.3-2021.10.linux64_1.0.100.202210260954/tools/arm-none-eabi/include/c++/10.3.1/bits/stl_vector.h:288:7:std::_Vector_base<_Tp, _Alloc>::_Vector_base() [with _Tp = StreamMessage*; _Alloc = std::allocator<StreamMessage*>]	16	static
/home/dgoncas/st/stm32cubeide_1.6.1/plugins/com.st.stm32cube.ide.mcu.externaltools.gnu-tools-for-stm32.10.3-2021.10.linux64_1.0.100.202210260954/tools/arm-none-eabi/include/c++/10.3.1/bits/stl_vector.h:487:7:std::vector<_Tp, _Alloc>::vector() [with _Tp = StreamMessage*; _Alloc = std::allocator<StreamMessage*>]	16	static
../Core/Inc/Mini-STLIB/Stream.hpp:127:2:Stream::Stream(Timer*, Can*)	32	static
/home/dgoncas/st/stm32cubeide_1.6.1/plugins/com.st.stm32cube.ide.mcu.externaltools.gnu-tools-for-stm32.10.3-2021.10.linux64_1.0.100.202210260954/tools/arm-none-eabi/include/c++/10.3.1/bits/stl_iterator.h:1056:7:constexpr const _Iterator& __gnu_cxx::__normal_iterator<_Iterator, _Container>::base() const [with _Iterator = StreamMessage**; _Container = std::vector<StreamMessage*>]	16	static
/home/dgoncas/st/stm32cubeide_1.6.1/plugins/com.st.stm32cube.ide.mcu.externaltools.gnu-tools-for-stm32.10.3-2021.10.linux64_1.0.100.202210260954/tools/arm-none-eabi/include/c++/10.3.1/bits/stl_iterator.h:1073:5:constexpr bool __gnu_cxx::operator==(const __gnu_cxx::__normal_iterator<_IteratorL, _Container>&, const __gnu_cxx::__normal_iterator<_IteratorR, _Container>&) [with _IteratorL = StreamMessage**; _IteratorR = StreamMessage**; _Container = std::vector<StreamMessage*>]	24	static
/home/dgoncas/st/stm32cubeide_1.6.1/plugins/com.st.stm32cube.ide.mcu.externaltools.gnu-tools-for-stm32.10.3-2021.10.linux64_1.0.100.202210260954/tools/arm-none-eabi/include/c++/10.3.1/bits/stl_iterator.h:1003:7:constexpr __gnu_cxx::__normal_iterator<_Iterator, _Container>& __gnu_cxx::__normal_iterator<_Iterator, _Container>::operator++() [with _Iterator = StreamMessage**; _Container = std::vector<StreamMessage*>]	16	static
/home/dgoncas/st/stm32cubeide_1.6.1/plugins/com.st.stm32cube.ide.mcu.externaltools.gnu-tools-for-stm32.10.3-2021.10.linux64_1.0.100.202210260954/tools/arm-none-eabi/include/c++/10.3.1/bits/stl_iterator.h:993:7:constexpr __gnu_cxx::__normal_iterator<_Iterator, _Container>::reference __gnu_cxx::__normal_iterator<_Iterator, _Container>::operator*() const [with _Iterator = StreamMessage**; _Container = std::vector<StreamMessage*>]	16	static
../Core/Inc/Mini-STLIB/Stream.hpp:133:7:void Stream::send_all_messages()	40	static
../Core/Inc/Mini-STLIB/Stream.hpp:147:22:Stream::add_message(uint32_t, StreamMessage*, uint16_t)::<lambda()>	16	static
../Core/Inc/Mini-STLIB/Stream.hpp:143:7:void Stream::add_message(uint32_t, StreamMessage*, uint16_t)	48	static
/home/dgoncas/st/stm32cubeide_1.6.1/plugins/com.st.stm32cube.ide.mcu.externaltools.gnu-tools-for-stm32.10.3-2021.10.linux64_1.0.100.202210260954/tools/arm-none-eabi/include/c++/10.3.1/optional:433:22:constexpr bool std::_Optional_base_impl<_Tp, _Dp>::_M_is_engaged() const [with _Tp = StreamMessage*; _Dp = std::_Optional_base<StreamMessage*, true, true>]	16	static
/home/dgoncas/st/stm32cubeide_1.6.1/plugins/com.st.stm32cube.ide.mcu.externaltools.gnu-tools-for-stm32.10.3-2021.10.linux64_1.0.100.202210260954/tools/arm-none-eabi/include/c++/10.3.1/optional:928:7:constexpr _Tp& std::optional<_Tp>::value() & [with _Tp = StreamMessage*]	16	static
/home/dgoncas/st/stm32cubeide_1.6.1/plugins/com.st.stm32cube.ide.mcu.externaltools.gnu-tools-for-stm32.10.3-2021.10.linux64_1.0.100.202210260954/tools/arm-none-eabi/include/c++/10.3.1/bits/stl_iterator.h:1056:7:constexpr const _Iterator& __gnu_cxx::__normal_iterator<_Iterator, _Container>::base() const [with _Iterator = Stream**; _Container = std::vector<Stream*>]	16	static
/home/dgoncas/st/stm32cubeide_1.6.1/plugins/com.st.stm32cube.ide.mcu.externaltools.gnu-tools-for-stm32.10.3-2021.10.linux64_1.0.100.202210260954/tools/arm-none-eabi/include/c++/10.3.1/bits/stl_iterator.h:1073:5:constexpr bool __gnu_cxx::operator==(const __gnu_cxx::__normal_iterator<_IteratorL, _Container>&, const __gnu_cxx::__normal_iterator<_IteratorR, _Container>&) [with _IteratorL = Stream**; _IteratorR = Stream**; _Container = std::vector<Stream*>]	24	static
/home/dgoncas/st/stm32cubeide_1.6.1/plugins/com.st.stm32cube.ide.mcu.externaltools.gnu-tools-for-stm32.10.3-2021.10.linux64_1.0.100.202210260954/tools/arm-none-eabi/include/c++/10.3.1/bits/stl_iterator.h:1003:7:constexpr __gnu_cxx::__normal_iterator<_Iterator, _Container>& __gnu_cxx::__normal_iterator<_Iterator, _Container>::operator++() [with _Iterator = Stream**; _Container = std::vector<Stream*>]	16	static
/home/dgoncas/st/stm32cubeide_1.6.1/plugins/com.st.stm32cube.ide.mcu.externaltools.gnu-tools-for-stm32.10.3-2021.10.linux64_1.0.100.202210260954/tools/arm-none-eabi/include/c++/10.3.1/bits/stl_iterator.h:993:7:constexpr __gnu_cxx::__normal_iterator<_Iterator, _Container>::reference __gnu_cxx::__normal_iterator<_Iterator, _Container>::operator*() const [with _Iterator = Stream**; _Container = std::vector<Stream*>]	16	static
../Core/Inc/Mini-STLIB/Stream.hpp:154:14:static bool Stream::add_stream(unsigned int, Pin*, uint16_t)	56	static
../Core/Inc/Mini-STLIB/Mini-STLIB.hpp:150:6:void start()	8	static
../Core/Inc/Mini-STLIB/Mini-STLIB.hpp:159:6:void HAL_TIM_IC_CaptureCallback(TIM_HandleTypeDef*)	16	static
../Core/Inc/Mini-STLIB/Mini-STLIB.hpp:163:6:void HAL_ADC_ConvCpltCallback(ADC_HandleTypeDef*)	16	static
../Core/Inc/Mini-STLIB/Mini-STLIB.hpp:167:6:void HAL_TIM_PeriodElapsedCallback(TIM_HandleTypeDef*)	16	static
../Core/Inc/Mini-STLIB/Mini-STLIB.hpp:171:6:void HAL_FDCAN_RxFifo0Callback(FDCAN_HandleTypeDef*, uint32_t)	16	static
/home/dgoncas/st/stm32cubeide_1.6.1/plugins/com.st.stm32cube.ide.mcu.externaltools.gnu-tools-for-stm32.10.3-2021.10.linux64_1.0.100.202210260954/tools/arm-none-eabi/include/c++/10.3.1/optional:433:22:constexpr bool std::_Optional_base_impl<_Tp, _Dp>::_M_is_engaged() const [with _Tp = Pin*; _Dp = std::_Optional_base<Pin*, true, true>]	16	static
/home/dgoncas/st/stm32cubeide_1.6.1/plugins/com.st.stm32cube.ide.mcu.externaltools.gnu-tools-for-stm32.10.3-2021.10.linux64_1.0.100.202210260954/tools/arm-none-eabi/include/c++/10.3.1/optional:928:7:constexpr _Tp& std::optional<_Tp>::value() & [with _Tp = Pin*]	16	static
../Core/Inc/Mini-STLIB/Mini-STLIB.hpp:179:6:void read_analog_in_callback()	24	static
../Core/Inc/Mini-STLIB/Mini-STLIB.hpp:189:6:void read_digital_in_callback()	24	static
../Core/Inc/Mini-STLIB/Mini-STLIB.hpp:200:6:void read_input_capture_callback()	24	static
../Core/Inc/Mini-STLIB/Mini-STLIB.hpp:212:6:void read_stream_callback()	24	static
../Core/Inc/Mini-STLIB/Mini-STLIB.hpp:227:6:void stream_input_capture_callback()	24	static
../Core/Inc/Mini-STLIB/Mini-STLIB.hpp:235:6:void strean_analog_in_callback()	24	static
../Core/Inc/Mini-STLIB/Mini-STLIB.hpp:243:6:void stream_digital_in_callback()	24	static
../Core/Inc/Mini-STLIB/Mini-STLIB.hpp:252:6:void write_once_callback()	32	static
../Core/Inc/Mini-STLIB/Mini-STLIB.hpp:271:6:void set_precision_callback()	8	static
../Core/Inc/Mini-STLIB/Mini-STLIB.hpp:281:6:void cancel_stream_callback()	8	static
../Core/Inc/TUDTests.hpp:24:25:TUDTests::setup()::<lambda()>	16	static
../Core/Inc/TUDTests.hpp:32:26:TUDTests::setup()::<lambda()>	32	static
/home/dgoncas/st/stm32cubeide_1.6.1/plugins/com.st.stm32cube.ide.mcu.externaltools.gnu-tools-for-stm32.10.3-2021.10.linux64_1.0.100.202210260954/tools/arm-none-eabi/include/c++/10.3.1/bits/stl_iterator.h:1056:7:constexpr const _Iterator& __gnu_cxx::__normal_iterator<_Iterator, _Container>::base() const [with _Iterator = DigitalIn**; _Container = std::vector<DigitalIn*>]	16	static
/home/dgoncas/st/stm32cubeide_1.6.1/plugins/com.st.stm32cube.ide.mcu.externaltools.gnu-tools-for-stm32.10.3-2021.10.linux64_1.0.100.202210260954/tools/arm-none-eabi/include/c++/10.3.1/bits/stl_iterator.h:1073:5:constexpr bool __gnu_cxx::operator==(const __gnu_cxx::__normal_iterator<_IteratorL, _Container>&, const __gnu_cxx::__normal_iterator<_IteratorR, _Container>&) [with _IteratorL = DigitalIn**; _IteratorR = DigitalIn**; _Container = std::vector<DigitalIn*>]	24	static
/home/dgoncas/st/stm32cubeide_1.6.1/plugins/com.st.stm32cube.ide.mcu.externaltools.gnu-tools-for-stm32.10.3-2021.10.linux64_1.0.100.202210260954/tools/arm-none-eabi/include/c++/10.3.1/bits/stl_iterator.h:1003:7:constexpr __gnu_cxx::__normal_iterator<_Iterator, _Container>& __gnu_cxx::__normal_iterator<_Iterator, _Container>::operator++() [with _Iterator = DigitalIn**; _Container = std::vector<DigitalIn*>]	16	static
/home/dgoncas/st/stm32cubeide_1.6.1/plugins/com.st.stm32cube.ide.mcu.externaltools.gnu-tools-for-stm32.10.3-2021.10.linux64_1.0.100.202210260954/tools/arm-none-eabi/include/c++/10.3.1/bits/stl_iterator.h:993:7:constexpr __gnu_cxx::__normal_iterator<_Iterator, _Container>::reference __gnu_cxx::__normal_iterator<_Iterator, _Container>::operator*() const [with _Iterator = DigitalIn**; _Container = std::vector<DigitalIn*>]	16	static
../Core/Inc/TUDTests.hpp:20:14:static void TUDTests::setup()	48	static
../Core/Inc/TUDTests.hpp:38:14:static void TUDTests::loop()	4	static
../Core/Src/main.cpp:104:5:int main()	8	static
../Core/Src/main.cpp:173:6:void SystemClock_Config()	120	static
../Core/Src/main.cpp:235:6:void PeriphCommonClock_Config()	192	static
../Core/Src/main.cpp:263:13:void MX_ADC1_Init()	56	static
../Core/Src/main.cpp:331:13:void MX_FDCAN1_Init()	8	static
../Core/Src/main.cpp:384:13:void MX_TIM1_Init()	56	static
../Core/Src/main.cpp:456:13:void MX_TIM2_Init()	56	static
../Core/Src/main.cpp:528:13:void MX_TIM3_Init()	56	static
../Core/Src/main.cpp:598:13:void MX_TIM4_Init()	56	static
../Core/Src/main.cpp:668:13:void MX_TIM5_Init()	64	static
../Core/Src/main.cpp:735:13:void MX_TIM6_Init()	24	static
../Core/Src/main.cpp:773:13:void MX_TIM7_Init()	24	static
../Core/Src/main.cpp:811:13:void MX_TIM8_Init()	120	static
../Core/Src/main.cpp:903:13:void MX_TIM12_Init()	56	static
../Core/Src/main.cpp:955:13:void MX_TIM13_Init()	8	static
../Core/Src/main.cpp:986:13:void MX_TIM14_Init()	8	static
../Core/Src/main.cpp:1017:13:void MX_TIM15_Init()	40	static
../Core/Src/main.cpp:1063:13:void MX_TIM16_Init()	8	static
../Core/Src/main.cpp:1095:13:void MX_TIM17_Init()	8	static
../Core/Src/main.cpp:1127:13:void MX_TIM23_Init()	64	static
../Core/Src/main.cpp:1198:13:void MX_TIM24_Init()	64	static
../Core/Src/main.cpp:1267:13:void MX_DMA_Init()	16	static
../Core/Src/main.cpp:1285:13:void MX_GPIO_Init()	64	static
../Core/Src/main.cpp:1394:6:void Error_Handler()	4	static,ignoring_inline_asm
/home/dgoncas/st/stm32cubeide_1.6.1/plugins/com.st.stm32cube.ide.mcu.externaltools.gnu-tools-for-stm32.10.3-2021.10.linux64_1.0.100.202210260954/tools/arm-none-eabi/include/c++/10.3.1/bits/stl_algobase.h:254:5:constexpr const _Tp& std::max(const _Tp&, const _Tp&) [with _Tp = unsigned int]	16	static
/home/dgoncas/st/stm32cubeide_1.6.1/plugins/com.st.stm32cube.ide.mcu.externaltools.gnu-tools-for-stm32.10.3-2021.10.linux64_1.0.100.202210260954/tools/arm-none-eabi/include/c++/10.3.1/bits/stl_vector.h:811:7:std::vector<_Tp, _Alloc>::iterator std::vector<_Tp, _Alloc>::begin() [with _Tp = Field<>*; _Alloc = std::allocator<Field<>*>]	24	static
/home/dgoncas/st/stm32cubeide_1.6.1/plugins/com.st.stm32cube.ide.mcu.externaltools.gnu-tools-for-stm32.10.3-2021.10.linux64_1.0.100.202210260954/tools/arm-none-eabi/include/c++/10.3.1/bits/stl_vector.h:829:7:std::vector<_Tp, _Alloc>::iterator std::vector<_Tp, _Alloc>::end() [with _Tp = Field<>*; _Alloc = std::allocator<Field<>*>]	24	static
/home/dgoncas/st/stm32cubeide_1.6.1/plugins/com.st.stm32cube.ide.mcu.externaltools.gnu-tools-for-stm32.10.3-2021.10.linux64_1.0.100.202210260954/tools/arm-none-eabi/include/c++/10.3.1/bits/stl_map.h:374:7:std::map<_Key, _Tp, _Compare, _Alloc>::iterator std::map<_Key, _Tp, _Compare, _Alloc>::end() [with _Key = short unsigned int; _Tp = Packet*; _Compare = std::less<short unsigned int>; _Alloc = std::allocator<std::pair<const short unsigned int, Packet*> >]	16	static
/home/dgoncas/st/stm32cubeide_1.6.1/plugins/com.st.stm32cube.ide.mcu.externaltools.gnu-tools-for-stm32.10.3-2021.10.linux64_1.0.100.202210260954/tools/arm-none-eabi/include/c++/10.3.1/bits/stl_tree.h:315:7:bool std::operator==(const _Self&, const _Self&)	16	static
/home/dgoncas/st/stm32cubeide_1.6.1/plugins/com.st.stm32cube.ide.mcu.externaltools.gnu-tools-for-stm32.10.3-2021.10.linux64_1.0.100.202210260954/tools/arm-none-eabi/include/c++/10.3.1/bits/stl_tree.h:285:7:std::_Rb_tree_iterator<_Tp>::_Self& std::_Rb_tree_iterator<_Tp>::operator++() [with _Tp = std::pair<const short unsigned int, Packet*>]	16	static
/home/dgoncas/st/stm32cubeide_1.6.1/plugins/com.st.stm32cube.ide.mcu.externaltools.gnu-tools-for-stm32.10.3-2021.10.linux64_1.0.100.202210260954/tools/arm-none-eabi/include/c++/10.3.1/bits/stl_tree.h:277:7:_Tp& std::_Rb_tree_iterator<_Tp>::operator*() const [with _Tp = std::pair<const short unsigned int, Packet*>]	16	static
/home/dgoncas/st/stm32cubeide_1.6.1/plugins/com.st.stm32cube.ide.mcu.externaltools.gnu-tools-for-stm32.10.3-2021.10.linux64_1.0.100.202210260954/tools/arm-none-eabi/include/c++/10.3.1/bits/std_function.h:617:5:) const [with _Res = void; _ArgTypes = {}]	16	static
/home/dgoncas/st/stm32cubeide_1.6.1/plugins/com.st.stm32cube.ide.mcu.externaltools.gnu-tools-for-stm32.10.3-2021.10.linux64_1.0.100.202210260954/tools/arm-none-eabi/include/c++/10.3.1/bits/std_function.h:330:7:)>::function() [with _Res = void; _ArgTypes = {}]	16	static
/home/dgoncas/st/stm32cubeide_1.6.1/plugins/com.st.stm32cube.ide.mcu.externaltools.gnu-tools-for-stm32.10.3-2021.10.linux64_1.0.100.202210260954/tools/arm-none-eabi/include/c++/10.3.1/bits/stl_vector.h:1203:7:void std::vector<_Tp, _Alloc>::push_back(std::vector<_Tp, _Alloc>::value_type&&) [with _Tp = Timer*; _Alloc = std::allocator<Timer*>]	16	static
/home/dgoncas/st/stm32cubeide_1.6.1/plugins/com.st.stm32cube.ide.mcu.externaltools.gnu-tools-for-stm32.10.3-2021.10.linux64_1.0.100.202210260954/tools/arm-none-eabi/include/c++/10.3.1/bits/std_function.h:396:7:)>&) [with _Res = void; _ArgTypes = {}]	32	static
/home/dgoncas/st/stm32cubeide_1.6.1/plugins/com.st.stm32cube.ide.mcu.externaltools.gnu-tools-for-stm32.10.3-2021.10.linux64_1.0.100.202210260954/tools/arm-none-eabi/include/c++/10.3.1/bits/stl_vector.h:811:7:std::vector<_Tp, _Alloc>::iterator std::vector<_Tp, _Alloc>::begin() [with _Tp = Timer*; _Alloc = std::allocator<Timer*>]	24	static
/home/dgoncas/st/stm32cubeide_1.6.1/plugins/com.st.stm32cube.ide.mcu.externaltools.gnu-tools-for-stm32.10.3-2021.10.linux64_1.0.100.202210260954/tools/arm-none-eabi/include/c++/10.3.1/bits/stl_vector.h:829:7:std::vector<_Tp, _Alloc>::iterator std::vector<_Tp, _Alloc>::end() [with _Tp = Timer*; _Alloc = std::allocator<Timer*>]	24	static
/home/dgoncas/st/stm32cubeide_1.6.1/plugins/com.st.stm32cube.ide.mcu.externaltools.gnu-tools-for-stm32.10.3-2021.10.linux64_1.0.100.202210260954/tools/arm-none-eabi/include/c++/10.3.1/bits/stl_map.h:512:7:std::map<_Key, _Tp, _Compare, _Alloc>::mapped_type& std::map<_Key, _Tp, _Compare, _Alloc>::operator[](std::map<_Key, _Tp, _Compare, _Alloc>::key_type&&) [with _Key = Precision; _Tp = long unsigned int; _Compare = std::less<Precision>; _Alloc = std::allocator<std::pair<const Precision, long unsigned int> >]	56	static
/home/dgoncas/st/stm32cubeide_1.6.1/plugins/com.st.stm32cube.ide.mcu.externaltools.gnu-tools-for-stm32.10.3-2021.10.linux64_1.0.100.202210260954/tools/arm-none-eabi/include/c++/10.3.1/bits/stl_map.h:492:7:std::map<_Key, _Tp, _Compare, _Alloc>::mapped_type& std::map<_Key, _Tp, _Compare, _Alloc>::operator[](const key_type&) [with _Key = Pin*; _Tp = AnalogIn*; _Compare = std::less<Pin*>; _Alloc = std::allocator<std::pair<Pin* const, AnalogIn*> >]	56	static
/home/dgoncas/st/stm32cubeide_1.6.1/plugins/com.st.stm32cube.ide.mcu.externaltools.gnu-tools-for-stm32.10.3-2021.10.linux64_1.0.100.202210260954/tools/arm-none-eabi/include/c++/10.3.1/optional:700:2:constexpr std::optional<_Tp>::optional(_Up&&) [with _Up = StreamMessage*; typename std::enable_if<__and_v<std::__not_<std::is_same<std::optional<_Tp>, typename std::remove_cv<typename std::remove_reference<_Iter>::type>::type> >, std::__not_<std::is_same<std::in_place_t, typename std::remove_cv<typename std::remove_reference<_Iter>::type>::type> >, std::is_constructible<_Tp, _Up&&>, std::is_convertible<_Up&&, _Tp> >, bool>::type <anonymous> = true; _Tp = StreamMessage*]	24	static
/home/dgoncas/st/stm32cubeide_1.6.1/plugins/com.st.stm32cube.ide.mcu.externaltools.gnu-tools-for-stm32.10.3-2021.10.linux64_1.0.100.202210260954/tools/arm-none-eabi/include/c++/10.3.1/bits/stl_map.h:492:7:std::map<_Key, _Tp, _Compare, _Alloc>::mapped_type& std::map<_Key, _Tp, _Compare, _Alloc>::operator[](const key_type&) [with _Key = Pin*; _Tp = DigitalIn*; _Compare = std::less<Pin*>; _Alloc = std::allocator<std::pair<Pin* const, DigitalIn*> >]	56	static
/home/dgoncas/st/stm32cubeide_1.6.1/plugins/com.st.stm32cube.ide.mcu.externaltools.gnu-tools-for-stm32.10.3-2021.10.linux64_1.0.100.202210260954/tools/arm-none-eabi/include/c++/10.3.1/bits/stl_map.h:492:7:std::map<_Key, _Tp, _Compare, _Alloc>::mapped_type& std::map<_Key, _Tp, _Compare, _Alloc>::operator[](const key_type&) [with _Key = Pin*; _Tp = InputCapture*; _Compare = std::less<Pin*>; _Alloc = std::allocator<std::pair<Pin* const, InputCapture*> >]	56	static
/home/dgoncas/st/stm32cubeide_1.6.1/plugins/com.st.stm32cube.ide.mcu.externaltools.gnu-tools-for-stm32.10.3-2021.10.linux64_1.0.100.202210260954/tools/arm-none-eabi/include/c++/10.3.1/bits/stl_vector.h:918:7:std::vector<_Tp, _Alloc>::size_type std::vector<_Tp, _Alloc>::size() const [with _Tp = StreamMessage*; _Alloc = std::allocator<StreamMessage*>]	16	static
/home/dgoncas/st/stm32cubeide_1.6.1/plugins/com.st.stm32cube.ide.mcu.externaltools.gnu-tools-for-stm32.10.3-2021.10.linux64_1.0.100.202210260954/tools/arm-none-eabi/include/c++/10.3.1/bits/stl_vector.h:131:2:std::_Vector_base<_Tp, _Alloc>::_Vector_impl::_Vector_impl() [with _Tp = StreamMessage*; _Alloc = std::allocator<StreamMessage*>]	16	static
/home/dgoncas/st/stm32cubeide_1.6.1/plugins/com.st.stm32cube.ide.mcu.externaltools.gnu-tools-for-stm32.10.3-2021.10.linux64_1.0.100.202210260954/tools/arm-none-eabi/include/c++/10.3.1/bits/allocator.h:182:7:constexpr std::allocator< <template-parameter-1-1> >::~allocator() [with _Tp = StreamMessage*]	16	static
/home/dgoncas/st/stm32cubeide_1.6.1/plugins/com.st.stm32cube.ide.mcu.externaltools.gnu-tools-for-stm32.10.3-2021.10.linux64_1.0.100.202210260954/tools/arm-none-eabi/include/c++/10.3.1/bits/stl_vector.h:333:7:std::_Vector_base<_Tp, _Alloc>::~_Vector_base() [with _Tp = StreamMessage*; _Alloc = std::allocator<StreamMessage*>]	16	static
/home/dgoncas/st/stm32cubeide_1.6.1/plugins/com.st.stm32cube.ide.mcu.externaltools.gnu-tools-for-stm32.10.3-2021.10.linux64_1.0.100.202210260954/tools/arm-none-eabi/include/c++/10.3.1/bits/stl_vector.h:678:7:std::vector<_Tp, _Alloc>::~vector() [with _Tp = StreamMessage*; _Alloc = std::allocator<StreamMessage*>]	24	static
/home/dgoncas/st/stm32cubeide_1.6.1/plugins/com.st.stm32cube.ide.mcu.externaltools.gnu-tools-for-stm32.10.3-2021.10.linux64_1.0.100.202210260954/tools/arm-none-eabi/include/c++/10.3.1/bits/stl_vector.h:1203:7:void std::vector<_Tp, _Alloc>::push_back(std::vector<_Tp, _Alloc>::value_type&&) [with _Tp = Stream*; _Alloc = std::allocator<Stream*>]	16	static
/home/dgoncas/st/stm32cubeide_1.6.1/plugins/com.st.stm32cube.ide.mcu.externaltools.gnu-tools-for-stm32.10.3-2021.10.linux64_1.0.100.202210260954/tools/arm-none-eabi/include/c++/10.3.1/bits/stl_vector.h:811:7:std::vector<_Tp, _Alloc>::iterator std::vector<_Tp, _Alloc>::begin() [with _Tp = StreamMessage*; _Alloc = std::allocator<StreamMessage*>]	24	static
/home/dgoncas/st/stm32cubeide_1.6.1/plugins/com.st.stm32cube.ide.mcu.externaltools.gnu-tools-for-stm32.10.3-2021.10.linux64_1.0.100.202210260954/tools/arm-none-eabi/include/c++/10.3.1/bits/stl_vector.h:829:7:std::vector<_Tp, _Alloc>::iterator std::vector<_Tp, _Alloc>::end() [with _Tp = StreamMessage*; _Alloc = std::allocator<StreamMessage*>]	24	static
/home/dgoncas/st/stm32cubeide_1.6.1/plugins/com.st.stm32cube.ide.mcu.externaltools.gnu-tools-for-stm32.10.3-2021.10.linux64_1.0.100.202210260954/tools/arm-none-eabi/include/c++/10.3.1/bits/stl_vector.h:1187:7:void std::vector<_Tp, _Alloc>::push_back(const value_type&) [with _Tp = StreamMessage*; _Alloc = std::allocator<StreamMessage*>]	16	static
/home/dgoncas/st/stm32cubeide_1.6.1/plugins/com.st.stm32cube.ide.mcu.externaltools.gnu-tools-for-stm32.10.3-2021.10.linux64_1.0.100.202210260954/tools/arm-none-eabi/include/c++/10.3.1/bits/std_function.h:601:7:)>::function(_Functor) [with _Functor = Stream::add_message(uint32_t, StreamMessage*, uint16_t)::<lambda()>; <template-parameter-2-2> = void; <template-parameter-2-3> = void; _Res = void; _ArgTypes = {}]	24	static
/home/dgoncas/st/stm32cubeide_1.6.1/plugins/com.st.stm32cube.ide.mcu.externaltools.gnu-tools-for-stm32.10.3-2021.10.linux64_1.0.100.202210260954/tools/arm-none-eabi/include/c++/10.3.1/optional:913:26:constexpr std::optional<_Tp>::operator bool() const [with _Tp = StreamMessage*]	16	static
/home/dgoncas/st/stm32cubeide_1.6.1/plugins/com.st.stm32cube.ide.mcu.externaltools.gnu-tools-for-stm32.10.3-2021.10.linux64_1.0.100.202210260954/tools/arm-none-eabi/include/c++/10.3.1/optional:438:7:constexpr _Tp& std::_Optional_base_impl<_Tp, _Dp>::_M_get() [with _Tp = StreamMessage*; _Dp = std::_Optional_base<StreamMessage*, true, true>]	16	static
/home/dgoncas/st/stm32cubeide_1.6.1/plugins/com.st.stm32cube.ide.mcu.externaltools.gnu-tools-for-stm32.10.3-2021.10.linux64_1.0.100.202210260954/tools/arm-none-eabi/include/c++/10.3.1/bits/stl_vector.h:811:7:std::vector<_Tp, _Alloc>::iterator std::vector<_Tp, _Alloc>::begin() [with _Tp = Stream*; _Alloc = std::allocator<Stream*>]	24	static
/home/dgoncas/st/stm32cubeide_1.6.1/plugins/com.st.stm32cube.ide.mcu.externaltools.gnu-tools-for-stm32.10.3-2021.10.linux64_1.0.100.202210260954/tools/arm-none-eabi/include/c++/10.3.1/bits/stl_vector.h:829:7:std::vector<_Tp, _Alloc>::iterator std::vector<_Tp, _Alloc>::end() [with _Tp = Stream*; _Alloc = std::allocator<Stream*>]	24	static
/home/dgoncas/st/stm32cubeide_1.6.1/plugins/com.st.stm32cube.ide.mcu.externaltools.gnu-tools-for-stm32.10.3-2021.10.linux64_1.0.100.202210260954/tools/arm-none-eabi/include/c++/10.3.1/bits/stl_vector.h:128:14:constexpr std::_Vector_base<Field<>*, std::allocator<Field<>*> >::_Vector_impl::~_Vector_impl()	16	static
/home/dgoncas/st/stm32cubeide_1.6.1/plugins/com.st.stm32cube.ide.mcu.externaltools.gnu-tools-for-stm32.10.3-2021.10.linux64_1.0.100.202210260954/tools/arm-none-eabi/include/c++/10.3.1/bits/stl_vector.h:288:7:std::_Vector_base<_Tp, _Alloc>::_Vector_base() [with _Tp = Field<>*; _Alloc = std::allocator<Field<>*>]	16	static
/home/dgoncas/st/stm32cubeide_1.6.1/plugins/com.st.stm32cube.ide.mcu.externaltools.gnu-tools-for-stm32.10.3-2021.10.linux64_1.0.100.202210260954/tools/arm-none-eabi/include/c++/10.3.1/bits/stl_vector.h:487:7:std::vector<_Tp, _Alloc>::vector() [with _Tp = Field<>*; _Alloc = std::allocator<Field<>*>]	16	static
../Core/Inc/Mini-STLIB/Models/Packet.hpp:95:5:) [with T = {unsigned char}]	32	static
../Core/Inc/Mini-STLIB/Models/Packet.hpp:95:5:) [with T = {unsigned char, short unsigned int}]	32	static
../Core/Inc/Mini-STLIB/Models/Packet.hpp:95:5:) [with T = {unsigned char, long unsigned int}]	32	static
../Core/Inc/Mini-STLIB/Models/Packet.hpp:95:5:) [with T = {unsigned char, unsigned char}]	32	static
/home/dgoncas/st/stm32cubeide_1.6.1/plugins/com.st.stm32cube.ide.mcu.externaltools.gnu-tools-for-stm32.10.3-2021.10.linux64_1.0.100.202210260954/tools/arm-none-eabi/include/c++/10.3.1/optional:913:26:constexpr std::optional<_Tp>::operator bool() const [with _Tp = Pin*]	16	static
/home/dgoncas/st/stm32cubeide_1.6.1/plugins/com.st.stm32cube.ide.mcu.externaltools.gnu-tools-for-stm32.10.3-2021.10.linux64_1.0.100.202210260954/tools/arm-none-eabi/include/c++/10.3.1/optional:438:7:constexpr _Tp& std::_Optional_base_impl<_Tp, _Dp>::_M_get() [with _Tp = Pin*; _Dp = std::_Optional_base<Pin*, true, true>]	16	static
/home/dgoncas/st/stm32cubeide_1.6.1/plugins/com.st.stm32cube.ide.mcu.externaltools.gnu-tools-for-stm32.10.3-2021.10.linux64_1.0.100.202210260954/tools/arm-none-eabi/include/c++/10.3.1/bits/stl_map.h:1234:7:bool std::map<_Key, _Tp, _Compare, _Alloc>::contains(const key_type&) const [with _Key = Pin*; _Tp = DigitalOut*; _Compare = std::less<Pin*>; _Alloc = std::allocator<std::pair<Pin* const, DigitalOut*> >]	24	static
/home/dgoncas/st/stm32cubeide_1.6.1/plugins/com.st.stm32cube.ide.mcu.externaltools.gnu-tools-for-stm32.10.3-2021.10.linux64_1.0.100.202210260954/tools/arm-none-eabi/include/c++/10.3.1/bits/stl_map.h:492:7:std::map<_Key, _Tp, _Compare, _Alloc>::mapped_type& std::map<_Key, _Tp, _Compare, _Alloc>::operator[](const key_type&) [with _Key = Pin*; _Tp = DigitalOut*; _Compare = std::less<Pin*>; _Alloc = std::allocator<std::pair<Pin* const, DigitalOut*> >]	56	static
/home/dgoncas/st/stm32cubeide_1.6.1/plugins/com.st.stm32cube.ide.mcu.externaltools.gnu-tools-for-stm32.10.3-2021.10.linux64_1.0.100.202210260954/tools/arm-none-eabi/include/c++/10.3.1/bits/stl_map.h:1234:7:bool std::map<_Key, _Tp, _Compare, _Alloc>::contains(const key_type&) const [with _Key = Pin*; _Tp = AnalogOut*; _Compare = std::less<Pin*>; _Alloc = std::allocator<std::pair<Pin* const, AnalogOut*> >]	24	static
/home/dgoncas/st/stm32cubeide_1.6.1/plugins/com.st.stm32cube.ide.mcu.externaltools.gnu-tools-for-stm32.10.3-2021.10.linux64_1.0.100.202210260954/tools/arm-none-eabi/include/c++/10.3.1/bits/stl_map.h:492:7:std::map<_Key, _Tp, _Compare, _Alloc>::mapped_type& std::map<_Key, _Tp, _Compare, _Alloc>::operator[](const key_type&) [with _Key = Pin*; _Tp = AnalogOut*; _Compare = std::less<Pin*>; _Alloc = std::allocator<std::pair<Pin* const, AnalogOut*> >]	56	static
/home/dgoncas/st/stm32cubeide_1.6.1/plugins/com.st.stm32cube.ide.mcu.externaltools.gnu-tools-for-stm32.10.3-2021.10.linux64_1.0.100.202210260954/tools/arm-none-eabi/include/c++/10.3.1/bits/std_function.h:601:7:)>::function(_Functor) [with _Functor = TUDTests::setup()::<lambda()>; <template-parameter-2-2> = void; <template-parameter-2-3> = void; _Res = void; _ArgTypes = {}]	24	static
/home/dgoncas/st/stm32cubeide_1.6.1/plugins/com.st.stm32cube.ide.mcu.externaltools.gnu-tools-for-stm32.10.3-2021.10.linux64_1.0.100.202210260954/tools/arm-none-eabi/include/c++/10.3.1/bits/stl_vector.h:811:7:std::vector<_Tp, _Alloc>::iterator std::vector<_Tp, _Alloc>::begin() [with _Tp = DigitalIn*; _Alloc = std::allocator<DigitalIn*>]	24	static
/home/dgoncas/st/stm32cubeide_1.6.1/plugins/com.st.stm32cube.ide.mcu.externaltools.gnu-tools-for-stm32.10.3-2021.10.linux64_1.0.100.202210260954/tools/arm-none-eabi/include/c++/10.3.1/bits/stl_vector.h:829:7:std::vector<_Tp, _Alloc>::iterator std::vector<_Tp, _Alloc>::end() [with _Tp = DigitalIn*; _Alloc = std::allocator<DigitalIn*>]	24	static
/home/dgoncas/st/stm32cubeide_1.6.1/plugins/com.st.stm32cube.ide.mcu.externaltools.gnu-tools-for-stm32.10.3-2021.10.linux64_1.0.100.202210260954/tools/arm-none-eabi/include/c++/10.3.1/bits/std_function.h:601:7:)>::function(_Functor) [with _Functor = TUDTests::setup()::<lambda()>; <template-parameter-2-2> = void; <template-parameter-2-3> = void; _Res = void; _ArgTypes = {}]	24	static
/home/dgoncas/st/stm32cubeide_1.6.1/plugins/com.st.stm32cube.ide.mcu.externaltools.gnu-tools-for-stm32.10.3-2021.10.linux64_1.0.100.202210260954/tools/arm-none-eabi/include/c++/10.3.1/bits/stl_iterator.h:978:7:constexpr __gnu_cxx::__normal_iterator<_Iterator, _Container>::__normal_iterator(const _Iterator&) [with _Iterator = Field<>**; _Container = std::vector<Field<>*>]	16	static
/home/dgoncas/st/stm32cubeide_1.6.1/plugins/com.st.stm32cube.ide.mcu.externaltools.gnu-tools-for-stm32.10.3-2021.10.linux64_1.0.100.202210260954/tools/arm-none-eabi/include/c++/10.3.1/bits/stl_tree.h:1004:7:std::_Rb_tree<_Key, _Val, _KeyOfValue, _Compare, _Alloc>::iterator std::_Rb_tree<_Key, _Val, _KeyOfValue, _Compare, _Alloc>::begin() [with _Key = short unsigned int; _Val = std::pair<const short unsigned int, Packet*>; _KeyOfValue = std::_Select1st<std::pair<const short unsigned int, Packet*> >; _Compare = std::less<short unsigned int>; _Alloc = std::allocator<std::pair<const short unsigned int, Packet*> >]	24	static
/home/dgoncas/st/stm32cubeide_1.6.1/plugins/com.st.stm32cube.ide.mcu.externaltools.gnu-tools-for-stm32.10.3-2021.10.linux64_1.0.100.202210260954/tools/arm-none-eabi/include/c++/10.3.1/bits/stl_tree.h:1012:7:std::_Rb_tree<_Key, _Val, _KeyOfValue, _Compare, _Alloc>::iterator std::_Rb_tree<_Key, _Val, _KeyOfValue, _Compare, _Alloc>::end() [with _Key = short unsigned int; _Val = std::pair<const short unsigned int, Packet*>; _KeyOfValue = std::_Select1st<std::pair<const short unsigned int, Packet*> >; _Compare = std::less<short unsigned int>; _Alloc = std::allocator<std::pair<const short unsigned int, Packet*> >]	24	static
/home/dgoncas/st/stm32cubeide_1.6.1/plugins/com.st.stm32cube.ide.mcu.externaltools.gnu-tools-for-stm32.10.3-2021.10.linux64_1.0.100.202210260954/tools/arm-none-eabi/include/c++/10.3.1/bits/stl_tree.h:234:7:_Val* std::_Rb_tree_node<_Val>::_M_valptr() [with _Val = std::pair<const short unsigned int, Packet*>]	16	static
/home/dgoncas/st/stm32cubeide_1.6.1/plugins/com.st.stm32cube.ide.mcu.externaltools.gnu-tools-for-stm32.10.3-2021.10.linux64_1.0.100.202210260954/tools/arm-none-eabi/include/c++/10.3.1/bits/move.h:101:5:constexpr typename std::remove_reference<_Tp>::type&& std::move(_Tp&&) [with _Tp = Timer*&]	16	static
/home/dgoncas/st/stm32cubeide_1.6.1/plugins/com.st.stm32cube.ide.mcu.externaltools.gnu-tools-for-stm32.10.3-2021.10.linux64_1.0.100.202210260954/tools/arm-none-eabi/include/c++/10.3.1/bits/vector.tcc:109:7:) [with _Args = {Timer*}; _Tp = Timer*; _Alloc = std::allocator<Timer*>]	24	static
/home/dgoncas/st/stm32cubeide_1.6.1/plugins/com.st.stm32cube.ide.mcu.externaltools.gnu-tools-for-stm32.10.3-2021.10.linux64_1.0.100.202210260954/tools/arm-none-eabi/include/c++/10.3.1/bits/std_function.h:587:5:)>&) [with _Res = void; _ArgTypes = {}]	16	static
/home/dgoncas/st/stm32cubeide_1.6.1/plugins/com.st.stm32cube.ide.mcu.externaltools.gnu-tools-for-stm32.10.3-2021.10.linux64_1.0.100.202210260954/tools/arm-none-eabi/include/c++/10.3.1/bits/std_function.h:481:12:)>&) [with _Res = void; _ArgTypes = {}]	16	static
/home/dgoncas/st/stm32cubeide_1.6.1/plugins/com.st.stm32cube.ide.mcu.externaltools.gnu-tools-for-stm32.10.3-2021.10.linux64_1.0.100.202210260954/tools/arm-none-eabi/include/c++/10.3.1/bits/stl_iterator.h:978:7:constexpr __gnu_cxx::__normal_iterator<_Iterator, _Container>::__normal_iterator(const _Iterator&) [with _Iterator = Timer**; _Container = std::vector<Timer*>]	16	static
/home/dgoncas/st/stm32cubeide_1.6.1/plugins/com.st.stm32cube.ide.mcu.externaltools.gnu-tools-for-stm32.10.3-2021.10.linux64_1.0.100.202210260954/tools/arm-none-eabi/include/c++/10.3.1/bits/stl_map.h:1258:7:std::map<_Key, _Tp, _Compare, _Alloc>::iterator std::map<_Key, _Tp, _Compare, _Alloc>::lower_bound(const key_type&) [with _Key = Precision; _Tp = long unsigned int; _Compare = std::less<Precision>; _Alloc = std::allocator<std::pair<const Precision, long unsigned int> >]	16	static
/home/dgoncas/st/stm32cubeide_1.6.1/plugins/com.st.stm32cube.ide.mcu.externaltools.gnu-tools-for-stm32.10.3-2021.10.linux64_1.0.100.202210260954/tools/arm-none-eabi/include/c++/10.3.1/bits/stl_map.h:374:7:std::map<_Key, _Tp, _Compare, _Alloc>::iterator std::map<_Key, _Tp, _Compare, _Alloc>::end() [with _Key = Precision; _Tp = long unsigned int; _Compare = std::less<Precision>; _Alloc = std::allocator<std::pair<const Precision, long unsigned int> >]	16	static
/home/dgoncas/st/stm32cubeide_1.6.1/plugins/com.st.stm32cube.ide.mcu.externaltools.gnu-tools-for-stm32.10.3-2021.10.linux64_1.0.100.202210260954/tools/arm-none-eabi/include/c++/10.3.1/bits/stl_tree.h:315:7:bool std::operator==(const _Self&, const _Self&)	16	static
/home/dgoncas/st/stm32cubeide_1.6.1/plugins/com.st.stm32cube.ide.mcu.externaltools.gnu-tools-for-stm32.10.3-2021.10.linux64_1.0.100.202210260954/tools/arm-none-eabi/include/c++/10.3.1/bits/stl_map.h:1142:7:std::map<_Key, _Tp, _Compare, _Alloc>::key_compare std::map<_Key, _Tp, _Compare, _Alloc>::key_comp() const [with _Key = Precision; _Tp = long unsigned int; _Compare = std::less<Precision>; _Alloc = std::allocator<std::pair<const Precision, long unsigned int> >]	24	static
/home/dgoncas/st/stm32cubeide_1.6.1/plugins/com.st.stm32cube.ide.mcu.externaltools.gnu-tools-for-stm32.10.3-2021.10.linux64_1.0.100.202210260954/tools/arm-none-eabi/include/c++/10.3.1/bits/stl_tree.h:277:7:_Tp& std::_Rb_tree_iterator<_Tp>::operator*() const [with _Tp = std::pair<const Precision, long unsigned int>]	16	static
/home/dgoncas/st/stm32cubeide_1.6.1/plugins/com.st.stm32cube.ide.mcu.externaltools.gnu-tools-for-stm32.10.3-2021.10.linux64_1.0.100.202210260954/tools/arm-none-eabi/include/c++/10.3.1/bits/stl_function.h:385:7:constexpr bool std::less<_Tp>::operator()(const _Tp&, const _Tp&) const [with _Tp = Precision]	24	static
/home/dgoncas/st/stm32cubeide_1.6.1/plugins/com.st.stm32cube.ide.mcu.externaltools.gnu-tools-for-stm32.10.3-2021.10.linux64_1.0.100.202210260954/tools/arm-none-eabi/include/c++/10.3.1/bits/move.h:101:5:constexpr typename std::remove_reference<_Tp>::type&& std::move(_Tp&&) [with _Tp = Precision&]	16	static
/home/dgoncas/st/stm32cubeide_1.6.1/plugins/com.st.stm32cube.ide.mcu.externaltools.gnu-tools-for-stm32.10.3-2021.10.linux64_1.0.100.202210260954/tools/arm-none-eabi/include/c++/10.3.1/tuple:1490:5:) [with _Elements = {Precision}]	16	static
/home/dgoncas/st/stm32cubeide_1.6.1/plugins/com.st.stm32cube.ide.mcu.externaltools.gnu-tools-for-stm32.10.3-2021.10.linux64_1.0.100.202210260954/tools/arm-none-eabi/include/c++/10.3.1/bits/stl_tree.h:350:7:std::_Rb_tree_const_iterator<_Tp>::_Rb_tree_const_iterator(const iterator&) [with _Tp = std::pair<const Precision, long unsigned int>]	16	static
/home/dgoncas/st/stm32cubeide_1.6.1/plugins/com.st.stm32cube.ide.mcu.externaltools.gnu-tools-for-stm32.10.3-2021.10.linux64_1.0.100.202210260954/tools/arm-none-eabi/include/c++/10.3.1/bits/stl_tree.h:2460:7:) [with _Args = {const std::piecewise_construct_t&, std::tuple<Precision&&>, std::tuple<>}; _Key = Precision; _Val = std::pair<const Precision, long unsigned int>; _KeyOfValue = std::_Select1st<std::pair<const Precision, long unsigned int> >; _Compare = std::less<Precision>; _Alloc = std::allocator<std::pair<const Precision, long unsigned int> >]	48	static
/home/dgoncas/st/stm32cubeide_1.6.1/plugins/com.st.stm32cube.ide.mcu.externaltools.gnu-tools-for-stm32.10.3-2021.10.linux64_1.0.100.202210260954/tools/arm-none-eabi/include/c++/10.3.1/bits/stl_map.h:1258:7:std::map<_Key, _Tp, _Compare, _Alloc>::iterator std::map<_Key, _Tp, _Compare, _Alloc>::lower_bound(const key_type&) [with _Key = Pin*; _Tp = AnalogIn*; _Compare = std::less<Pin*>; _Alloc = std::allocator<std::pair<Pin* const, AnalogIn*> >]	16	static
/home/dgoncas/st/stm32cubeide_1.6.1/plugins/com.st.stm32cube.ide.mcu.externaltools.gnu-tools-for-stm32.10.3-2021.10.linux64_1.0.100.202210260954/tools/arm-none-eabi/include/c++/10.3.1/bits/stl_map.h:374:7:std::map<_Key, _Tp, _Compare, _Alloc>::iterator std::map<_Key, _Tp, _Compare, _Alloc>::end() [with _Key = Pin*; _Tp = AnalogIn*; _Compare = std::less<Pin*>; _Alloc = std::allocator<std::pair<Pin* const, AnalogIn*> >]	16	static
/home/dgoncas/st/stm32cubeide_1.6.1/plugins/com.st.stm32cube.ide.mcu.externaltools.gnu-tools-for-stm32.10.3-2021.10.linux64_1.0.100.202210260954/tools/arm-none-eabi/include/c++/10.3.1/bits/stl_tree.h:315:7:bool std::operator==(const _Self&, const _Self&)	16	static
/home/dgoncas/st/stm32cubeide_1.6.1/plugins/com.st.stm32cube.ide.mcu.externaltools.gnu-tools-for-stm32.10.3-2021.10.linux64_1.0.100.202210260954/tools/arm-none-eabi/include/c++/10.3.1/bits/stl_map.h:1142:7:std::map<_Key, _Tp, _Compare, _Alloc>::key_compare std::map<_Key, _Tp, _Compare, _Alloc>::key_comp() const [with _Key = Pin*; _Tp = AnalogIn*; _Compare = std::less<Pin*>; _Alloc = std::allocator<std::pair<Pin* const, AnalogIn*> >]	24	static
/home/dgoncas/st/stm32cubeide_1.6.1/plugins/com.st.stm32cube.ide.mcu.externaltools.gnu-tools-for-stm32.10.3-2021.10.linux64_1.0.100.202210260954/tools/arm-none-eabi/include/c++/10.3.1/bits/stl_tree.h:277:7:_Tp& std::_Rb_tree_iterator<_Tp>::operator*() const [with _Tp = std::pair<Pin* const, AnalogIn*>]	16	static
/home/dgoncas/st/stm32cubeide_1.6.1/plugins/com.st.stm32cube.ide.mcu.externaltools.gnu-tools-for-stm32.10.3-2021.10.linux64_1.0.100.202210260954/tools/arm-none-eabi/include/c++/10.3.1/bits/stl_function.h:433:7:constexpr bool std::less<_Tp*>::operator()(_Tp*, _Tp*) const [with _Tp = Pin]	24	static
/home/dgoncas/st/stm32cubeide_1.6.1/plugins/com.st.stm32cube.ide.mcu.externaltools.gnu-tools-for-stm32.10.3-2021.10.linux64_1.0.100.202210260954/tools/arm-none-eabi/include/c++/10.3.1/tuple:638:2:>(), bool>::type <anonymous> = true; _Elements = {Pin* const&}]	16	static
/home/dgoncas/st/stm32cubeide_1.6.1/plugins/com.st.stm32cube.ide.mcu.externaltools.gnu-tools-for-stm32.10.3-2021.10.linux64_1.0.100.202210260954/tools/arm-none-eabi/include/c++/10.3.1/bits/stl_tree.h:350:7:std::_Rb_tree_const_iterator<_Tp>::_Rb_tree_const_iterator(const iterator&) [with _Tp = std::pair<Pin* const, AnalogIn*>]	16	static
/home/dgoncas/st/stm32cubeide_1.6.1/plugins/com.st.stm32cube.ide.mcu.externaltools.gnu-tools-for-stm32.10.3-2021.10.linux64_1.0.100.202210260954/tools/arm-none-eabi/include/c++/10.3.1/bits/stl_tree.h:2460:7:) [with _Args = {const std::piecewise_construct_t&, std::tuple<Pin* const&>, std::tuple<>}; _Key = Pin*; _Val = std::pair<Pin* const, AnalogIn*>; _KeyOfValue = std::_Select1st<std::pair<Pin* const, AnalogIn*> >; _Compare = std::less<Pin*>; _Alloc = std::allocator<std::pair<Pin* const, AnalogIn*> >]	48	static
/home/dgoncas/st/stm32cubeide_1.6.1/plugins/com.st.stm32cube.ide.mcu.externaltools.gnu-tools-for-stm32.10.3-2021.10.linux64_1.0.100.202210260954/tools/arm-none-eabi/include/c++/10.3.1/bits/move.h:76:5:constexpr _Tp&& std::forward(typename std::remove_reference<_Tp>::type&) [with _Tp = StreamMessage*]	16	static
/home/dgoncas/st/stm32cubeide_1.6.1/plugins/com.st.stm32cube.ide.mcu.externaltools.gnu-tools-for-stm32.10.3-2021.10.linux64_1.0.100.202210260954/tools/arm-none-eabi/include/c++/10.3.1/optional:300:42:) [with _Args = {StreamMessage*}][inherited from std::_Optional_payload_base<StreamMessage*>]	32	static
/home/dgoncas/st/stm32cubeide_1.6.1/plugins/com.st.stm32cube.ide.mcu.externaltools.gnu-tools-for-stm32.10.3-2021.10.linux64_1.0.100.202210260954/tools/arm-none-eabi/include/c++/10.3.1/optional:607:28:>, bool>::type <anonymous> = false; _Tp = StreamMessage*]	32	static
/home/dgoncas/st/stm32cubeide_1.6.1/plugins/com.st.stm32cube.ide.mcu.externaltools.gnu-tools-for-stm32.10.3-2021.10.linux64_1.0.100.202210260954/tools/arm-none-eabi/include/c++/10.3.1/bits/stl_map.h:1258:7:std::map<_Key, _Tp, _Compare, _Alloc>::iterator std::map<_Key, _Tp, _Compare, _Alloc>::lower_bound(const key_type&) [with _Key = Pin*; _Tp = DigitalIn*; _Compare = std::less<Pin*>; _Alloc = std::allocator<std::pair<Pin* const, DigitalIn*> >]	16	static
/home/dgoncas/st/stm32cubeide_1.6.1/plugins/com.st.stm32cube.ide.mcu.externaltools.gnu-tools-for-stm32.10.3-2021.10.linux64_1.0.100.202210260954/tools/arm-none-eabi/include/c++/10.3.1/bits/stl_map.h:374:7:std::map<_Key, _Tp, _Compare, _Alloc>::iterator std::map<_Key, _Tp, _Compare, _Alloc>::end() [with _Key = Pin*; _Tp = DigitalIn*; _Compare = std::less<Pin*>; _Alloc = std::allocator<std::pair<Pin* const, DigitalIn*> >]	16	static
/home/dgoncas/st/stm32cubeide_1.6.1/plugins/com.st.stm32cube.ide.mcu.externaltools.gnu-tools-for-stm32.10.3-2021.10.linux64_1.0.100.202210260954/tools/arm-none-eabi/include/c++/10.3.1/bits/stl_tree.h:315:7:bool std::operator==(const _Self&, const _Self&)	16	static
/home/dgoncas/st/stm32cubeide_1.6.1/plugins/com.st.stm32cube.ide.mcu.externaltools.gnu-tools-for-stm32.10.3-2021.10.linux64_1.0.100.202210260954/tools/arm-none-eabi/include/c++/10.3.1/bits/stl_map.h:1142:7:std::map<_Key, _Tp, _Compare, _Alloc>::key_compare std::map<_Key, _Tp, _Compare, _Alloc>::key_comp() const [with _Key = Pin*; _Tp = DigitalIn*; _Compare = std::less<Pin*>; _Alloc = std::allocator<std::pair<Pin* const, DigitalIn*> >]	24	static
/home/dgoncas/st/stm32cubeide_1.6.1/plugins/com.st.stm32cube.ide.mcu.externaltools.gnu-tools-for-stm32.10.3-2021.10.linux64_1.0.100.202210260954/tools/arm-none-eabi/include/c++/10.3.1/bits/stl_tree.h:277:7:_Tp& std::_Rb_tree_iterator<_Tp>::operator*() const [with _Tp = std::pair<Pin* const, DigitalIn*>]	16	static
/home/dgoncas/st/stm32cubeide_1.6.1/plugins/com.st.stm32cube.ide.mcu.externaltools.gnu-tools-for-stm32.10.3-2021.10.linux64_1.0.100.202210260954/tools/arm-none-eabi/include/c++/10.3.1/bits/stl_tree.h:350:7:std::_Rb_tree_const_iterator<_Tp>::_Rb_tree_const_iterator(const iterator&) [with _Tp = std::pair<Pin* const, DigitalIn*>]	16	static
/home/dgoncas/st/stm32cubeide_1.6.1/plugins/com.st.stm32cube.ide.mcu.externaltools.gnu-tools-for-stm32.10.3-2021.10.linux64_1.0.100.202210260954/tools/arm-none-eabi/include/c++/10.3.1/bits/stl_tree.h:2460:7:) [with _Args = {const std::piecewise_construct_t&, std::tuple<Pin* const&>, std::tuple<>}; _Key = Pin*; _Val = std::pair<Pin* const, DigitalIn*>; _KeyOfValue = std::_Select1st<std::pair<Pin* const, DigitalIn*> >; _Compare = std::less<Pin*>; _Alloc = std::allocator<std::pair<Pin* const, DigitalIn*> >]	48	static
/home/dgoncas/st/stm32cubeide_1.6.1/plugins/com.st.stm32cube.ide.mcu.externaltools.gnu-tools-for-stm32.10.3-2021.10.linux64_1.0.100.202210260954/tools/arm-none-eabi/include/c++/10.3.1/bits/stl_map.h:1258:7:std::map<_Key, _Tp, _Compare, _Alloc>::iterator std::map<_Key, _Tp, _Compare, _Alloc>::lower_bound(const key_type&) [with _Key = Pin*; _Tp = InputCapture*; _Compare = std::less<Pin*>; _Alloc = std::allocator<std::pair<Pin* const, InputCapture*> >]	16	static
/home/dgoncas/st/stm32cubeide_1.6.1/plugins/com.st.stm32cube.ide.mcu.externaltools.gnu-tools-for-stm32.10.3-2021.10.linux64_1.0.100.202210260954/tools/arm-none-eabi/include/c++/10.3.1/bits/stl_map.h:374:7:std::map<_Key, _Tp, _Compare, _Alloc>::iterator std::map<_Key, _Tp, _Compare, _Alloc>::end() [with _Key = Pin*; _Tp = InputCapture*; _Compare = std::less<Pin*>; _Alloc = std::allocator<std::pair<Pin* const, InputCapture*> >]	16	static
/home/dgoncas/st/stm32cubeide_1.6.1/plugins/com.st.stm32cube.ide.mcu.externaltools.gnu-tools-for-stm32.10.3-2021.10.linux64_1.0.100.202210260954/tools/arm-none-eabi/include/c++/10.3.1/bits/stl_tree.h:315:7:bool std::operator==(const _Self&, const _Self&)	16	static
/home/dgoncas/st/stm32cubeide_1.6.1/plugins/com.st.stm32cube.ide.mcu.externaltools.gnu-tools-for-stm32.10.3-2021.10.linux64_1.0.100.202210260954/tools/arm-none-eabi/include/c++/10.3.1/bits/stl_map.h:1142:7:std::map<_Key, _Tp, _Compare, _Alloc>::key_compare std::map<_Key, _Tp, _Compare, _Alloc>::key_comp() const [with _Key = Pin*; _Tp = InputCapture*; _Compare = std::less<Pin*>; _Alloc = std::allocator<std::pair<Pin* const, InputCapture*> >]	24	static
/home/dgoncas/st/stm32cubeide_1.6.1/plugins/com.st.stm32cube.ide.mcu.externaltools.gnu-tools-for-stm32.10.3-2021.10.linux64_1.0.100.202210260954/tools/arm-none-eabi/include/c++/10.3.1/bits/stl_tree.h:277:7:_Tp& std::_Rb_tree_iterator<_Tp>::operator*() const [with _Tp = std::pair<Pin* const, InputCapture*>]	16	static
/home/dgoncas/st/stm32cubeide_1.6.1/plugins/com.st.stm32cube.ide.mcu.externaltools.gnu-tools-for-stm32.10.3-2021.10.linux64_1.0.100.202210260954/tools/arm-none-eabi/include/c++/10.3.1/bits/stl_tree.h:350:7:std::_Rb_tree_const_iterator<_Tp>::_Rb_tree_const_iterator(const iterator&) [with _Tp = std::pair<Pin* const, InputCapture*>]	16	static
/home/dgoncas/st/stm32cubeide_1.6.1/plugins/com.st.stm32cube.ide.mcu.externaltools.gnu-tools-for-stm32.10.3-2021.10.linux64_1.0.100.202210260954/tools/arm-none-eabi/include/c++/10.3.1/bits/stl_tree.h:2460:7:) [with _Args = {const std::piecewise_construct_t&, std::tuple<Pin* const&>, std::tuple<>}; _Key = Pin*; _Val = std::pair<Pin* const, InputCapture*>; _KeyOfValue = std::_Select1st<std::pair<Pin* const, InputCapture*> >; _Compare = std::less<Pin*>; _Alloc = std::allocator<std::pair<Pin* const, InputCapture*> >]	48	static
/home/dgoncas/st/stm32cubeide_1.6.1/plugins/com.st.stm32cube.ide.mcu.externaltools.gnu-tools-for-stm32.10.3-2021.10.linux64_1.0.100.202210260954/tools/arm-none-eabi/include/c++/10.3.1/bits/allocator.h:164:7:constexpr std::allocator< <template-parameter-1-1> >::allocator() [with _Tp = StreamMessage*]	16	static
/home/dgoncas/st/stm32cubeide_1.6.1/plugins/com.st.stm32cube.ide.mcu.externaltools.gnu-tools-for-stm32.10.3-2021.10.linux64_1.0.100.202210260954/tools/arm-none-eabi/include/c++/10.3.1/bits/stl_vector.h:97:2:std::_Vector_base<_Tp, _Alloc>::_Vector_impl_data::_Vector_impl_data() [with _Tp = StreamMessage*; _Alloc = std::allocator<StreamMessage*>]	16	static
/home/dgoncas/st/stm32cubeide_1.6.1/plugins/com.st.stm32cube.ide.mcu.externaltools.gnu-tools-for-stm32.10.3-2021.10.linux64_1.0.100.202210260954/tools/arm-none-eabi/include/c++/10.3.1/bits/stl_vector.h:350:7:void std::_Vector_base<_Tp, _Alloc>::_M_deallocate(std::_Vector_base<_Tp, _Alloc>::pointer, std::size_t) [with _Tp = StreamMessage*; _Alloc = std::allocator<StreamMessage*>]	24	static
/home/dgoncas/st/stm32cubeide_1.6.1/plugins/com.st.stm32cube.ide.mcu.externaltools.gnu-tools-for-stm32.10.3-2021.10.linux64_1.0.100.202210260954/tools/arm-none-eabi/include/c++/10.3.1/bits/stl_vector.h:276:7:std::_Vector_base<_Tp, _Alloc>::_Tp_alloc_type& std::_Vector_base<_Tp, _Alloc>::_M_get_Tp_allocator() [with _Tp = StreamMessage*; _Alloc = std::allocator<StreamMessage*>]	16	static
/home/dgoncas/st/stm32cubeide_1.6.1/plugins/com.st.stm32cube.ide.mcu.externaltools.gnu-tools-for-stm32.10.3-2021.10.linux64_1.0.100.202210260954/tools/arm-none-eabi/include/c++/10.3.1/bits/alloc_traits.h:735:5:void std::_Destroy(_ForwardIterator, _ForwardIterator, std::allocator<_T2>&) [with _ForwardIterator = StreamMessage**; _Tp = StreamMessage*]	24	static
/home/dgoncas/st/stm32cubeide_1.6.1/plugins/com.st.stm32cube.ide.mcu.externaltools.gnu-tools-for-stm32.10.3-2021.10.linux64_1.0.100.202210260954/tools/arm-none-eabi/include/c++/10.3.1/bits/move.h:101:5:constexpr typename std::remove_reference<_Tp>::type&& std::move(_Tp&&) [with _Tp = Stream*&]	16	static
/home/dgoncas/st/stm32cubeide_1.6.1/plugins/com.st.stm32cube.ide.mcu.externaltools.gnu-tools-for-stm32.10.3-2021.10.linux64_1.0.100.202210260954/tools/arm-none-eabi/include/c++/10.3.1/bits/vector.tcc:109:7:) [with _Args = {Stream*}; _Tp = Stream*; _Alloc = std::allocator<Stream*>]	24	static
/home/dgoncas/st/stm32cubeide_1.6.1/plugins/com.st.stm32cube.ide.mcu.externaltools.gnu-tools-for-stm32.10.3-2021.10.linux64_1.0.100.202210260954/tools/arm-none-eabi/include/c++/10.3.1/bits/stl_iterator.h:978:7:constexpr __gnu_cxx::__normal_iterator<_Iterator, _Container>::__normal_iterator(const _Iterator&) [with _Iterator = StreamMessage**; _Container = std::vector<StreamMessage*>]	16	static
/home/dgoncas/st/stm32cubeide_1.6.1/plugins/com.st.stm32cube.ide.mcu.externaltools.gnu-tools-for-stm32.10.3-2021.10.linux64_1.0.100.202210260954/tools/arm-none-eabi/include/c++/10.3.1/bits/stl_construct.h:94:5:) [with _Tp = StreamMessage*; _Args = {StreamMessage* const&}]	24	static
/home/dgoncas/st/stm32cubeide_1.6.1/plugins/com.st.stm32cube.ide.mcu.externaltools.gnu-tools-for-stm32.10.3-2021.10.linux64_1.0.100.202210260954/tools/arm-none-eabi/include/c++/10.3.1/bits/alloc_traits.h:507:2:) [with _Up = StreamMessage*; _Args = {StreamMessage* const&}; _Tp = StreamMessage*]	24	static
/home/dgoncas/st/stm32cubeide_1.6.1/plugins/com.st.stm32cube.ide.mcu.externaltools.gnu-tools-for-stm32.10.3-2021.10.linux64_1.0.100.202210260954/tools/arm-none-eabi/include/c++/10.3.1/bits/vector.tcc:426:7:) [with _Args = {StreamMessage* const&}; _Tp = StreamMessage*; _Alloc = std::allocator<StreamMessage*>]	64	static
/home/dgoncas/st/stm32cubeide_1.6.1/plugins/com.st.stm32cube.ide.mcu.externaltools.gnu-tools-for-stm32.10.3-2021.10.linux64_1.0.100.202210260954/tools/arm-none-eabi/include/c++/10.3.1/bits/std_function.h:227:4:static bool std::_Function_base::_Base_manager<_Functor>::_M_not_empty_function(const _Tp&) [with _Tp = Stream::add_message(uint32_t, StreamMessage*, uint16_t)::<lambda()>; _Functor = Stream::add_message(uint32_t, StreamMessage*, uint16_t)::<lambda()>]	16	static
/home/dgoncas/st/stm32cubeide_1.6.1/plugins/com.st.stm32cube.ide.mcu.externaltools.gnu-tools-for-stm32.10.3-2021.10.linux64_1.0.100.202210260954/tools/arm-none-eabi/include/c++/10.3.1/bits/move.h:101:5:constexpr typename std::remove_reference<_Tp>::type&& std::move(_Tp&&) [with _Tp = Stream::add_message(uint32_t, StreamMessage*, uint16_t)::<lambda()>&]	16	static
/home/dgoncas/st/stm32cubeide_1.6.1/plugins/com.st.stm32cube.ide.mcu.externaltools.gnu-tools-for-stm32.10.3-2021.10.linux64_1.0.100.202210260954/tools/arm-none-eabi/include/c++/10.3.1/bits/std_function.h:207:2:static void std::_Function_base::_Base_manager<_Functor>::_M_init_functor(std::_Any_data&, _Functor&&) [with _Functor = Stream::add_message(uint32_t, StreamMessage*, uint16_t)::<lambda()>]	24	static
/home/dgoncas/st/stm32cubeide_1.6.1/plugins/com.st.stm32cube.ide.mcu.externaltools.gnu-tools-for-stm32.10.3-2021.10.linux64_1.0.100.202210260954/tools/arm-none-eabi/include/c++/10.3.1/bits/std_function.h:289:7:) [with _Res = void; _Functor = Stream::add_message(uint32_t, StreamMessage*, uint16_t)::<lambda()>; _ArgTypes = {}]	16	static
/home/dgoncas/st/stm32cubeide_1.6.1/plugins/com.st.stm32cube.ide.mcu.externaltools.gnu-tools-for-stm32.10.3-2021.10.linux64_1.0.100.202210260954/tools/arm-none-eabi/include/c++/10.3.1/bits/std_function.h:268:7:), _Functor>::_M_manager(std::_Any_data&, const std::_Any_data&, std::_Manager_operation) [with _Res = void; _Functor = Stream::add_message(uint32_t, StreamMessage*, uint16_t)::<lambda()>; _ArgTypes = {}]	32	static
/home/dgoncas/st/stm32cubeide_1.6.1/plugins/com.st.stm32cube.ide.mcu.externaltools.gnu-tools-for-stm32.10.3-2021.10.linux64_1.0.100.202210260954/tools/arm-none-eabi/include/c++/10.3.1/optional:267:7:constexpr _Tp& std::_Optional_payload_base<_Tp>::_M_get() [with _Tp = StreamMessage*]	16	static
/home/dgoncas/st/stm32cubeide_1.6.1/plugins/com.st.stm32cube.ide.mcu.externaltools.gnu-tools-for-stm32.10.3-2021.10.linux64_1.0.100.202210260954/tools/arm-none-eabi/include/c++/10.3.1/bits/stl_iterator.h:978:7:constexpr __gnu_cxx::__normal_iterator<_Iterator, _Container>::__normal_iterator(const _Iterator&) [with _Iterator = Stream**; _Container = std::vector<Stream*>]	16	static
/home/dgoncas/st/stm32cubeide_1.6.1/plugins/com.st.stm32cube.ide.mcu.externaltools.gnu-tools-for-stm32.10.3-2021.10.linux64_1.0.100.202210260954/tools/arm-none-eabi/include/c++/10.3.1/bits/stl_vector.h:131:2:std::_Vector_base<_Tp, _Alloc>::_Vector_impl::_Vector_impl() [with _Tp = Field<>*; _Alloc = std::allocator<Field<>*>]	16	static
/home/dgoncas/st/stm32cubeide_1.6.1/plugins/com.st.stm32cube.ide.mcu.externaltools.gnu-tools-for-stm32.10.3-2021.10.linux64_1.0.100.202210260954/tools/arm-none-eabi/include/c++/10.3.1/bits/allocator.h:182:7:constexpr std::allocator< <template-parameter-1-1> >::~allocator() [with _Tp = Field<>*]	16	static
/home/dgoncas/st/stm32cubeide_1.6.1/plugins/com.st.stm32cube.ide.mcu.externaltools.gnu-tools-for-stm32.10.3-2021.10.linux64_1.0.100.202210260954/tools/arm-none-eabi/include/c++/10.3.1/bits/stl_vector.h:333:7:std::_Vector_base<_Tp, _Alloc>::~_Vector_base() [with _Tp = Field<>*; _Alloc = std::allocator<Field<>*>]	16	static
/home/dgoncas/st/stm32cubeide_1.6.1/plugins/com.st.stm32cube.ide.mcu.externaltools.gnu-tools-for-stm32.10.3-2021.10.linux64_1.0.100.202210260954/tools/arm-none-eabi/include/c++/10.3.1/bits/stl_vector.h:678:7:std::vector<_Tp, _Alloc>::~vector() [with _Tp = Field<>*; _Alloc = std::allocator<Field<>*>]	24	static
../Core/Inc/Mini-STLIB/Models/Packet.hpp:101:10:) [with Arg1 = unsigned char; Rest = {}]	32	static
/home/dgoncas/st/stm32cubeide_1.6.1/plugins/com.st.stm32cube.ide.mcu.externaltools.gnu-tools-for-stm32.10.3-2021.10.linux64_1.0.100.202210260954/tools/arm-none-eabi/include/c++/10.3.1/bits/stl_map.h:492:7:std::map<_Key, _Tp, _Compare, _Alloc>::mapped_type& std::map<_Key, _Tp, _Compare, _Alloc>::operator[](const key_type&) [with _Key = short unsigned int; _Tp = Packet*; _Compare = std::less<short unsigned int>; _Alloc = std::allocator<std::pair<const short unsigned int, Packet*> >]	56	static
../Core/Inc/Mini-STLIB/Models/Packet.hpp:101:10:) [with Arg1 = unsigned char; Rest = {short unsigned int}]	40	static
../Core/Inc/Mini-STLIB/Models/Packet.hpp:101:10:) [with Arg1 = unsigned char; Rest = {long unsigned int}]	40	static
../Core/Inc/Mini-STLIB/Models/Packet.hpp:101:10:) [with Arg1 = unsigned char; Rest = {unsigned char}]	40	static
/home/dgoncas/st/stm32cubeide_1.6.1/plugins/com.st.stm32cube.ide.mcu.externaltools.gnu-tools-for-stm32.10.3-2021.10.linux64_1.0.100.202210260954/tools/arm-none-eabi/include/c++/10.3.1/optional:267:7:constexpr _Tp& std::_Optional_payload_base<_Tp>::_M_get() [with _Tp = Pin*]	16	static
/home/dgoncas/st/stm32cubeide_1.6.1/plugins/com.st.stm32cube.ide.mcu.externaltools.gnu-tools-for-stm32.10.3-2021.10.linux64_1.0.100.202210260954/tools/arm-none-eabi/include/c++/10.3.1/bits/stl_tree.h:2565:5:std::_Rb_tree<_Key, _Val, _KeyOfValue, _Compare, _Alloc>::const_iterator std::_Rb_tree<_Key, _Val, _KeyOfValue, _Compare, _Alloc>::find(const _Key&) const [with _Key = Pin*; _Val = std::pair<Pin* const, DigitalOut*>; _KeyOfValue = std::_Select1st<std::pair<Pin* const, DigitalOut*> >; _Compare = std::less<Pin*>; _Alloc = std::allocator<std::pair<Pin* const, DigitalOut*> >]	32	static
/home/dgoncas/st/stm32cubeide_1.6.1/plugins/com.st.stm32cube.ide.mcu.externaltools.gnu-tools-for-stm32.10.3-2021.10.linux64_1.0.100.202210260954/tools/arm-none-eabi/include/c++/10.3.1/bits/stl_tree.h:1016:7:std::_Rb_tree<_Key, _Val, _KeyOfValue, _Compare, _Alloc>::const_iterator std::_Rb_tree<_Key, _Val, _KeyOfValue, _Compare, _Alloc>::end() const [with _Key = Pin*; _Val = std::pair<Pin* const, DigitalOut*>; _KeyOfValue = std::_Select1st<std::pair<Pin* const, DigitalOut*> >; _Compare = std::less<Pin*>; _Alloc = std::allocator<std::pair<Pin* const, DigitalOut*> >]	24	static
/home/dgoncas/st/stm32cubeide_1.6.1/plugins/com.st.stm32cube.ide.mcu.externaltools.gnu-tools-for-stm32.10.3-2021.10.linux64_1.0.100.202210260954/tools/arm-none-eabi/include/c++/10.3.1/bits/stl_tree.h:396:7:bool std::operator==(const _Self&, const _Self&)	16	static
/home/dgoncas/st/stm32cubeide_1.6.1/plugins/com.st.stm32cube.ide.mcu.externaltools.gnu-tools-for-stm32.10.3-2021.10.linux64_1.0.100.202210260954/tools/arm-none-eabi/include/c++/10.3.1/bits/stl_map.h:1258:7:std::map<_Key, _Tp, _Compare, _Alloc>::iterator std::map<_Key, _Tp, _Compare, _Alloc>::lower_bound(const key_type&) [with _Key = Pin*; _Tp = DigitalOut*; _Compare = std::less<Pin*>; _Alloc = std::allocator<std::pair<Pin* const, DigitalOut*> >]	16	static
/home/dgoncas/st/stm32cubeide_1.6.1/plugins/com.st.stm32cube.ide.mcu.externaltools.gnu-tools-for-stm32.10.3-2021.10.linux64_1.0.100.202210260954/tools/arm-none-eabi/include/c++/10.3.1/bits/stl_map.h:374:7:std::map<_Key, _Tp, _Compare, _Alloc>::iterator std::map<_Key, _Tp, _Compare, _Alloc>::end() [with _Key = Pin*; _Tp = DigitalOut*; _Compare = std::less<Pin*>; _Alloc = std::allocator<std::pair<Pin* const, DigitalOut*> >]	16	static
/home/dgoncas/st/stm32cubeide_1.6.1/plugins/com.st.stm32cube.ide.mcu.externaltools.gnu-tools-for-stm32.10.3-2021.10.linux64_1.0.100.202210260954/tools/arm-none-eabi/include/c++/10.3.1/bits/stl_tree.h:315:7:bool std::operator==(const _Self&, const _Self&)	16	static
/home/dgoncas/st/stm32cubeide_1.6.1/plugins/com.st.stm32cube.ide.mcu.externaltools.gnu-tools-for-stm32.10.3-2021.10.linux64_1.0.100.202210260954/tools/arm-none-eabi/include/c++/10.3.1/bits/stl_map.h:1142:7:std::map<_Key, _Tp, _Compare, _Alloc>::key_compare std::map<_Key, _Tp, _Compare, _Alloc>::key_comp() const [with _Key = Pin*; _Tp = DigitalOut*; _Compare = std::less<Pin*>; _Alloc = std::allocator<std::pair<Pin* const, DigitalOut*> >]	24	static
/home/dgoncas/st/stm32cubeide_1.6.1/plugins/com.st.stm32cube.ide.mcu.externaltools.gnu-tools-for-stm32.10.3-2021.10.linux64_1.0.100.202210260954/tools/arm-none-eabi/include/c++/10.3.1/bits/stl_tree.h:277:7:_Tp& std::_Rb_tree_iterator<_Tp>::operator*() const [with _Tp = std::pair<Pin* const, DigitalOut*>]	16	static
/home/dgoncas/st/stm32cubeide_1.6.1/plugins/com.st.stm32cube.ide.mcu.externaltools.gnu-tools-for-stm32.10.3-2021.10.linux64_1.0.100.202210260954/tools/arm-none-eabi/include/c++/10.3.1/bits/stl_tree.h:350:7:std::_Rb_tree_const_iterator<_Tp>::_Rb_tree_const_iterator(const iterator&) [with _Tp = std::pair<Pin* const, DigitalOut*>]	16	static
/home/dgoncas/st/stm32cubeide_1.6.1/plugins/com.st.stm32cube.ide.mcu.externaltools.gnu-tools-for-stm32.10.3-2021.10.linux64_1.0.100.202210260954/tools/arm-none-eabi/include/c++/10.3.1/bits/stl_tree.h:2460:7:) [with _Args = {const std::piecewise_construct_t&, std::tuple<Pin* const&>, std::tuple<>}; _Key = Pin*; _Val = std::pair<Pin* const, DigitalOut*>; _KeyOfValue = std::_Select1st<std::pair<Pin* const, DigitalOut*> >; _Compare = std::less<Pin*>; _Alloc = std::allocator<std::pair<Pin* const, DigitalOut*> >]	48	static
/home/dgoncas/st/stm32cubeide_1.6.1/plugins/com.st.stm32cube.ide.mcu.externaltools.gnu-tools-for-stm32.10.3-2021.10.linux64_1.0.100.202210260954/tools/arm-none-eabi/include/c++/10.3.1/bits/stl_tree.h:2565:5:std::_Rb_tree<_Key, _Val, _KeyOfValue, _Compare, _Alloc>::const_iterator std::_Rb_tree<_Key, _Val, _KeyOfValue, _Compare, _Alloc>::find(const _Key&) const [with _Key = Pin*; _Val = std::pair<Pin* const, AnalogOut*>; _KeyOfValue = std::_Select1st<std::pair<Pin* const, AnalogOut*> >; _Compare = std::less<Pin*>; _Alloc = std::allocator<std::pair<Pin* const, AnalogOut*> >]	32	static
/home/dgoncas/st/stm32cubeide_1.6.1/plugins/com.st.stm32cube.ide.mcu.externaltools.gnu-tools-for-stm32.10.3-2021.10.linux64_1.0.100.202210260954/tools/arm-none-eabi/include/c++/10.3.1/bits/stl_tree.h:1016:7:std::_Rb_tree<_Key, _Val, _KeyOfValue, _Compare, _Alloc>::const_iterator std::_Rb_tree<_Key, _Val, _KeyOfValue, _Compare, _Alloc>::end() const [with _Key = Pin*; _Val = std::pair<Pin* const, AnalogOut*>; _KeyOfValue = std::_Select1st<std::pair<Pin* const, AnalogOut*> >; _Compare = std::less<Pin*>; _Alloc = std::allocator<std::pair<Pin* const, AnalogOut*> >]	24	static
/home/dgoncas/st/stm32cubeide_1.6.1/plugins/com.st.stm32cube.ide.mcu.externaltools.gnu-tools-for-stm32.10.3-2021.10.linux64_1.0.100.202210260954/tools/arm-none-eabi/include/c++/10.3.1/bits/stl_tree.h:396:7:bool std::operator==(const _Self&, const _Self&)	16	static
/home/dgoncas/st/stm32cubeide_1.6.1/plugins/com.st.stm32cube.ide.mcu.externaltools.gnu-tools-for-stm32.10.3-2021.10.linux64_1.0.100.202210260954/tools/arm-none-eabi/include/c++/10.3.1/bits/stl_map.h:1258:7:std::map<_Key, _Tp, _Compare, _Alloc>::iterator std::map<_Key, _Tp, _Compare, _Alloc>::lower_bound(const key_type&) [with _Key = Pin*; _Tp = AnalogOut*; _Compare = std::less<Pin*>; _Alloc = std::allocator<std::pair<Pin* const, AnalogOut*> >]	16	static
/home/dgoncas/st/stm32cubeide_1.6.1/plugins/com.st.stm32cube.ide.mcu.externaltools.gnu-tools-for-stm32.10.3-2021.10.linux64_1.0.100.202210260954/tools/arm-none-eabi/include/c++/10.3.1/bits/stl_map.h:374:7:std::map<_Key, _Tp, _Compare, _Alloc>::iterator std::map<_Key, _Tp, _Compare, _Alloc>::end() [with _Key = Pin*; _Tp = AnalogOut*; _Compare = std::less<Pin*>; _Alloc = std::allocator<std::pair<Pin* const, AnalogOut*> >]	16	static
/home/dgoncas/st/stm32cubeide_1.6.1/plugins/com.st.stm32cube.ide.mcu.externaltools.gnu-tools-for-stm32.10.3-2021.10.linux64_1.0.100.202210260954/tools/arm-none-eabi/include/c++/10.3.1/bits/stl_tree.h:315:7:bool std::operator==(const _Self&, const _Self&)	16	static
/home/dgoncas/st/stm32cubeide_1.6.1/plugins/com.st.stm32cube.ide.mcu.externaltools.gnu-tools-for-stm32.10.3-2021.10.linux64_1.0.100.202210260954/tools/arm-none-eabi/include/c++/10.3.1/bits/stl_map.h:1142:7:std::map<_Key, _Tp, _Compare, _Alloc>::key_compare std::map<_Key, _Tp, _Compare, _Alloc>::key_comp() const [with _Key = Pin*; _Tp = AnalogOut*; _Compare = std::less<Pin*>; _Alloc = std::allocator<std::pair<Pin* const, AnalogOut*> >]	24	static
/home/dgoncas/st/stm32cubeide_1.6.1/plugins/com.st.stm32cube.ide.mcu.externaltools.gnu-tools-for-stm32.10.3-2021.10.linux64_1.0.100.202210260954/tools/arm-none-eabi/include/c++/10.3.1/bits/stl_tree.h:277:7:_Tp& std::_Rb_tree_iterator<_Tp>::operator*() const [with _Tp = std::pair<Pin* const, AnalogOut*>]	16	static
/home/dgoncas/st/stm32cubeide_1.6.1/plugins/com.st.stm32cube.ide.mcu.externaltools.gnu-tools-for-stm32.10.3-2021.10.linux64_1.0.100.202210260954/tools/arm-none-eabi/include/c++/10.3.1/bits/stl_tree.h:350:7:std::_Rb_tree_const_iterator<_Tp>::_Rb_tree_const_iterator(const iterator&) [with _Tp = std::pair<Pin* const, AnalogOut*>]	16	static
/home/dgoncas/st/stm32cubeide_1.6.1/plugins/com.st.stm32cube.ide.mcu.externaltools.gnu-tools-for-stm32.10.3-2021.10.linux64_1.0.100.202210260954/tools/arm-none-eabi/include/c++/10.3.1/bits/stl_tree.h:2460:7:) [with _Args = {const std::piecewise_construct_t&, std::tuple<Pin* const&>, std::tuple<>}; _Key = Pin*; _Val = std::pair<Pin* const, AnalogOut*>; _KeyOfValue = std::_Select1st<std::pair<Pin* const, AnalogOut*> >; _Compare = std::less<Pin*>; _Alloc = std::allocator<std::pair<Pin* const, AnalogOut*> >]	48	static
/home/dgoncas/st/stm32cubeide_1.6.1/plugins/com.st.stm32cube.ide.mcu.externaltools.gnu-tools-for-stm32.10.3-2021.10.linux64_1.0.100.202210260954/tools/arm-none-eabi/include/c++/10.3.1/bits/std_function.h:227:4:static bool std::_Function_base::_Base_manager<_Functor>::_M_not_empty_function(const _Tp&) [with _Tp = TUDTests::setup()::<lambda()>; _Functor = TUDTests::setup()::<lambda()>]	16	static
/home/dgoncas/st/stm32cubeide_1.6.1/plugins/com.st.stm32cube.ide.mcu.externaltools.gnu-tools-for-stm32.10.3-2021.10.linux64_1.0.100.202210260954/tools/arm-none-eabi/include/c++/10.3.1/bits/move.h:101:5:constexpr typename std::remove_reference<_Tp>::type&& std::move(_Tp&&) [with _Tp = TUDTests::setup()::<lambda()>&]	16	static
/home/dgoncas/st/stm32cubeide_1.6.1/plugins/com.st.stm32cube.ide.mcu.externaltools.gnu-tools-for-stm32.10.3-2021.10.linux64_1.0.100.202210260954/tools/arm-none-eabi/include/c++/10.3.1/bits/std_function.h:207:2:static void std::_Function_base::_Base_manager<_Functor>::_M_init_functor(std::_Any_data&, _Functor&&) [with _Functor = TUDTests::setup()::<lambda()>]	24	static
/home/dgoncas/st/stm32cubeide_1.6.1/plugins/com.st.stm32cube.ide.mcu.externaltools.gnu-tools-for-stm32.10.3-2021.10.linux64_1.0.100.202210260954/tools/arm-none-eabi/include/c++/10.3.1/bits/std_function.h:289:7:) [with _Res = void; _Functor = TUDTests::setup()::<lambda()>; _ArgTypes = {}]	16	static
/home/dgoncas/st/stm32cubeide_1.6.1/plugins/com.st.stm32cube.ide.mcu.externaltools.gnu-tools-for-stm32.10.3-2021.10.linux64_1.0.100.202210260954/tools/arm-none-eabi/include/c++/10.3.1/bits/std_function.h:268:7:), _Functor>::_M_manager(std::_Any_data&, const std::_Any_data&, std::_Manager_operation) [with _Res = void; _Functor = TUDTests::setup()::<lambda()>; _ArgTypes = {}]	32	static
/home/dgoncas/st/stm32cubeide_1.6.1/plugins/com.st.stm32cube.ide.mcu.externaltools.gnu-tools-for-stm32.10.3-2021.10.linux64_1.0.100.202210260954/tools/arm-none-eabi/include/c++/10.3.1/bits/stl_iterator.h:978:7:constexpr __gnu_cxx::__normal_iterator<_Iterator, _Container>::__normal_iterator(const _Iterator&) [with _Iterator = DigitalIn**; _Container = std::vector<DigitalIn*>]	16	static
/home/dgoncas/st/stm32cubeide_1.6.1/plugins/com.st.stm32cube.ide.mcu.externaltools.gnu-tools-for-stm32.10.3-2021.10.linux64_1.0.100.202210260954/tools/arm-none-eabi/include/c++/10.3.1/bits/std_function.h:227:4:static bool std::_Function_base::_Base_manager<_Functor>::_M_not_empty_function(const _Tp&) [with _Tp = TUDTests::setup()::<lambda()>; _Functor = TUDTests::setup()::<lambda()>]	16	static
/home/dgoncas/st/stm32cubeide_1.6.1/plugins/com.st.stm32cube.ide.mcu.externaltools.gnu-tools-for-stm32.10.3-2021.10.linux64_1.0.100.202210260954/tools/arm-none-eabi/include/c++/10.3.1/bits/move.h:101:5:constexpr typename std::remove_reference<_Tp>::type&& std::move(_Tp&&) [with _Tp = TUDTests::setup()::<lambda()>&]	16	static
/home/dgoncas/st/stm32cubeide_1.6.1/plugins/com.st.stm32cube.ide.mcu.externaltools.gnu-tools-for-stm32.10.3-2021.10.linux64_1.0.100.202210260954/tools/arm-none-eabi/include/c++/10.3.1/bits/std_function.h:207:2:static void std::_Function_base::_Base_manager<_Functor>::_M_init_functor(std::_Any_data&, _Functor&&) [with _Functor = TUDTests::setup()::<lambda()>]	24	static
/home/dgoncas/st/stm32cubeide_1.6.1/plugins/com.st.stm32cube.ide.mcu.externaltools.gnu-tools-for-stm32.10.3-2021.10.linux64_1.0.100.202210260954/tools/arm-none-eabi/include/c++/10.3.1/bits/std_function.h:289:7:) [with _Res = void; _Functor = TUDTests::setup()::<lambda()>; _ArgTypes = {}]	16	static
/home/dgoncas/st/stm32cubeide_1.6.1/plugins/com.st.stm32cube.ide.mcu.externaltools.gnu-tools-for-stm32.10.3-2021.10.linux64_1.0.100.202210260954/tools/arm-none-eabi/include/c++/10.3.1/bits/std_function.h:268:7:), _Functor>::_M_manager(std::_Any_data&, const std::_Any_data&, std::_Manager_operation) [with _Res = void; _Functor = TUDTests::setup()::<lambda()>; _ArgTypes = {}]	32	static
/home/dgoncas/st/stm32cubeide_1.6.1/plugins/com.st.stm32cube.ide.mcu.externaltools.gnu-tools-for-stm32.10.3-2021.10.linux64_1.0.100.202210260954/tools/arm-none-eabi/include/c++/10.3.1/bits/stl_tree.h:273:7:std::_Rb_tree_iterator<_Tp>::_Rb_tree_iterator(std::_Rb_tree_iterator<_Tp>::_Base_ptr) [with _Tp = std::pair<const short unsigned int, Packet*>]	16	static
/home/dgoncas/st/stm32cubeide_1.6.1/plugins/com.st.stm32cube.ide.mcu.externaltools.gnu-tools-for-stm32.10.3-2021.10.linux64_1.0.100.202210260954/tools/arm-none-eabi/include/c++/10.3.1/ext/aligned_buffer.h:72:7:_Tp* __gnu_cxx::__aligned_membuf<_Tp>::_M_ptr() [with _Tp = std::pair<const short unsigned int, Packet*>]	16	static
/home/dgoncas/st/stm32cubeide_1.6.1/plugins/com.st.stm32cube.ide.mcu.externaltools.gnu-tools-for-stm32.10.3-2021.10.linux64_1.0.100.202210260954/tools/arm-none-eabi/include/c++/10.3.1/bits/move.h:76:5:constexpr _Tp&& std::forward(typename std::remove_reference<_Tp>::type&) [with _Tp = Timer*]	16	static
/home/dgoncas/st/stm32cubeide_1.6.1/plugins/com.st.stm32cube.ide.mcu.externaltools.gnu-tools-for-stm32.10.3-2021.10.linux64_1.0.100.202210260954/tools/arm-none-eabi/include/c++/10.3.1/bits/stl_construct.h:94:5:) [with _Tp = Timer*; _Args = {Timer*}]	24	static
/home/dgoncas/st/stm32cubeide_1.6.1/plugins/com.st.stm32cube.ide.mcu.externaltools.gnu-tools-for-stm32.10.3-2021.10.linux64_1.0.100.202210260954/tools/arm-none-eabi/include/c++/10.3.1/bits/alloc_traits.h:507:2:) [with _Up = Timer*; _Args = {Timer*}; _Tp = Timer*]	24	static
/home/dgoncas/st/stm32cubeide_1.6.1/plugins/com.st.stm32cube.ide.mcu.externaltools.gnu-tools-for-stm32.10.3-2021.10.linux64_1.0.100.202210260954/tools/arm-none-eabi/include/c++/10.3.1/bits/vector.tcc:426:7:) [with _Args = {Timer*}; _Tp = Timer*; _Alloc = std::allocator<Timer*>]	64	static
/home/dgoncas/st/stm32cubeide_1.6.1/plugins/com.st.stm32cube.ide.mcu.externaltools.gnu-tools-for-stm32.10.3-2021.10.linux64_1.0.100.202210260954/tools/arm-none-eabi/include/c++/10.3.1/bits/stl_vector.h:1143:7:std::vector<_Tp, _Alloc>::reference std::vector<_Tp, _Alloc>::back() [with _Tp = Timer*; _Alloc = std::allocator<Timer*>]	24	static
/home/dgoncas/st/stm32cubeide_1.6.1/plugins/com.st.stm32cube.ide.mcu.externaltools.gnu-tools-for-stm32.10.3-2021.10.linux64_1.0.100.202210260954/tools/arm-none-eabi/include/c++/10.3.1/bits/std_function.h:498:16:)>::operator bool() const [with _Res = void; _ArgTypes = {}]	16	static
/home/dgoncas/st/stm32cubeide_1.6.1/plugins/com.st.stm32cube.ide.mcu.externaltools.gnu-tools-for-stm32.10.3-2021.10.linux64_1.0.100.202210260954/tools/arm-none-eabi/include/c++/10.3.1/bits/move.h:189:5:constexpr std::_Require<std::__not_<std::__is_tuple_like<_Tp> >, std::is_move_constructible<_Tp>, std::is_move_assignable<_Tp> > std::swap(_Tp&, _Tp&) [with _Tp = std::_Any_data]	24	static
/home/dgoncas/st/stm32cubeide_1.6.1/plugins/com.st.stm32cube.ide.mcu.externaltools.gnu-tools-for-stm32.10.3-2021.10.linux64_1.0.100.202210260954/tools/arm-none-eabi/include/c++/10.3.1/bits/move.h:189:5:constexpr std::_Require<std::__not_<std::__is_tuple_like<_Tp> >, std::is_move_constructible<_Tp>, std::is_move_assignable<_Tp> > std::swap(_Tp&, _Tp&) [with _Tp = bool (*)(std::_Any_data&, const std::_Any_data&, std::_Manager_operation)]	24	static
/home/dgoncas/st/stm32cubeide_1.6.1/plugins/com.st.stm32cube.ide.mcu.externaltools.gnu-tools-for-stm32.10.3-2021.10.linux64_1.0.100.202210260954/tools/arm-none-eabi/include/c++/10.3.1/bits/move.h:189:5:constexpr std::_Require<std::__not_<std::__is_tuple_like<_Tp> >, std::is_move_constructible<_Tp>, std::is_move_assignable<_Tp> > std::swap(_Tp&, _Tp&) [with _Tp = void (*)(const std::_Any_data&)]	24	static
/home/dgoncas/st/stm32cubeide_1.6.1/plugins/com.st.stm32cube.ide.mcu.externaltools.gnu-tools-for-stm32.10.3-2021.10.linux64_1.0.100.202210260954/tools/arm-none-eabi/include/c++/10.3.1/bits/stl_tree.h:1278:7:std::_Rb_tree<_Key, _Val, _KeyOfValue, _Compare, _Alloc>::iterator std::_Rb_tree<_Key, _Val, _KeyOfValue, _Compare, _Alloc>::lower_bound(const key_type&) [with _Key = Precision; _Val = std::pair<const Precision, long unsigned int>; _KeyOfValue = std::_Select1st<std::pair<const Precision, long unsigned int> >; _Compare = std::less<Precision>; _Alloc = std::allocator<std::pair<const Precision, long unsigned int> >]	24	static
/home/dgoncas/st/stm32cubeide_1.6.1/plugins/com.st.stm32cube.ide.mcu.externaltools.gnu-tools-for-stm32.10.3-2021.10.linux64_1.0.100.202210260954/tools/arm-none-eabi/include/c++/10.3.1/bits/stl_tree.h:1012:7:std::_Rb_tree<_Key, _Val, _KeyOfValue, _Compare, _Alloc>::iterator std::_Rb_tree<_Key, _Val, _KeyOfValue, _Compare, _Alloc>::end() [with _Key = Precision; _Val = std::pair<const Precision, long unsigned int>; _KeyOfValue = std::_Select1st<std::pair<const Precision, long unsigned int> >; _Compare = std::less<Precision>; _Alloc = std::allocator<std::pair<const Precision, long unsigned int> >]	24	static
/home/dgoncas/st/stm32cubeide_1.6.1/plugins/com.st.stm32cube.ide.mcu.externaltools.gnu-tools-for-stm32.10.3-2021.10.linux64_1.0.100.202210260954/tools/arm-none-eabi/include/c++/10.3.1/bits/stl_tree.h:1000:7:_Compare std::_Rb_tree<_Key, _Val, _KeyOfValue, _Compare, _Alloc>::key_comp() const [with _Key = Precision; _Val = std::pair<const Precision, long unsigned int>; _KeyOfValue = std::_Select1st<std::pair<const Precision, long unsigned int> >; _Compare = std::less<Precision>; _Alloc = std::allocator<std::pair<const Precision, long unsigned int> >]	16	static
/home/dgoncas/st/stm32cubeide_1.6.1/plugins/com.st.stm32cube.ide.mcu.externaltools.gnu-tools-for-stm32.10.3-2021.10.linux64_1.0.100.202210260954/tools/arm-none-eabi/include/c++/10.3.1/bits/stl_tree.h:234:7:_Val* std::_Rb_tree_node<_Val>::_M_valptr() [with _Val = std::pair<const Precision, long unsigned int>]	16	static
/home/dgoncas/st/stm32cubeide_1.6.1/plugins/com.st.stm32cube.ide.mcu.externaltools.gnu-tools-for-stm32.10.3-2021.10.linux64_1.0.100.202210260954/tools/arm-none-eabi/include/c++/10.3.1/bits/move.h:76:5:constexpr _Tp&& std::forward(typename std::remove_reference<_Tp>::type&) [with _Tp = Precision]	16	static
/home/dgoncas/st/stm32cubeide_1.6.1/plugins/com.st.stm32cube.ide.mcu.externaltools.gnu-tools-for-stm32.10.3-2021.10.linux64_1.0.100.202210260954/tools/arm-none-eabi/include/c++/10.3.1/tuple:653:2:>(), bool>::type <anonymous> = true; _Elements = {Precision&&}]	24	static
[...]
/home/dgoncas/st/stm32cubeide_1.6.1/plugins/com.st.stm32cube.ide.mcu.externaltools.gnu-tools-for-stm32.10.3-2021.10.linux64_1.0.100.202210260954/tools/arm-none-eabi/include/c++/10.3.1/ext/new_allocator.h:126:7:void __gnu_cxx::new_allocator<_Tp>::deallocate(_Tp*, __gnu_cxx::new_allocator<_Tp>::size_type) [with _Tp = std::_Rb_tree_node<std::pair<Pin* const, DigitalIn*> >]	24	static
/home/dgoncas/st/stm32cubeide_1.6.1/plugins/com.st.stm32cube.ide.mcu.externaltools.gnu-tools-for-stm32.10.3-2021.10.linux64_1.0.100.202210260954/tools/arm-none-eabi/include/c++/10.3.1/ext/new_allocator.h:103:7:_Tp* __gnu_cxx::new_allocator<_Tp>::allocate(__gnu_cxx::new_allocator<_Tp>::size_type, const void*) [with _Tp = std::_Rb_tree_node<std::pair<Pin* const, InputCapture*> >]	24	static
/home/dgoncas/st/stm32cubeide_1.6.1/plugins/com.st.stm32cube.ide.mcu.externaltools.gnu-tools-for-stm32.10.3-2021.10.linux64_1.0.100.202210260954/tools/arm-none-eabi/include/c++/10.3.1/ext/new_allocator.h:126:7:void __gnu_cxx::new_allocator<_Tp>::deallocate(_Tp*, __gnu_cxx::new_allocator<_Tp>::size_type) [with _Tp = std::_Rb_tree_node<std::pair<Pin* const, InputCapture*> >]	24	static
/home/dgoncas/st/stm32cubeide_1.6.1/plugins/com.st.stm32cube.ide.mcu.externaltools.gnu-tools-for-stm32.10.3-2021.10.linux64_1.0.100.202210260954/tools/arm-none-eabi/include/c++/10.3.1/ext/new_allocator.h:103:7:_Tp* __gnu_cxx::new_allocator<_Tp>::allocate(__gnu_cxx::new_allocator<_Tp>::size_type, const void*) [with _Tp = Stream*]	24	static
/home/dgoncas/st/stm32cubeide_1.6.1/plugins/com.st.stm32cube.ide.mcu.externaltools.gnu-tools-for-stm32.10.3-2021.10.linux64_1.0.100.202210260954/tools/arm-none-eabi/include/c++/10.3.1/bits/stl_algobase.h:313:5:constexpr _Iterator std::__niter_base(_Iterator) [with _Iterator = Stream**]	16	static
/home/dgoncas/st/stm32cubeide_1.6.1/plugins/com.st.stm32cube.ide.mcu.externaltools.gnu-tools-for-stm32.10.3-2021.10.linux64_1.0.100.202210260954/tools/arm-none-eabi/include/c++/10.3.1/bits/stl_uninitialized.h:988:5:std::__enable_if_t<std::__is_bitwise_relocatable<_Tp>::value, _Tp*> std::__relocate_a_1(_Tp*, _Tp*, _Tp*, std::allocator<_T2>&) [with _Tp = Stream*; _Up = Stream*]	32	static
/home/dgoncas/st/stm32cubeide_1.6.1/plugins/com.st.stm32cube.ide.mcu.externaltools.gnu-tools-for-stm32.10.3-2021.10.linux64_1.0.100.202210260954/tools/arm-none-eabi/include/c++/10.3.1/ext/new_allocator.h:126:7:void __gnu_cxx::new_allocator<_Tp>::deallocate(_Tp*, __gnu_cxx::new_allocator<_Tp>::size_type) [with _Tp = Stream*]	24	static
/home/dgoncas/st/stm32cubeide_1.6.1/plugins/com.st.stm32cube.ide.mcu.externaltools.gnu-tools-for-stm32.10.3-2021.10.linux64_1.0.100.202210260954/tools/arm-none-eabi/include/c++/10.3.1/ext/new_allocator.h:191:7:constexpr __gnu_cxx::new_allocator<_Tp>::size_type __gnu_cxx::new_allocator<_Tp>::_M_max_size() const [with _Tp = StreamMessage*]	16	static
/home/dgoncas/st/stm32cubeide_1.6.1/plugins/com.st.stm32cube.ide.mcu.externaltools.gnu-tools-for-stm32.10.3-2021.10.linux64_1.0.100.202210260954/tools/arm-none-eabi/include/c++/10.3.1/bits/stl_construct.h:80:5:constexpr void std::destroy_at(_Tp*) [with _Tp = Field<>*]	16	static
/home/dgoncas/st/stm32cubeide_1.6.1/plugins/com.st.stm32cube.ide.mcu.externaltools.gnu-tools-for-stm32.10.3-2021.10.linux64_1.0.100.202210260954/tools/arm-none-eabi/include/c++/10.3.1/bits/stl_vector.h:923:7:std::vector<_Tp, _Alloc>::size_type std::vector<_Tp, _Alloc>::max_size() const [with _Tp = Field<>*; _Alloc = std::allocator<Field<>*>]	16	static
/home/dgoncas/st/stm32cubeide_1.6.1/plugins/com.st.stm32cube.ide.mcu.externaltools.gnu-tools-for-stm32.10.3-2021.10.linux64_1.0.100.202210260954/tools/arm-none-eabi/include/c++/10.3.1/bits/stl_vector.h:918:7:std::vector<_Tp, _Alloc>::size_type std::vector<_Tp, _Alloc>::size() const [with _Tp = Field<>*; _Alloc = std::allocator<Field<>*>]	16	static
/home/dgoncas/st/stm32cubeide_1.6.1/plugins/com.st.stm32cube.ide.mcu.externaltools.gnu-tools-for-stm32.10.3-2021.10.linux64_1.0.100.202210260954/tools/arm-none-eabi/include/c++/10.3.1/bits/alloc_traits.h:459:7:static constexpr _Tp* std::allocator_traits<std::allocator<_Up> >::allocate(std::allocator_traits<std::allocator<_Up> >::allocator_type&, std::allocator_traits<std::allocator<_Up> >::size_type) [with _Tp = Field<>*]	24	static
/home/dgoncas/st/stm32cubeide_1.6.1/plugins/com.st.stm32cube.ide.mcu.externaltools.gnu-tools-for-stm32.10.3-2021.10.linux64_1.0.100.202210260954/tools/arm-none-eabi/include/c++/10.3.1/bits/stl_vector.h:453:7:static std::vector<_Tp, _Alloc>::pointer std::vector<_Tp, _Alloc>::_S_do_relocate(std::vector<_Tp, _Alloc>::pointer, std::vector<_Tp, _Alloc>::pointer, std::vector<_Tp, _Alloc>::pointer, std::vector<_Tp, _Alloc>::_Tp_alloc_type&, std::true_type) [with _Tp = Field<>*; _Alloc = std::allocator<Field<>*>]	24	static
/home/dgoncas/st/stm32cubeide_1.6.1/plugins/com.st.stm32cube.ide.mcu.externaltools.gnu-tools-for-stm32.10.3-2021.10.linux64_1.0.100.202210260954/tools/arm-none-eabi/include/c++/10.3.1/tuple:373:7:constexpr std::_Tuple_impl<_Idx, _Head>::_Tuple_impl(std::_Tuple_impl<_Idx, _Head>&&) [with unsigned int _Idx = 0; _Head = const short unsigned int&]	24	static
/home/dgoncas/st/stm32cubeide_1.6.1/plugins/com.st.stm32cube.ide.mcu.externaltools.gnu-tools-for-stm32.10.3-2021.10.linux64_1.0.100.202210260954/tools/arm-none-eabi/include/c++/10.3.1/tuple:1689:7:_Indexes2 = {}; _T1 = const short unsigned int; _T2 = Packet*]	24	static
/home/dgoncas/st/stm32cubeide_1.6.1/plugins/com.st.stm32cube.ide.mcu.externaltools.gnu-tools-for-stm32.10.3-2021.10.linux64_1.0.100.202210260954/tools/arm-none-eabi/include/c++/10.3.1/tuple:1677:7:>) [with _Args1 = {const short unsigned int&}; _Args2 = {}; _T1 = const short unsigned int; _T2 = Packet*]	40	static
/home/dgoncas/st/stm32cubeide_1.6.1/plugins/com.st.stm32cube.ide.mcu.externaltools.gnu-tools-for-stm32.10.3-2021.10.linux64_1.0.100.202210260954/tools/arm-none-eabi/include/c++/10.3.1/bits/move.h:76:5:constexpr _Tp&& std::forward(typename std::remove_reference<_Tp>::type&) [with _Tp = std::_Rb_tree_node<std::pair<const short unsigned int, Packet*> >*&]	16	static
/home/dgoncas/st/stm32cubeide_1.6.1/plugins/com.st.stm32cube.ide.mcu.externaltools.gnu-tools-for-stm32.10.3-2021.10.linux64_1.0.100.202210260954/tools/arm-none-eabi/include/c++/10.3.1/ext/aligned_buffer.h:68:7:const void* __gnu_cxx::__aligned_membuf<_Tp>::_M_addr() const [with _Tp = std::pair<const short unsigned int, Packet*>]	16	static
/home/dgoncas/st/stm32cubeide_1.6.1/plugins/com.st.stm32cube.ide.mcu.externaltools.gnu-tools-for-stm32.10.3-2021.10.linux64_1.0.100.202210260954/tools/arm-none-eabi/include/c++/10.3.1/bits/stl_construct.h:80:5:constexpr void std::destroy_at(_Tp*) [with _Tp = std::pair<const short unsigned int, Packet*>]	16	static
/home/dgoncas/st/stm32cubeide_1.6.1/plugins/com.st.stm32cube.ide.mcu.externaltools.gnu-tools-for-stm32.10.3-2021.10.linux64_1.0.100.202210260954/tools/arm-none-eabi/include/c++/10.3.1/ext/new_allocator.h:103:7:_Tp* __gnu_cxx::new_allocator<_Tp>::allocate(__gnu_cxx::new_allocator<_Tp>::size_type, const void*) [with _Tp = std::_Rb_tree_node<std::pair<Pin* const, DigitalOut*> >]	24	static
/home/dgoncas/st/stm32cubeide_1.6.1/plugins/com.st.stm32cube.ide.mcu.externaltools.gnu-tools-for-stm32.10.3-2021.10.linux64_1.0.100.202210260954/tools/arm-none-eabi/include/c++/10.3.1/ext/new_allocator.h:126:7:void __gnu_cxx::new_allocator<_Tp>::deallocate(_Tp*, __gnu_cxx::new_allocator<_Tp>::size_type) [with _Tp = std::_Rb_tree_node<std::pair<Pin* const, DigitalOut*> >]	24	static
/home/dgoncas/st/stm32cubeide_1.6.1/plugins/com.st.stm32cube.ide.mcu.externaltools.gnu-tools-for-stm32.10.3-2021.10.linux64_1.0.100.202210260954/tools/arm-none-eabi/include/c++/10.3.1/ext/new_allocator.h:103:7:_Tp* __gnu_cxx::new_allocator<_Tp>::allocate(__gnu_cxx::new_allocator<_Tp>::size_type, const void*) [with _Tp = std::_Rb_tree_node<std::pair<Pin* const, AnalogOut*> >]	24	static
/home/dgoncas/st/stm32cubeide_1.6.1/plugins/com.st.stm32cube.ide.mcu.externaltools.gnu-tools-for-stm32.10.3-2021.10.linux64_1.0.100.202210260954/tools/arm-none-eabi/include/c++/10.3.1/ext/new_allocator.h:126:7:void __gnu_cxx::new_allocator<_Tp>::deallocate(_Tp*, __gnu_cxx::new_allocator<_Tp>::size_type) [with _Tp = std::_Rb_tree_node<std::pair<Pin* const, AnalogOut*> >]	24	static
/home/dgoncas/st/stm32cubeide_1.6.1/plugins/com.st.stm32cube.ide.mcu.externaltools.gnu-tools-for-stm32.10.3-2021.10.linux64_1.0.100.202210260954/tools/arm-none-eabi/include/c++/10.3.1/ext/new_allocator.h:191:7:constexpr __gnu_cxx::new_allocator<_Tp>::size_type __gnu_cxx::new_allocator<_Tp>::_M_max_size() const [with _Tp = Timer*]	16	static
/home/dgoncas/st/stm32cubeide_1.6.1/plugins/com.st.stm32cube.ide.mcu.externaltools.gnu-tools-for-stm32.10.3-2021.10.linux64_1.0.100.202210260954/tools/arm-none-eabi/include/c++/10.3.1/ext/new_allocator.h:191:7:constexpr __gnu_cxx::new_allocator<_Tp>::size_type __gnu_cxx::new_allocator<_Tp>::_M_max_size() const [with _Tp = std::_Rb_tree_node<std::pair<const Precision, long unsigned int> >]	16	static
/home/dgoncas/st/stm32cubeide_1.6.1/plugins/com.st.stm32cube.ide.mcu.externaltools.gnu-tools-for-stm32.10.3-2021.10.linux64_1.0.100.202210260954/tools/arm-none-eabi/include/c++/10.3.1/tuple:166:7:static constexpr _Head& std::_Head_base<_Idx, _Head, false>::_M_head(std::_Head_base<_Idx, _Head, false>&) [with unsigned int _Idx = 0; _Head = Precision&&]	16	static
/home/dgoncas/st/stm32cubeide_1.6.1/plugins/com.st.stm32cube.ide.mcu.externaltools.gnu-tools-for-stm32.10.3-2021.10.linux64_1.0.100.202210260954/tools/arm-none-eabi/include/c++/10.3.1/tuple:1287:5:>&) [with unsigned int __i = 0; _Head = Precision&&; _Tail = {}]	16	static
/home/dgoncas/st/stm32cubeide_1.6.1/plugins/com.st.stm32cube.ide.mcu.externaltools.gnu-tools-for-stm32.10.3-2021.10.linux64_1.0.100.202210260954/tools/arm-none-eabi/include/c++/10.3.1/ext/new_allocator.h:191:7:constexpr __gnu_cxx::new_allocator<_Tp>::size_type __gnu_cxx::new_allocator<_Tp>::_M_max_size() const [with _Tp = std::_Rb_tree_node<std::pair<Pin* const, AnalogIn*> >]	16	static
/home/dgoncas/st/stm32cubeide_1.6.1/plugins/com.st.stm32cube.ide.mcu.externaltools.gnu-tools-for-stm32.10.3-2021.10.linux64_1.0.100.202210260954/tools/arm-none-eabi/include/c++/10.3.1/tuple:166:7:static constexpr _Head& std::_Head_base<_Idx, _Head, false>::_M_head(std::_Head_base<_Idx, _Head, false>&) [with unsigned int _Idx = 0; _Head = Pin* const&]	16	static
/home/dgoncas/st/stm32cubeide_1.6.1/plugins/com.st.stm32cube.ide.mcu.externaltools.gnu-tools-for-stm32.10.3-2021.10.linux64_1.0.100.202210260954/tools/arm-none-eabi/include/c++/10.3.1/tuple:1287:5:>&) [with unsigned int __i = 0; _Head = Pin* const&; _Tail = {}]	16	static
/home/dgoncas/st/stm32cubeide_1.6.1/plugins/com.st.stm32cube.ide.mcu.externaltools.gnu-tools-for-stm32.10.3-2021.10.linux64_1.0.100.202210260954/tools/arm-none-eabi/include/c++/10.3.1/ext/new_allocator.h:191:7:constexpr __gnu_cxx::new_allocator<_Tp>::size_type __gnu_cxx::new_allocator<_Tp>::_M_max_size() const [with _Tp = std::_Rb_tree_node<std::pair<Pin* const, DigitalIn*> >]	16	static
/home/dgoncas/st/stm32cubeide_1.6.1/plugins/com.st.stm32cube.ide.mcu.externaltools.gnu-tools-for-stm32.10.3-2021.10.linux64_1.0.100.202210260954/tools/arm-none-eabi/include/c++/10.3.1/ext/new_allocator.h:191:7:constexpr __gnu_cxx::new_allocator<_Tp>::size_type __gnu_cxx::new_allocator<_Tp>::_M_max_size() const [with _Tp = std::_Rb_tree_node<std::pair<Pin* const, InputCapture*> >]	16	static
/home/dgoncas/st/stm32cubeide_1.6.1/plugins/com.st.stm32cube.ide.mcu.externaltools.gnu-tools-for-stm32.10.3-2021.10.linux64_1.0.100.202210260954/tools/arm-none-eabi/include/c++/10.3.1/ext/new_allocator.h:191:7:constexpr __gnu_cxx::new_allocator<_Tp>::size_type __gnu_cxx::new_allocator<_Tp>::_M_max_size() const [with _Tp = Stream*]	16	static
/home/dgoncas/st/stm32cubeide_1.6.1/plugins/com.st.stm32cube.ide.mcu.externaltools.gnu-tools-for-stm32.10.3-2021.10.linux64_1.0.100.202210260954/tools/arm-none-eabi/include/c++/10.3.1/bits/alloc_traits.h:543:7:static constexpr std::allocator_traits<std::allocator<_Up> >::size_type std::allocator_traits<std::allocator<_Up> >::max_size(const allocator_type&) [with _Tp = Field<>*]	16	static
/home/dgoncas/st/stm32cubeide_1.6.1/plugins/com.st.stm32cube.ide.mcu.externaltools.gnu-tools-for-stm32.10.3-2021.10.linux64_1.0.100.202210260954/tools/arm-none-eabi/include/c++/10.3.1/bits/stl_vector.h:1776:7:static std::vector<_Tp, _Alloc>::size_type std::vector<_Tp, _Alloc>::_S_max_size(const _Tp_alloc_type&) [with _Tp = Field<>*; _Alloc = std::allocator<Field<>*>]	24	static
/home/dgoncas/st/stm32cubeide_1.6.1/plugins/com.st.stm32cube.ide.mcu.externaltools.gnu-tools-for-stm32.10.3-2021.10.linux64_1.0.100.202210260954/tools/arm-none-eabi/include/c++/10.3.1/bits/stl_vector.h:280:7:const _Tp_alloc_type& std::_Vector_base<_Tp, _Alloc>::_M_get_Tp_allocator() const [with _Tp = Field<>*; _Alloc = std::allocator<Field<>*>]	16	static
/home/dgoncas/st/stm32cubeide_1.6.1/plugins/com.st.stm32cube.ide.mcu.externaltools.gnu-tools-for-stm32.10.3-2021.10.linux64_1.0.100.202210260954/tools/arm-none-eabi/include/c++/10.3.1/bits/stl_uninitialized.h:1022:5:_ForwardIterator std::__relocate_a(_InputIterator, _InputIterator, _ForwardIterator, _Allocator&) [with _InputIterator = Field<>**; _ForwardIterator = Field<>**; _Allocator = std::allocator<Field<>*>]	32	static
/home/dgoncas/st/stm32cubeide_1.6.1/plugins/com.st.stm32cube.ide.mcu.externaltools.gnu-tools-for-stm32.10.3-2021.10.linux64_1.0.100.202210260954/tools/arm-none-eabi/include/c++/10.3.1/ext/new_allocator.h:103:7:_Tp* __gnu_cxx::new_allocator<_Tp>::allocate(__gnu_cxx::new_allocator<_Tp>::size_type, const void*) [with _Tp = std::_Rb_tree_node<std::pair<const short unsigned int, Packet*> >]	24	static
/home/dgoncas/st/stm32cubeide_1.6.1/plugins/com.st.stm32cube.ide.mcu.externaltools.gnu-tools-for-stm32.10.3-2021.10.linux64_1.0.100.202210260954/tools/arm-none-eabi/include/c++/10.3.1/tuple:349:7:static constexpr _Head& std::_Tuple_impl<_Idx, _Head>::_M_head(std::_Tuple_impl<_Idx, _Head>&) [with unsigned int _Idx = 0; _Head = const short unsigned int&]	16	static
/home/dgoncas/st/stm32cubeide_1.6.1/plugins/com.st.stm32cube.ide.mcu.externaltools.gnu-tools-for-stm32.10.3-2021.10.linux64_1.0.100.202210260954/tools/arm-none-eabi/include/c++/10.3.1/bits/move.h:76:5:constexpr _Tp&& std::forward(typename std::remove_reference<_Tp>::type&) [with _Tp = const short unsigned int&]	16	static
/home/dgoncas/st/stm32cubeide_1.6.1/plugins/com.st.stm32cube.ide.mcu.externaltools.gnu-tools-for-stm32.10.3-2021.10.linux64_1.0.100.202210260954/tools/arm-none-eabi/include/c++/10.3.1/tuple:1298:5:>&) [with unsigned int __i = 0; _Elements = {const short unsigned int&}]	16	static
/home/dgoncas/st/stm32cubeide_1.6.1/plugins/com.st.stm32cube.ide.mcu.externaltools.gnu-tools-for-stm32.10.3-2021.10.linux64_1.0.100.202210260954/tools/arm-none-eabi/include/c++/10.3.1/ext/new_allocator.h:126:7:void __gnu_cxx::new_allocator<_Tp>::deallocate(_Tp*, __gnu_cxx::new_allocator<_Tp>::size_type) [with _Tp = std::_Rb_tree_node<std::pair<const short unsigned int, Packet*> >]	24	static
/home/dgoncas/st/stm32cubeide_1.6.1/plugins/com.st.stm32cube.ide.mcu.externaltools.gnu-tools-for-stm32.10.3-2021.10.linux64_1.0.100.202210260954/tools/arm-none-eabi/include/c++/10.3.1/ext/new_allocator.h:191:7:constexpr __gnu_cxx::new_allocator<_Tp>::size_type __gnu_cxx::new_allocator<_Tp>::_M_max_size() const [with _Tp = std::_Rb_tree_node<std::pair<Pin* const, DigitalOut*> >]	16	static
/home/dgoncas/st/stm32cubeide_1.6.1/plugins/com.st.stm32cube.ide.mcu.externaltools.gnu-tools-for-stm32.10.3-2021.10.linux64_1.0.100.202210260954/tools/arm-none-eabi/include/c++/10.3.1/ext/new_allocator.h:191:7:constexpr __gnu_cxx::new_allocator<_Tp>::size_type __gnu_cxx::new_allocator<_Tp>::_M_max_size() const [with _Tp = std::_Rb_tree_node<std::pair<Pin* const, AnalogOut*> >]	16	static
/home/dgoncas/st/stm32cubeide_1.6.1/plugins/com.st.stm32cube.ide.mcu.externaltools.gnu-tools-for-stm32.10.3-2021.10.linux64_1.0.100.202210260954/tools/arm-none-eabi/include/c++/10.3.1/ext/new_allocator.h:103:7:_Tp* __gnu_cxx::new_allocator<_Tp>::allocate(__gnu_cxx::new_allocator<_Tp>::size_type, const void*) [with _Tp = Field<>*]	24	static
/home/dgoncas/st/stm32cubeide_1.6.1/plugins/com.st.stm32cube.ide.mcu.externaltools.gnu-tools-for-stm32.10.3-2021.10.linux64_1.0.100.202210260954/tools/arm-none-eabi/include/c++/10.3.1/bits/stl_algobase.h:313:5:constexpr _Iterator std::__niter_base(_Iterator) [with _Iterator = Field<>**]	16	static
/home/dgoncas/st/stm32cubeide_1.6.1/plugins/com.st.stm32cube.ide.mcu.externaltools.gnu-tools-for-stm32.10.3-2021.10.linux64_1.0.100.202210260954/tools/arm-none-eabi/include/c++/10.3.1/bits/stl_uninitialized.h:988:5:std::__enable_if_t<std::__is_bitwise_relocatable<_Tp>::value, _Tp*> std::__relocate_a_1(_Tp*, _Tp*, _Tp*, std::allocator<_T2>&) [with _Tp = Field<>*; _Up = Field<>*]	32	static
/home/dgoncas/st/stm32cubeide_1.6.1/plugins/com.st.stm32cube.ide.mcu.externaltools.gnu-tools-for-stm32.10.3-2021.10.linux64_1.0.100.202210260954/tools/arm-none-eabi/include/c++/10.3.1/ext/new_allocator.h:191:7:constexpr __gnu_cxx::new_allocator<_Tp>::size_type __gnu_cxx::new_allocator<_Tp>::_M_max_size() const [with _Tp = std::_Rb_tree_node<std::pair<const short unsigned int, Packet*> >]	16	static
/home/dgoncas/st/stm32cubeide_1.6.1/plugins/com.st.stm32cube.ide.mcu.externaltools.gnu-tools-for-stm32.10.3-2021.10.linux64_1.0.100.202210260954/tools/arm-none-eabi/include/c++/10.3.1/tuple:166:7:static constexpr _Head& std::_Head_base<_Idx, _Head, false>::_M_head(std::_Head_base<_Idx, _Head, false>&) [with unsigned int _Idx = 0; _Head = const short unsigned int&]	16	static
/home/dgoncas/st/stm32cubeide_1.6.1/plugins/com.st.stm32cube.ide.mcu.externaltools.gnu-tools-for-stm32.10.3-2021.10.linux64_1.0.100.202210260954/tools/arm-none-eabi/include/c++/10.3.1/tuple:1287:5:>&) [with unsigned int __i = 0; _Head = const short unsigned int&; _Tail = {}]	16	static
/home/dgoncas/st/stm32cubeide_1.6.1/plugins/com.st.stm32cube.ide.mcu.externaltools.gnu-tools-for-stm32.10.3-2021.10.linux64_1.0.100.202210260954/tools/arm-none-eabi/include/c++/10.3.1/ext/new_allocator.h:191:7:constexpr __gnu_cxx::new_allocator<_Tp>::size_type __gnu_cxx::new_allocator<_Tp>::_M_max_size() const [with _Tp = Field<>*]	16	static
../Core/Inc/Mini-STLIB/Stream.hpp:83:7:Stream::~Stream()	16	static
../Core/Inc/Mini-STLIB/Models/Packet.hpp:77:7:Packet::~Packet()	16	static
../Core/Inc/Mini-STLIB/Timer.hpp:10:7:Timer::~Timer()	16	static
../Core/Src/main.cpp:1403:1:void __static_initialization_and_destruction_0(int, int)	24	static
../Core/Inc/Mini-STLIB/Models/Packet.hpp:59:10:void Field<T>::parse(uint8_t*) [with T = long unsigned int]	16	static
../Core/Inc/Mini-STLIB/Models/Packet.hpp:60:10:void Field<T>::unparse(uint8_t*) [with T = long unsigned int]	16	static
../Core/Inc/Mini-STLIB/Models/Packet.hpp:61:12:size_t Field<T>::get_size() [with T = long unsigned int]	16	static
../Core/Inc/Mini-STLIB/Models/Packet.hpp:59:10:void Field<T>::parse(uint8_t*) [with T = short unsigned int]	16	static
../Core/Inc/Mini-STLIB/Models/Packet.hpp:60:10:void Field<T>::unparse(uint8_t*) [with T = short unsigned int]	16	static
../Core/Inc/Mini-STLIB/Models/Packet.hpp:61:12:size_t Field<T>::get_size() [with T = short unsigned int]	16	static
../Core/Inc/Mini-STLIB/Models/Packet.hpp:59:10:void Field<T>::parse(uint8_t*) [with T = unsigned char]	16	static
../Core/Inc/Mini-STLIB/Models/Packet.hpp:60:10:void Field<T>::unparse(uint8_t*) [with T = unsigned char]	16	static
../Core/Inc/Mini-STLIB/Models/Packet.hpp:61:12:size_t Field<T>::get_size() [with T = unsigned char]	16	static
../Core/Src/main.cpp:1403:1:cpp)	8	static
../Core/Src/main.cpp:1403:1:cpp)	8	static
