Archive member included to satisfy reference by file (symbol)

c:/st/stm32cubeide_1.11.0/stm32cubeide/plugins/com.st.stm32cube.ide.mcu.externaltools.gnu-tools-for-stm32.10.3-2021.10.win32_1.0.100.202210260954/tools/bin/../lib/gcc/arm-none-eabi/10.3.1/../../../../arm-none-eabi/lib/thumb/v7e-m+dp/hard\libstdc++_nano.a(del_ops.o)
                              ./Core/Src/Mini-STLIB/InputCapture.o (operator delete(void*, unsigned int))
c:/st/stm32cubeide_1.11.0/stm32cubeide/plugins/com.st.stm32cube.ide.mcu.externaltools.gnu-tools-for-stm32.10.3-2021.10.win32_1.0.100.202210260954/tools/bin/../lib/gcc/arm-none-eabi/10.3.1/../../../../arm-none-eabi/lib/thumb/v7e-m+dp/hard\libstdc++_nano.a(new_op.o)
                              ./Core/Src/Mini-STLIB/InputCapture.o (operator new(unsigned int))
c:/st/stm32cubeide_1.11.0/stm32cubeide/plugins/com.st.stm32cube.ide.mcu.externaltools.gnu-tools-for-stm32.10.3-2021.10.win32_1.0.100.202210260954/tools/bin/../lib/gcc/arm-none-eabi/10.3.1/../../../../arm-none-eabi/lib/thumb/v7e-m+dp/hard\libstdc++_nano.a(allocator-inst.o)
                              ./Core/Src/main.o (std::allocator<char>::allocator())
c:/st/stm32cubeide_1.11.0/stm32cubeide/plugins/com.st.stm32cube.ide.mcu.externaltools.gnu-tools-for-stm32.10.3-2021.10.win32_1.0.100.202210260954/tools/bin/../lib/gcc/arm-none-eabi/10.3.1/../../../../arm-none-eabi/lib/thumb/v7e-m+dp/hard\libstdc++_nano.a(functexcept.o)
                              ./Core/Src/Mini-STLIB/InputCapture.o (std::__throw_bad_alloc())
c:/st/stm32cubeide_1.11.0/stm32cubeide/plugins/com.st.stm32cube.ide.mcu.externaltools.gnu-tools-for-stm32.10.3-2021.10.win32_1.0.100.202210260954/tools/bin/../lib/gcc/arm-none-eabi/10.3.1/../../../../arm-none-eabi/lib/thumb/v7e-m+dp/hard\libstdc++_nano.a(snprintf_lite.o)
                              c:/st/stm32cubeide_1.11.0/stm32cubeide/plugins/com.st.stm32cube.ide.mcu.externaltools.gnu-tools-for-stm32.10.3-2021.10.win32_1.0.100.202210260954/tools/bin/../lib/gcc/arm-none-eabi/10.3.1/../../../../arm-none-eabi/lib/thumb/v7e-m+dp/hard\libstdc++_nano.a(functexcept.o) (__gnu_cxx::__snprintf_lite(char*, unsigned int, char const*, std::__va_list))
c:/st/stm32cubeide_1.11.0/stm32cubeide/plugins/com.st.stm32cube.ide.mcu.externaltools.gnu-tools-for-stm32.10.3-2021.10.win32_1.0.100.202210260954/tools/bin/../lib/gcc/arm-none-eabi/10.3.1/../../../../arm-none-eabi/lib/thumb/v7e-m+dp/hard\libstdc++_nano.a(string-inst.o)
                              ./Core/Src/main.o (std::__cxx11::basic_string<char, std::char_traits<char>, std::allocator<char> >::~basic_string())
c:/st/stm32cubeide_1.11.0/stm32cubeide/plugins/com.st.stm32cube.ide.mcu.externaltools.gnu-tools-for-stm32.10.3-2021.10.win32_1.0.100.202210260954/tools/bin/../lib/gcc/arm-none-eabi/10.3.1/../../../../arm-none-eabi/lib/thumb/v7e-m+dp/hard\libstdc++_nano.a(del_op.o)
                              c:/st/stm32cubeide_1.11.0/stm32cubeide/plugins/com.st.stm32cube.ide.mcu.externaltools.gnu-tools-for-stm32.10.3-2021.10.win32_1.0.100.202210260954/tools/bin/../lib/gcc/arm-none-eabi/10.3.1/../../../../arm-none-eabi/lib/thumb/v7e-m+dp/hard\libstdc++_nano.a(del_ops.o) (operator delete(void*))
c:/st/stm32cubeide_1.11.0/stm32cubeide/plugins/com.st.stm32cube.ide.mcu.externaltools.gnu-tools-for-stm32.10.3-2021.10.win32_1.0.100.202210260954/tools/bin/../lib/gcc/arm-none-eabi/10.3.1/../../../../arm-none-eabi/lib/thumb/v7e-m+dp/hard\libstdc++_nano.a(new_handler.o)
                              c:/st/stm32cubeide_1.11.0/stm32cubeide/plugins/com.st.stm32cube.ide.mcu.externaltools.gnu-tools-for-stm32.10.3-2021.10.win32_1.0.100.202210260954/tools/bin/../lib/gcc/arm-none-eabi/10.3.1/../../../../arm-none-eabi/lib/thumb/v7e-m+dp/hard\libstdc++_nano.a(new_op.o) (std::get_new_handler())
c:/st/stm32cubeide_1.11.0/stm32cubeide/plugins/com.st.stm32cube.ide.mcu.externaltools.gnu-tools-for-stm32.10.3-2021.10.win32_1.0.100.202210260954/tools/bin/../lib/gcc/arm-none-eabi/10.3.1/../../../../arm-none-eabi/lib/thumb/v7e-m+dp/hard\libc_nano.a(lib_a-abort.o)
                              c:/st/stm32cubeide_1.11.0/stm32cubeide/plugins/com.st.stm32cube.ide.mcu.externaltools.gnu-tools-for-stm32.10.3-2021.10.win32_1.0.100.202210260954/tools/bin/../lib/gcc/arm-none-eabi/10.3.1/../../../../arm-none-eabi/lib/thumb/v7e-m+dp/hard\libstdc++_nano.a(new_op.o) (abort)
c:/st/stm32cubeide_1.11.0/stm32cubeide/plugins/com.st.stm32cube.ide.mcu.externaltools.gnu-tools-for-stm32.10.3-2021.10.win32_1.0.100.202210260954/tools/bin/../lib/gcc/arm-none-eabi/10.3.1/../../../../arm-none-eabi/lib/thumb/v7e-m+dp/hard\libc_nano.a(lib_a-errno.o)
                              ./Core/Src/syscalls.o (__errno)
c:/st/stm32cubeide_1.11.0/stm32cubeide/plugins/com.st.stm32cube.ide.mcu.externaltools.gnu-tools-for-stm32.10.3-2021.10.win32_1.0.100.202210260954/tools/bin/../lib/gcc/arm-none-eabi/10.3.1/../../../../arm-none-eabi/lib/thumb/v7e-m+dp/hard\libc_nano.a(lib_a-exit.o)
[...]
Memory Configuration

Name             Origin             Length             Attributes
ITCMRAM          0x0000000000000000 0x0000000000010000 xrw
DTCMRAM          0x0000000020000000 0x0000000000020000 xrw
FLASH            0x0000000008000000 0x0000000000100000 xr
RAM_D1           0x0000000024000000 0x0000000000050000 xrw
RAM_D2           0x0000000030000000 0x0000000000008000 xrw
RAM_D3           0x0000000038000000 0x0000000000004000 xrw
*default*        0x0000000000000000 0xffffffffffffffff

Linker script and memory map

LOAD c:/st/stm32cubeide_1.11.0/stm32cubeide/plugins/com.st.stm32cube.ide.mcu.externaltools.gnu-tools-for-stm32.10.3-2021.10.win32_1.0.100.202210260954/tools/bin/../lib/gcc/arm-none-eabi/10.3.1/thumb/v7e-m+dp/hard/crti.o
LOAD c:/st/stm32cubeide_1.11.0/stm32cubeide/plugins/com.st.stm32cube.ide.mcu.externaltools.gnu-tools-for-stm32.10.3-2021.10.win32_1.0.100.202210260954/tools/bin/../lib/gcc/arm-none-eabi/10.3.1/thumb/v7e-m+dp/hard/crtbegin.o
LOAD c:/st/stm32cubeide_1.11.0/stm32cubeide/plugins/com.st.stm32cube.ide.mcu.externaltools.gnu-tools-for-stm32.10.3-2021.10.win32_1.0.100.202210260954/tools/bin/../lib/gcc/arm-none-eabi/10.3.1/../../../../arm-none-eabi/lib/thumb/v7e-m+dp/hard/crt0.o
LOAD ./Core/Src/Mini-STLIB/InputCapture.o
LOAD ./Core/Src/main.o
LOAD ./Core/Src/stm32h7xx_hal_msp.o
LOAD ./Core/Src/stm32h7xx_it.o
LOAD ./Core/Src/syscalls.o
LOAD ./Core/Src/sysmem.o
LOAD ./Core/Src/system_stm32h7xx.o
LOAD ./Core/Startup/startup_stm32h723zgtx.o
LOAD ./Drivers/STM32H7xx_HAL_Driver/Src/stm32h7xx_hal.o
LOAD ./Drivers/STM32H7xx_HAL_Driver/Src/stm32h7xx_hal_cortex.o
LOAD ./Drivers/STM32H7xx_HAL_Driver/Src/stm32h7xx_hal_dma.o
LOAD ./Drivers/STM32H7xx_HAL_Driver/Src/stm32h7xx_hal_dma_ex.o
LOAD ./Drivers/STM32H7xx_HAL_Driver/Src/stm32h7xx_hal_exti.o
LOAD ./Drivers/STM32H7xx_HAL_Driver/Src/stm32h7xx_hal_fdcan.o
LOAD ./Drivers/STM32H7xx_HAL_Driver/Src/stm32h7xx_hal_flash.o
LOAD ./Drivers/STM32H7xx_HAL_Driver/Src/stm32h7xx_hal_flash_ex.o
LOAD ./Drivers/STM32H7xx_HAL_Driver/Src/stm32h7xx_hal_gpio.o
LOAD ./Drivers/STM32H7xx_HAL_Driver/Src/stm32h7xx_hal_hsem.o
LOAD ./Drivers/STM32H7xx_HAL_Driver/Src/stm32h7xx_hal_i2c.o
LOAD ./Drivers/STM32H7xx_HAL_Driver/Src/stm32h7xx_hal_i2c_ex.o
LOAD ./Drivers/STM32H7xx_HAL_Driver/Src/stm32h7xx_hal_mdma.o
LOAD ./Drivers/STM32H7xx_HAL_Driver/Src/stm32h7xx_hal_pwr.o
LOAD ./Drivers/STM32H7xx_HAL_Driver/Src/stm32h7xx_hal_pwr_ex.o
LOAD ./Drivers/STM32H7xx_HAL_Driver/Src/stm32h7xx_hal_rcc.o
LOAD ./Drivers/STM32H7xx_HAL_Driver/Src/stm32h7xx_hal_rcc_ex.o
LOAD ./Drivers/STM32H7xx_HAL_Driver/Src/stm32h7xx_hal_tim.o
LOAD ./Drivers/STM32H7xx_HAL_Driver/Src/stm32h7xx_hal_tim_ex.o
START GROUP
LOAD c:/st/stm32cubeide_1.11.0/stm32cubeide/plugins/com.st.stm32cube.ide.mcu.externaltools.gnu-tools-for-stm32.10.3-2021.10.win32_1.0.100.202210260954/tools/bin/../lib/gcc/arm-none-eabi/10.3.1/../../../../arm-none-eabi/lib/thumb/v7e-m+dp/hard\libstdc++_nano.a
LOAD c:/st/stm32cubeide_1.11.0/stm32cubeide/plugins/com.st.stm32cube.ide.mcu.externaltools.gnu-tools-for-stm32.10.3-2021.10.win32_1.0.100.202210260954/tools/bin/../lib/gcc/arm-none-eabi/10.3.1/../../../../arm-none-eabi/lib/thumb/v7e-m+dp/hard\libsupc++_nano.a
END GROUP
LOAD c:/st/stm32cubeide_1.11.0/stm32cubeide/plugins/com.st.stm32cube.ide.mcu.externaltools.gnu-tools-for-stm32.10.3-2021.10.win32_1.0.100.202210260954/tools/bin/../lib/gcc/arm-none-eabi/10.3.1/../../../../arm-none-eabi/lib/thumb/v7e-m+dp/hard\libstdc++_nano.a
LOAD c:/st/stm32cubeide_1.11.0/stm32cubeide/plugins/com.st.stm32cube.ide.mcu.externaltools.gnu-tools-for-stm32.10.3-2021.10.win32_1.0.100.202210260954/tools/bin/../lib/gcc/arm-none-eabi/10.3.1/../../../../arm-none-eabi/lib/thumb/v7e-m+dp/hard\libm.a
LOAD c:/st/stm32cubeide_1.11.0/stm32cubeide/plugins/com.st.stm32cube.ide.mcu.externaltools.gnu-tools-for-stm32.10.3-2021.10.win32_1.0.100.202210260954/tools/bin/../lib/gcc/arm-none-eabi/10.3.1/../../../../arm-none-eabi/lib/thumb/v7e-m+dp/hard\libc_nano.a
START GROUP
LOAD c:/st/stm32cubeide_1.11.0/stm32cubeide/plugins/com.st.stm32cube.ide.mcu.externaltools.gnu-tools-for-stm32.10.3-2021.10.win32_1.0.100.202210260954/tools/bin/../lib/gcc/arm-none-eabi/10.3.1/thumb/v7e-m+dp/hard\libgcc.a
LOAD c:/st/stm32cubeide_1.11.0/stm32cubeide/plugins/com.st.stm32cube.ide.mcu.externaltools.gnu-tools-for-stm32.10.3-2021.10.win32_1.0.100.202210260954/tools/bin/../lib/gcc/arm-none-eabi/10.3.1/../../../../arm-none-eabi/lib/thumb/v7e-m+dp/hard\libc_nano.a
END GROUP
START GROUP
LOAD c:/st/stm32cubeide_1.11.0/stm32cubeide/plugins/com.st.stm32cube.ide.mcu.externaltools.gnu-tools-for-stm32.10.3-2021.10.win32_1.0.100.202210260954/tools/bin/../lib/gcc/arm-none-eabi/10.3.1/thumb/v7e-m+dp/hard\libgcc.a
LOAD c:/st/stm32cubeide_1.11.0/stm32cubeide/plugins/com.st.stm32cube.ide.mcu.externaltools.gnu-tools-for-stm32.10.3-2021.10.win32_1.0.100.202210260954/tools/bin/../lib/gcc/arm-none-eabi/10.3.1/../../../../arm-none-eabi/lib/thumb/v7e-m+dp/hard\libc_nano.a
END GROUP
LOAD c:/st/stm32cubeide_1.11.0/stm32cubeide/plugins/com.st.stm32cube.ide.mcu.externaltools.gnu-tools-for-stm32.10.3-2021.10.win32_1.0.100.202210260954/tools/bin/../lib/gcc/arm-none-eabi/10.3.1/thumb/v7e-m+dp/hard/crtend.o
LOAD c:/st/stm32cubeide_1.11.0/stm32cubeide/plugins/com.st.stm32cube.ide.mcu.externaltools.gnu-tools-for-stm32.10.3-2021.10.win32_1.0.100.202210260954/tools/bin/../lib/gcc/arm-none-eabi/10.3.1/thumb/v7e-m+dp/hard/crtn.o
                0x0000000024050000                _estack = (ORIGIN (RAM_D1) + LENGTH (RAM_D1))
                0x0000000000000200                _Min_Heap_Size = 0x200
                0x0000000000000400                _Min_Stack_Size = 0x400

.isr_vector     0x0000000008000000      0x2cc
                0x0000000008000000                . = ALIGN (0x4)
 *(.isr_vector)
 .isr_vector    0x0000000008000000      0x2cc ./Core/Startup/startup_stm32h723zgtx.o
                0x0000000008000000                g_pfnVectors
                0x00000000080002cc                . = ALIGN (0x4)

.text           0x00000000080002d0     0x946c
                0x00000000080002d0                . = ALIGN (0x4)
 *(.text)
 .text          0x00000000080002d0       0x40 c:/st/stm32cubeide_1.11.0/stm32cubeide/plugins/com.st.stm32cube.ide.mcu.externaltools.gnu-tools-for-stm32.10.3-2021.10.win32_1.0.100.202210260954/tools/bin/../lib/gcc/arm-none-eabi/10.3.1/thumb/v7e-m+dp/hard/crtbegin.o
 .text          0x0000000008000310       0x10 c:/st/stm32cubeide_1.11.0/stm32cubeide/plugins/com.st.stm32cube.ide.mcu.externaltools.gnu-tools-for-stm32.10.3-2021.10.win32_1.0.100.202210260954/tools/bin/../lib/gcc/arm-none-eabi/10.3.1/../../../../arm-none-eabi/lib/thumb/v7e-m+dp/hard\libc_nano.a(lib_a-strlen.o)
                0x0000000008000310                strlen
 *(.text*)
 .text._ZnwjPv  0x0000000008000320       0x18 ./Core/Src/Mini-STLIB/InputCapture.o
                0x0000000008000320                operator new(unsigned int, void*)
 .text._ZNSt12_Vector_baseIP12InputCaptureSaIS1_EE12_Vector_implD2Ev
                0x0000000008000338       0x18 ./Core/Src/Mini-STLIB/InputCapture.o
                0x0000000008000338                std::_Vector_base<InputCapture*, std::allocator<InputCapture*> >::_Vector_impl::~_Vector_impl()
                0x0000000008000338                std::_Vector_base<InputCapture*, std::allocator<InputCapture*> >::_Vector_impl::~_Vector_impl()
 .text._ZNSt12_Vector_baseIP12InputCaptureSaIS1_EEC2Ev
                0x0000000008000350       0x1a ./Core/Src/Mini-STLIB/InputCapture.o
                0x0000000008000350                std::_Vector_base<InputCapture*, std::allocator<InputCapture*> >::_Vector_base()
                0x0000000008000350                std::_Vector_base<InputCapture*, std::allocator<InputCapture*> >::_Vector_base()
 .text._ZNSt6vectorIP12InputCaptureSaIS1_EEC2Ev
                0x000000000800036a       0x1a ./Core/Src/Mini-STLIB/InputCapture.o
                0x000000000800036a                std::vector<InputCapture*, std::allocator<InputCapture*> >::vector()
                0x000000000800036a                std::vector<InputCapture*, std::allocator<InputCapture*> >::vector()
 .text._ZN13MovingAverageILm100EiEC2Ev
                0x0000000008000384       0x1a ./Core/Src/Mini-STLIB/InputCapture.o
                0x0000000008000384                MovingAverage<100ul, int>::MovingAverage()
                0x0000000008000384                MovingAverage<100ul, int>::MovingAverage()
 *fill*         0x000000000800039e        0x2 
 .text._ZN12InputCaptureC2EP17TIM_HandleTypeDefm
                0x00000000080003a0       0x58 ./Core/Src/Mini-STLIB/InputCapture.o
                0x00000000080003a0                InputCapture::InputCapture(TIM_HandleTypeDef*, unsigned long)
                0x00000000080003a0                InputCapture::InputCapture(TIM_HandleTypeDef*, unsigned long)
 .text._ZNSt12_Vector_baseIP12InputCaptureSaIS1_EE12_Vector_implC2Ev
                0x00000000080003f8       0x20 ./Core/Src/Mini-STLIB/InputCapture.o
                0x00000000080003f8                std::_Vector_base<InputCapture*, std::allocator<InputCapture*> >::_Vector_impl::_Vector_impl()
                0x00000000080003f8                std::_Vector_base<InputCapture*, std::allocator<InputCapture*> >::_Vector_impl::_Vector_impl()
 .text._ZNSaIP12InputCaptureED2Ev
                0x0000000008000418       0x18 ./Core/Src/Mini-STLIB/InputCapture.o
                0x0000000008000418                std::allocator<InputCapture*>::~allocator()
                0x0000000008000418                std::allocator<InputCapture*>::~allocator()
 .text._ZNSt12_Vector_baseIP12InputCaptureSaIS1_EED2Ev
                0x0000000008000430       0x32 ./Core/Src/Mini-STLIB/InputCapture.o
                0x0000000008000430                std::_Vector_base<InputCapture*, std::allocator<InputCapture*> >::~_Vector_base()
                0x0000000008000430                std::_Vector_base<InputCapture*, std::allocator<InputCapture*> >::~_Vector_base()
 .text._ZN10RingBufferILm100EiEC2Ev
                0x0000000008000462       0x48 ./Core/Src/Mini-STLIB/InputCapture.o
                0x0000000008000462                RingBuffer<100ul, int>::RingBuffer()
                0x0000000008000462                RingBuffer<100ul, int>::RingBuffer()
 .text._ZNSt6vectorIP12InputCaptureSaIS1_EE9push_backEOS1_
                0x00000000080004aa       0x22 ./Core/Src/Mini-STLIB/InputCapture.o
                0x00000000080004aa                std::vector<InputCapture*, std::allocator<InputCapture*> >::push_back(InputCapture*&&)
 .text._ZNSaIP12InputCaptureEC2Ev
                0x00000000080004cc       0x18 ./Core/Src/Mini-STLIB/InputCapture.o
                0x00000000080004cc                std::allocator<InputCapture*>::allocator()
                0x00000000080004cc                std::allocator<InputCapture*>::allocator()
 .text._ZNSt12_Vector_baseIP12InputCaptureSaIS1_EE17_Vector_impl_dataC2Ev
                0x00000000080004e4       0x28 ./Core/Src/Mini-STLIB/InputCapture.o
                0x00000000080004e4                std::_Vector_base<InputCapture*, std::allocator<InputCapture*> >::_Vector_impl_data::_Vector_impl_data()
                0x00000000080004e4                std::_Vector_base<InputCapture*, std::allocator<InputCapture*> >::_Vector_impl_data::_Vector_impl_data()
 .text._ZN9__gnu_cxx13new_allocatorIP12InputCaptureED2Ev
                0x000000000800050c       0x16 ./Core/Src/Mini-STLIB/InputCapture.o
                0x000000000800050c                __gnu_cxx::new_allocator<InputCapture*>::~new_allocator()
                0x000000000800050c                __gnu_cxx::new_allocator<InputCapture*>::~new_allocator()
 .text._ZNSt12_Vector_baseIP12InputCaptureSaIS1_EE13_M_deallocateEPS1_j
                0x0000000008000522       0x26 ./Core/Src/Mini-STLIB/InputCapture.o
                0x0000000008000522                std::_Vector_base<InputCapture*, std::allocator<InputCapture*> >::_M_deallocate(InputCapture**, unsigned int)
 .text._ZSt4moveIRP12InputCaptureEONSt16remove_referenceIT_E4typeEOS4_
                0x0000000008000548       0x16 ./Core/Src/Mini-STLIB/InputCapture.o
                0x0000000008000548                std::remove_reference<InputCapture*&>::type&& std::move<InputCapture*&>(InputCapture*&)
 .text._ZNSt6vectorIP12InputCaptureSaIS1_EE12emplace_backIJS1_EEEvDpOT_
                0x000000000800055e       0x5c ./Core/Src/Mini-STLIB/InputCapture.o
                0x000000000800055e                void std::vector<InputCapture*, std::allocator<InputCapture*> >::emplace_back<InputCapture*>(InputCapture*&&)
 .text._ZN9__gnu_cxx13new_allocatorIP12InputCaptureEC2Ev
                0x00000000080005ba       0x16 ./Core/Src/Mini-STLIB/InputCapture.o
                0x00000000080005ba                __gnu_cxx::new_allocator<InputCapture*>::new_allocator()
                0x00000000080005ba                __gnu_cxx::new_allocator<InputCapture*>::new_allocator()
 .text._ZNSt16allocator_traitsISaIP12InputCaptureEE10deallocateERS2_PS1_j
                0x00000000080005d0       0x1e ./Core/Src/Mini-STLIB/InputCapture.o
                0x00000000080005d0                std::allocator_traits<std::allocator<InputCapture*> >::deallocate(std::allocator<InputCapture*>&, InputCapture**, unsigned int)
 .text._ZSt7forwardIP12InputCaptureEOT_RNSt16remove_referenceIS2_E4typeE
                0x00000000080005ee       0x16 ./Core/Src/Mini-STLIB/InputCapture.o
                0x00000000080005ee                InputCapture*&& std::forward<InputCapture*>(std::remove_reference<InputCapture*>::type&)
 .text._ZNSt16allocator_traitsISaIP12InputCaptureEE9constructIS1_JS1_EEEvRS2_PT_DpOT0_
                0x0000000008000604       0x26 ./Core/Src/Mini-STLIB/InputCapture.o
                0x0000000008000604                void std::allocator_traits<std::allocator<InputCapture*> >::construct<InputCapture*, InputCapture*>(std::allocator<InputCapture*>&, InputCapture**, InputCapture*&&)
 .text._ZNSt6vectorIP12InputCaptureSaIS1_EE3endEv
                0x000000000800062a       0x22 ./Core/Src/Mini-STLIB/InputCapture.o
                0x000000000800062a                std::vector<InputCapture*, std::allocator<InputCapture*> >::end()
 .text._ZNSt6vectorIP12InputCaptureSaIS1_EE15_S_use_relocateEv
                0x000000000800064c       0x16 ./Core/Src/Mini-STLIB/InputCapture.o
                0x000000000800064c                std::vector<InputCapture*, std::allocator<InputCapture*> >::_S_use_relocate()
 .text._ZNSt6vectorIP12InputCaptureSaIS1_EE19_S_nothrow_relocateESt17integral_constantIbLb1EE
                0x0000000008000662       0x16 ./Core/Src/Mini-STLIB/InputCapture.o
                0x0000000008000662                std::vector<InputCapture*, std::allocator<InputCapture*> >::_S_nothrow_relocate(std::integral_constant<bool, true>)
 .text._ZNSt6vectorIP12InputCaptureSaIS1_EE17_M_realloc_insertIJS1_EEEvN9__gnu_cxx17__normal_iteratorIPS1_S3_EEDpOT_
                0x0000000008000678      0x178 ./Core/Src/Mini-STLIB/InputCapture.o
                0x0000000008000678                void std::vector<InputCapture*, std::allocator<InputCapture*> >::_M_realloc_insert<InputCapture*>(__gnu_cxx::__normal_iterator<InputCapture**, std::vector<InputCapture*, std::allocator<InputCapture*> > >, InputCapture*&&)
 .text._ZN9__gnu_cxx13new_allocatorIP12InputCaptureE10deallocateEPS2_j
                0x00000000080007f0       0x20 ./Core/Src/Mini-STLIB/InputCapture.o
                0x00000000080007f0                __gnu_cxx::new_allocator<InputCapture*>::deallocate(InputCapture**, unsigned int)
 .text._ZN9__gnu_cxx13new_allocatorIP12InputCaptureE9constructIS2_JS2_EEEvPT_DpOT0_
                0x0000000008000810       0x2c ./Core/Src/Mini-STLIB/InputCapture.o
                0x0000000008000810                void __gnu_cxx::new_allocator<InputCapture*>::construct<InputCapture*, InputCapture*>(InputCapture**, InputCapture*&&)
 .text._ZN9__gnu_cxx17__normal_iteratorIPP12InputCaptureSt6vectorIS2_SaIS2_EEEC2ERKS3_
                0x000000000800083c       0x20 ./Core/Src/Mini-STLIB/InputCapture.o
                0x000000000800083c                __gnu_cxx::__normal_iterator<InputCapture**, std::vector<InputCapture*, std::allocator<InputCapture*> > >::__normal_iterator(InputCapture** const&)
                0x000000000800083c                __gnu_cxx::__normal_iterator<InputCapture**, std::vector<InputCapture*, std::allocator<InputCapture*> > >::__normal_iterator(InputCapture** const&)
 .text._ZNKSt6vectorIP12InputCaptureSaIS1_EE12_M_check_lenEjPKc
                0x000000000800085c       0x8e ./Core/Src/Mini-STLIB/InputCapture.o
                0x000000000800085c                std::vector<InputCapture*, std::allocator<InputCapture*> >::_M_check_len(unsigned int, char const*) const
 .text._ZNSt6vectorIP12InputCaptureSaIS1_EE5beginEv
                0x00000000080008ea       0x20 ./Core/Src/Mini-STLIB/InputCapture.o
                0x00000000080008ea                std::vector<InputCapture*, std::allocator<InputCapture*> >::begin()
 .text._ZN9__gnu_cxxmiIPP12InputCaptureSt6vectorIS2_SaIS2_EEEENS_17__normal_iteratorIT_T0_E15difference_typeERKSA_SD_
                0x000000000800090a       0x2a ./Core/Src/Mini-STLIB/InputCapture.o
                0x000000000800090a                __gnu_cxx::__normal_iterator<InputCapture**, std::vector<InputCapture*, std::allocator<InputCapture*> > >::difference_type __gnu_cxx::operator-<InputCapture**, std::vector<InputCapture*, std::allocator<InputCapture*> > >(__gnu_cxx::__normal_iterator<InputCapture**, std::vector<InputCapture*, std::allocator<InputCapture*> > > const&, __gnu_cxx::__normal_iterator<InputCapture**, std::vector<InputCapture*, std::allocator<InputCapture*> > > const&)
 .text._ZNSt12_Vector_baseIP12InputCaptureSaIS1_EE11_M_allocateEj
                0x0000000008000934       0x28 ./Core/Src/Mini-STLIB/InputCapture.o
                0x0000000008000934                std::_Vector_base<InputCapture*, std::allocator<InputCapture*> >::_M_allocate(unsigned int)
 .text._ZNSt6vectorIP12InputCaptureSaIS1_EE11_S_relocateEPS1_S4_S4_RS2_
                0x000000000800095c       0x28 ./Core/Src/Mini-STLIB/InputCapture.o
                0x000000000800095c                std::vector<InputCapture*, std::allocator<InputCapture*> >::_S_relocate(InputCapture**, InputCapture**, InputCapture**, std::allocator<InputCapture*>&)
 .text._ZNK9__gnu_cxx17__normal_iteratorIPP12InputCaptureSt6vectorIS2_SaIS2_EEE4baseEv
                0x0000000008000984       0x16 ./Core/Src/Mini-STLIB/InputCapture.o
                0x0000000008000984                __gnu_cxx::__normal_iterator<InputCapture**, std::vector<InputCapture*, std::allocator<InputCapture*> > >::base() const
 .text._ZNSt12_Vector_baseIP12InputCaptureSaIS1_EE19_M_get_Tp_allocatorEv
                0x000000000800099a       0x16 ./Core/Src/Mini-STLIB/InputCapture.o
                0x000000000800099a                std::_Vector_base<InputCapture*, std::allocator<InputCapture*> >::_M_get_Tp_allocator()
 .text._ZSt34__uninitialized_move_if_noexcept_aIPP12InputCaptureS2_SaIS1_EET0_T_S5_S4_RT1_
                0x00000000080009b0       0x32 ./Core/Src/Mini-STLIB/InputCapture.o
                0x00000000080009b0                InputCapture** std::__uninitialized_move_if_noexcept_a<InputCapture**, InputCapture**, std::allocator<InputCapture*> >(InputCapture**, InputCapture**, InputCapture**, std::allocator<InputCapture*>&)
 .text._ZSt8_DestroyIPP12InputCaptureS1_EvT_S3_RSaIT0_E
                0x00000000080009e2       0x1c ./Core/Src/Mini-STLIB/InputCapture.o
                0x00000000080009e2                void std::_Destroy<InputCapture**, InputCapture*>(InputCapture**, InputCapture**, std::allocator<InputCapture*>&)
 .text._ZNKSt6vectorIP12InputCaptureSaIS1_EE8max_sizeEv
                0x00000000080009fe       0x22 ./Core/Src/Mini-STLIB/InputCapture.o
                0x00000000080009fe                std::vector<InputCapture*, std::allocator<InputCapture*> >::max_size() const
 .text._ZNKSt6vectorIP12InputCaptureSaIS1_EE4sizeEv
                0x0000000008000a20       0x20 ./Core/Src/Mini-STLIB/InputCapture.o
                0x0000000008000a20                std::vector<InputCapture*, std::allocator<InputCapture*> >::size() const
 .text._ZSt3maxIjERKT_S2_S2_
                0x0000000008000a40       0x28 ./Core/Src/Mini-STLIB/InputCapture.o
                0x0000000008000a40                unsigned int const& std::max<unsigned int>(unsigned int const&, unsigned int const&)
 .text._ZNSt16allocator_traitsISaIP12InputCaptureEE8allocateERS2_j
                0x0000000008000a68       0x1e ./Core/Src/Mini-STLIB/InputCapture.o
                0x0000000008000a68                std::allocator_traits<std::allocator<InputCapture*> >::allocate(std::allocator<InputCapture*>&, unsigned int)
 .text._ZNSt6vectorIP12InputCaptureSaIS1_EE14_S_do_relocateEPS1_S4_S4_RS2_St17integral_constantIbLb1EE
                0x0000000008000a86       0x24 ./Core/Src/Mini-STLIB/InputCapture.o
                0x0000000008000a86                std::vector<InputCapture*, std::allocator<InputCapture*> >::_S_do_relocate(InputCapture**, InputCapture**, InputCapture**, std::allocator<InputCapture*>&, std::integral_constant<bool, true>)
 .text._ZSt32__make_move_if_noexcept_iteratorIP12InputCaptureSt13move_iteratorIPS1_EET0_PT_
                0x0000000008000aaa       0x1e ./Core/Src/Mini-STLIB/InputCapture.o
                0x0000000008000aaa                std::move_iterator<InputCapture**> std::__make_move_if_noexcept_iterator<InputCapture*, std::move_iterator<InputCapture**> >(InputCapture**)
 .text._ZSt22__uninitialized_copy_aISt13move_iteratorIPP12InputCaptureES3_S2_ET0_T_S6_S5_RSaIT1_E
                0x0000000008000ac8       0x22 ./Core/Src/Mini-STLIB/InputCapture.o
                0x0000000008000ac8                InputCapture** std::__uninitialized_copy_a<std::move_iterator<InputCapture**>, InputCapture**, InputCapture*>(std::move_iterator<InputCapture**>, std::move_iterator<InputCapture**>, InputCapture**, std::allocator<InputCapture*>&)
 .text._ZSt8_DestroyIPP12InputCaptureEvT_S3_
                0x0000000008000aea       0x1a ./Core/Src/Mini-STLIB/InputCapture.o
                0x0000000008000aea                void std::_Destroy<InputCapture**>(InputCapture**, InputCapture**)
 .text._ZNSt6vectorIP12InputCaptureSaIS1_EE11_S_max_sizeERKS2_
                0x0000000008000b04       0x34 ./Core/Src/Mini-STLIB/InputCapture.o
                0x0000000008000b04                std::vector<InputCapture*, std::allocator<InputCapture*> >::_S_max_size(std::allocator<InputCapture*> const&)
 .text._ZNKSt12_Vector_baseIP12InputCaptureSaIS1_EE19_M_get_Tp_allocatorEv
                0x0000000008000b38       0x16 ./Core/Src/Mini-STLIB/InputCapture.o
                0x0000000008000b38                std::_Vector_base<InputCapture*, std::allocator<InputCapture*> >::_M_get_Tp_allocator() const
 .text._ZN9__gnu_cxx13new_allocatorIP12InputCaptureE8allocateEjPKv
                0x0000000008000b4e       0x3c ./Core/Src/Mini-STLIB/InputCapture.o
                0x0000000008000b4e                __gnu_cxx::new_allocator<InputCapture*>::allocate(unsigned int, void const*)
 .text._ZSt12__relocate_aIPP12InputCaptureS2_SaIS1_EET0_T_S5_S4_RT1_
                0x0000000008000b8a       0x3a ./Core/Src/Mini-STLIB/InputCapture.o
                0x0000000008000b8a                InputCapture** std::__relocate_a<InputCapture**, InputCapture**, std::allocator<InputCapture*> >(InputCapture**, InputCapture**, InputCapture**, std::allocator<InputCapture*>&)
 .text._ZNSt13move_iteratorIPP12InputCaptureEC2ES2_
                0x0000000008000bc4       0x24 ./Core/Src/Mini-STLIB/InputCapture.o
                0x0000000008000bc4                std::move_iterator<InputCapture**>::move_iterator(InputCapture**)
                0x0000000008000bc4                std::move_iterator<InputCapture**>::move_iterator(InputCapture**)
 .text._ZSt18uninitialized_copyISt13move_iteratorIPP12InputCaptureES3_ET0_T_S6_S5_
                0x0000000008000be8       0x24 ./Core/Src/Mini-STLIB/InputCapture.o
                0x0000000008000be8                InputCapture** std::uninitialized_copy<std::move_iterator<InputCapture**>, InputCapture**>(std::move_iterator<InputCapture**>, std::move_iterator<InputCapture**>, InputCapture**)
 .text._ZNSt12_Destroy_auxILb1EE9__destroyIPP12InputCaptureEEvT_S5_
                0x0000000008000c0c       0x16 ./Core/Src/Mini-STLIB/InputCapture.o
                0x0000000008000c0c                void std::_Destroy_aux<true>::__destroy<InputCapture**>(InputCapture**, InputCapture**)
 .text._ZNSt16allocator_traitsISaIP12InputCaptureEE8max_sizeERKS2_
                0x0000000008000c22       0x18 ./Core/Src/Mini-STLIB/InputCapture.o
                0x0000000008000c22                std::allocator_traits<std::allocator<InputCapture*> >::max_size(std::allocator<InputCapture*> const&)
 .text._ZSt3minIjERKT_S2_S2_
                0x0000000008000c3a       0x28 ./Core/Src/Mini-STLIB/InputCapture.o
                0x0000000008000c3a                unsigned int const& std::min<unsigned int>(unsigned int const&, unsigned int const&)
 .text._ZNK9__gnu_cxx13new_allocatorIP12InputCaptureE11_M_max_sizeEv
                0x0000000008000c62       0x18 ./Core/Src/Mini-STLIB/InputCapture.o
                0x0000000008000c62                __gnu_cxx::new_allocator<InputCapture*>::_M_max_size() const
 .text._ZSt12__niter_baseIPP12InputCaptureET_S3_
                0x0000000008000c7a       0x16 ./Core/Src/Mini-STLIB/InputCapture.o
                0x0000000008000c7a                InputCapture** std::__niter_base<InputCapture**>(InputCapture**)
 .text._ZSt14__relocate_a_1IP12InputCaptureS1_ENSt9enable_ifIXsrSt24__is_bitwise_relocatableIT_vE5valueEPS4_E4typeES6_S6_S6_RSaIT0_E
                0x0000000008000c90       0x3c ./Core/Src/Mini-STLIB/InputCapture.o
                0x0000000008000c90                std::enable_if<std::__is_bitwise_relocatable<InputCapture*, void>::value, InputCapture**>::type std::__relocate_a_1<InputCapture*, InputCapture*>(InputCapture**, InputCapture**, InputCapture**, std::allocator<InputCapture*>&)
 .text._ZSt4moveIRPP12InputCaptureEONSt16remove_referenceIT_E4typeEOS5_
                0x0000000008000ccc       0x16 ./Core/Src/Mini-STLIB/InputCapture.o
                0x0000000008000ccc                std::remove_reference<InputCapture**&>::type&& std::move<InputCapture**&>(InputCapture**&)
 .text._ZNSt20__uninitialized_copyILb1EE13__uninit_copyISt13move_iteratorIPP12InputCaptureES5_EET0_T_S8_S7_
                0x0000000008000ce2       0x20 ./Core/Src/Mini-STLIB/InputCapture.o
                0x0000000008000ce2                InputCapture** std::__uninitialized_copy<true>::__uninit_copy<std::move_iterator<InputCapture**>, InputCapture**>(std::move_iterator<InputCapture**>, std::move_iterator<InputCapture**>, InputCapture**)
 .text._ZNK9__gnu_cxx13new_allocatorIP12InputCaptureE8max_sizeEv
                0x0000000008000d02       0x18 ./Core/Src/Mini-STLIB/InputCapture.o
                0x0000000008000d02                __gnu_cxx::new_allocator<InputCapture*>::max_size() const
 .text._ZSt4copyISt13move_iteratorIPP12InputCaptureES3_ET0_T_S6_S5_
                0x0000000008000d1a       0x30 ./Core/Src/Mini-STLIB/InputCapture.o
                0x0000000008000d1a                InputCapture** std::copy<std::move_iterator<InputCapture**>, InputCapture**>(std::move_iterator<InputCapture**>, std::move_iterator<InputCapture**>, InputCapture**)
 .text._ZSt12__miter_baseIPP12InputCaptureEDTcl12__miter_basecldtfp_4baseEEESt13move_iteratorIT_E
                0x0000000008000d4a       0x22 ./Core/Src/Mini-STLIB/InputCapture.o
                0x0000000008000d4a                decltype (__miter_base(({parm#1}.base)())) std::__miter_base<InputCapture**>(std::move_iterator<InputCapture**>)
 .text._ZSt13__copy_move_aILb1EPP12InputCaptureS2_ET1_T0_S4_S3_
                0x0000000008000d6c       0x46 ./Core/Src/Mini-STLIB/InputCapture.o
                0x0000000008000d6c                InputCapture** std::__copy_move_a<true, InputCapture**, InputCapture**>(InputCapture**, InputCapture**, InputCapture**)
 .text._ZNKSt13move_iteratorIPP12InputCaptureE4baseEv
                0x0000000008000db2       0x18 ./Core/Src/Mini-STLIB/InputCapture.o
                0x0000000008000db2                std::move_iterator<InputCapture**>::base() const
 .text._ZSt12__miter_baseIPP12InputCaptureET_S3_
                0x0000000008000dca       0x16 ./Core/Src/Mini-STLIB/InputCapture.o
                0x0000000008000dca                InputCapture** std::__miter_base<InputCapture**>(InputCapture**)
 .text._ZSt14__copy_move_a1ILb1EPP12InputCaptureS2_ET1_T0_S4_S3_
                0x0000000008000de0       0x20 ./Core/Src/Mini-STLIB/InputCapture.o
                0x0000000008000de0                InputCapture** std::__copy_move_a1<true, InputCapture**, InputCapture**>(InputCapture**, InputCapture**, InputCapture**)
 .text._ZSt12__niter_wrapIPP12InputCaptureET_RKS3_S3_
                0x0000000008000e00       0x18 ./Core/Src/Mini-STLIB/InputCapture.o
                0x0000000008000e00                InputCapture** std::__niter_wrap<InputCapture**>(InputCapture** const&, InputCapture**)
 .text._ZSt14__copy_move_a2ILb1EPP12InputCaptureS2_ET1_T0_S4_S3_
                0x0000000008000e18       0x20 ./Core/Src/Mini-STLIB/InputCapture.o
                0x0000000008000e18                InputCapture** std::__copy_move_a2<true, InputCapture**, InputCapture**>(InputCapture**, InputCapture**, InputCapture**)
 .text._ZNSt11__copy_moveILb1ELb1ESt26random_access_iterator_tagE8__copy_mIP12InputCaptureEEPT_PKS5_S8_S6_
                0x0000000008000e38       0x3a ./Core/Src/Mini-STLIB/InputCapture.o
                0x0000000008000e38                InputCapture** std::__copy_move<true, true, std::random_access_iterator_tag>::__copy_m<InputCapture*>(InputCapture* const*, InputCapture* const*, InputCapture**)
 *fill*         0x0000000008000e72        0x2 
 .text._Z41__static_initialization_and_destruction_0ii
                0x0000000008000e74       0x44 ./Core/Src/Mini-STLIB/InputCapture.o
 .text._ZNSt6vectorIP12InputCaptureSaIS1_EED2Ev
                0x0000000008000eb8       0x36 ./Core/Src/Mini-STLIB/InputCapture.o
                0x0000000008000eb8                std::vector<InputCapture*, std::allocator<InputCapture*> >::~vector()
                0x0000000008000eb8                std::vector<InputCapture*, std::allocator<InputCapture*> >::~vector()
 .text._GLOBAL__sub_I__ZN12InputCapture14input_capturesE
                0x0000000008000eee       0x10 ./Core/Src/Mini-STLIB/InputCapture.o
 .text._GLOBAL__sub_D__ZN12InputCapture14input_capturesE
                0x0000000008000efe       0x10 ./Core/Src/Mini-STLIB/InputCapture.o
 .text._ZNSt12_Vector_baseI6SensorSaIS0_EE12_Vector_implD2Ev
                0x0000000008000f0e       0x18 ./Core/Src/main.o
                0x0000000008000f0e                std::_Vector_base<Sensor, std::allocator<Sensor> >::_Vector_impl::~_Vector_impl()
                0x0000000008000f0e                std::_Vector_base<Sensor, std::allocator<Sensor> >::_Vector_impl::~_Vector_impl()
 .text._ZNSt12_Vector_baseI6SensorSaIS0_EEC2Ev
                0x0000000008000f26       0x1a ./Core/Src/main.o
                0x0000000008000f26                std::_Vector_base<Sensor, std::allocator<Sensor> >::_Vector_base()
                0x0000000008000f26                std::_Vector_base<Sensor, std::allocator<Sensor> >::_Vector_base()
 .text._ZNSt6vectorI6SensorSaIS0_EEC2Ev
                0x0000000008000f40       0x1a ./Core/Src/main.o
                0x0000000008000f40                std::vector<Sensor, std::allocator<Sensor> >::vector()
                0x0000000008000f40                std::vector<Sensor, std::allocator<Sensor> >::vector()
 .text._ZN6SensorD2Ev
                0x0000000008000f5a       0x1a ./Core/Src/main.o
                0x0000000008000f5a                Sensor::~Sensor()
                0x0000000008000f5a                Sensor::~Sensor()
 .text._ZN6SensorC2ERKS_
                0x0000000008000f74       0x38 ./Core/Src/main.o
                0x0000000008000f74                Sensor::Sensor(Sensor const&)
                0x0000000008000f74                Sensor::Sensor(Sensor const&)
 .text._ZN8TUDTests5setupEv
                0x0000000008000fac      0x6b8 ./Core/Src/main.o
                0x0000000008000fac                TUDTests::setup()
 .text._ZN8TUDTests4loopEv
                0x0000000008001664        0xe ./Core/Src/main.o
                0x0000000008001664                TUDTests::loop()
 .text._ZN13MovingAverageILm3EdEC2Ev
                0x0000000008001672       0x1a ./Core/Src/main.o
                0x0000000008001672                MovingAverage<3ul, double>::MovingAverage()
                0x0000000008001672                MovingAverage<3ul, double>::MovingAverage()
 *fill*         0x000000000800168c        0x4 
 .text.HAL_TIM_IC_CaptureCallback
                0x0000000008001690      0x104 ./Core/Src/main.o
                0x0000000008001690                HAL_TIM_IC_CaptureCallback
 .text.main     0x0000000008001794       0x3e ./Core/Src/main.o
                0x0000000008001794                main
 *fill*         0x00000000080017d2        0x2 
 .text._Z18SystemClock_Configv
                0x00000000080017d4       0xfc ./Core/Src/main.o
                0x00000000080017d4                SystemClock_Config()
 .text._ZL14MX_FDCAN1_Initv
                0x00000000080018d0       0xd4 ./Core/Src/main.o
 .text._ZL12MX_TIM1_Initv
                0x00000000080019a4      0x1d4 ./Core/Src/main.o
 .text._ZL12MX_TIM2_Initv
                0x0000000008001b78      0x1bc ./Core/Src/main.o
 .text._ZL12MX_TIM3_Initv
                0x0000000008001d34      0x1bc ./Core/Src/main.o
 .text._ZL12MX_TIM4_Initv
                0x0000000008001ef0      0x174 ./Core/Src/main.o
 .text._ZL12MX_TIM8_Initv
                0x0000000008002064      0x1d8 ./Core/Src/main.o
 .text._ZL13MX_TIM12_Initv
                0x000000000800223c       0xec ./Core/Src/main.o
 .text._ZL13MX_TIM23_Initv
                0x0000000008002328      0x180 ./Core/Src/main.o
 .text._ZL13MX_TIM24_Initv
                0x00000000080024a8      0x180 ./Core/Src/main.o
 .text._ZL12MX_GPIO_Initv
                0x0000000008002628      0x22c ./Core/Src/main.o
 .text.Error_Handler
                0x0000000008002854        0xa ./Core/Src/main.o
                0x0000000008002854                Error_Handler
 .text._ZNSt12_Vector_baseI6SensorSaIS0_EE12_Vector_implC2Ev
                0x000000000800285e       0x20 ./Core/Src/main.o
                0x000000000800285e                std::_Vector_base<Sensor, std::allocator<Sensor> >::_Vector_impl::_Vector_impl()
                0x000000000800285e                std::_Vector_base<Sensor, std::allocator<Sensor> >::_Vector_impl::_Vector_impl()
 .text._ZNSaI6SensorED2Ev
                0x000000000800287e       0x18 ./Core/Src/main.o
                0x000000000800287e                std::allocator<Sensor>::~allocator()
                0x000000000800287e                std::allocator<Sensor>::~allocator()
 *fill*         0x0000000008002896        0x2 
 .text._ZNSt12_Vector_baseI6SensorSaIS0_EED2Ev
                0x0000000008002898       0x3c ./Core/Src/main.o
                0x0000000008002898                std::_Vector_base<Sensor, std::allocator<Sensor> >::~_Vector_base()
                0x0000000008002898                std::_Vector_base<Sensor, std::allocator<Sensor> >::~_Vector_base()
 .text._ZNSt6vectorI6SensorSaIS0_EEaSESt16initializer_listIS0_E
                0x00000000080028d4       0x36 ./Core/Src/main.o
                0x00000000080028d4                std::vector<Sensor, std::allocator<Sensor> >::operator=(std::initializer_list<Sensor>)
 .text._ZNSt6vectorI6SensorSaIS0_EE5beginEv
                0x000000000800290a       0x20 ./Core/Src/main.o
                0x000000000800290a                std::vector<Sensor, std::allocator<Sensor> >::begin()
 .text._ZNSt6vectorI6SensorSaIS0_EE3endEv
                0x000000000800292a       0x22 ./Core/Src/main.o
                0x000000000800292a                std::vector<Sensor, std::allocator<Sensor> >::end()
 .text._ZN9__gnu_cxxneIP6SensorSt6vectorIS1_SaIS1_EEEEbRKNS_17__normal_iteratorIT_T0_EESB_
                0x000000000800294c       0x30 ./Core/Src/main.o
                0x000000000800294c                bool __gnu_cxx::operator!=<Sensor*, std::vector<Sensor, std::allocator<Sensor> > >(__gnu_cxx::__normal_iterator<Sensor*, std::vector<Sensor, std::allocator<Sensor> > > const&, __gnu_cxx::__normal_iterator<Sensor*, std::vector<Sensor, std::allocator<Sensor> > > const&)
 .text._ZN9__gnu_cxx17__normal_iteratorIP6SensorSt6vectorIS1_SaIS1_EEEppEv
                0x000000000800297c       0x22 ./Core/Src/main.o
                0x000000000800297c                __gnu_cxx::__normal_iterator<Sensor*, std::vector<Sensor, std::allocator<Sensor> > >::operator++()
 .text._ZNK9__gnu_cxx17__normal_iteratorIP6SensorSt6vectorIS1_SaIS1_EEEdeEv
                0x000000000800299e       0x18 ./Core/Src/main.o
                0x000000000800299e                __gnu_cxx::__normal_iterator<Sensor*, std::vector<Sensor, std::allocator<Sensor> > >::operator*() const
 .text._ZN10RingBufferILm3EdEC2Ev
                0x00000000080029b6       0x50 ./Core/Src/main.o
                0x00000000080029b6                RingBuffer<3ul, double>::RingBuffer()
                0x00000000080029b6                RingBuffer<3ul, double>::RingBuffer()
 .text._ZN13MovingAverageILm3EdE9add_valueEd
                0x0000000008002a06       0x68 ./Core/Src/main.o
                0x0000000008002a06                MovingAverage<3ul, double>::add_value(double)
 .text._ZNSaI6SensorEC2Ev
                0x0000000008002a6e       0x18 ./Core/Src/main.o
                0x0000000008002a6e                std::allocator<Sensor>::allocator()
                0x0000000008002a6e                std::allocator<Sensor>::allocator()
 .text._ZNSt12_Vector_baseI6SensorSaIS0_EE17_Vector_impl_dataC2Ev
                0x0000000008002a86       0x28 ./Core/Src/main.o
                0x0000000008002a86                std::_Vector_base<Sensor, std::allocator<Sensor> >::_Vector_impl_data::_Vector_impl_data()
                0x0000000008002a86                std::_Vector_base<Sensor, std::allocator<Sensor> >::_Vector_impl_data::_Vector_impl_data()
 .text._ZN9__gnu_cxx13new_allocatorI6SensorED2Ev
                0x0000000008002aae       0x16 ./Core/Src/main.o
                0x0000000008002aae                __gnu_cxx::new_allocator<Sensor>::~new_allocator()
                0x0000000008002aae                __gnu_cxx::new_allocator<Sensor>::~new_allocator()
 .text._ZNSt12_Vector_baseI6SensorSaIS0_EE13_M_deallocateEPS0_j
                0x0000000008002ac4       0x26 ./Core/Src/main.o
                0x0000000008002ac4                std::_Vector_base<Sensor, std::allocator<Sensor> >::_M_deallocate(Sensor*, unsigned int)
 .text._ZNKSt16initializer_listI6SensorE5beginEv
                0x0000000008002aea       0x18 ./Core/Src/main.o
                0x0000000008002aea                std::initializer_list<Sensor>::begin() const
 .text._ZNKSt16initializer_listI6SensorE3endEv
                0x0000000008002b02       0x2a ./Core/Src/main.o
                0x0000000008002b02                std::initializer_list<Sensor>::end() const
 .text._ZNSt6vectorI6SensorSaIS0_EE13_M_assign_auxIPKS0_EEvT_S6_St20forward_iterator_tag
                0x0000000008002b2c      0x144 ./Core/Src/main.o
                0x0000000008002b2c                void std::vector<Sensor, std::allocator<Sensor> >::_M_assign_aux<Sensor const*>(Sensor const*, Sensor const*, std::forward_iterator_tag)
 .text._ZN9__gnu_cxx17__normal_iteratorIP6SensorSt6vectorIS1_SaIS1_EEEC2ERKS2_
                0x0000000008002c70       0x20 ./Core/Src/main.o
                0x0000000008002c70                __gnu_cxx::__normal_iterator<Sensor*, std::vector<Sensor, std::allocator<Sensor> > >::__normal_iterator(Sensor* const&)
                0x0000000008002c70                __gnu_cxx::__normal_iterator<Sensor*, std::vector<Sensor, std::allocator<Sensor> > >::__normal_iterator(Sensor* const&)
 .text._ZNK9__gnu_cxx17__normal_iteratorIP6SensorSt6vectorIS1_SaIS1_EEE4baseEv
                0x0000000008002c90       0x16 ./Core/Src/main.o
                0x0000000008002c90                __gnu_cxx::__normal_iterator<Sensor*, std::vector<Sensor, std::allocator<Sensor> > >::base() const
 .text._ZN10RingBufferILm3EdE13add_new_valueEd
                0x0000000008002ca6       0x46 ./Core/Src/main.o
                0x0000000008002ca6                RingBuffer<3ul, double>::add_new_value(double)
 .text._ZN9__gnu_cxx13new_allocatorI6SensorEC2Ev
                0x0000000008002cec       0x16 ./Core/Src/main.o
                0x0000000008002cec                __gnu_cxx::new_allocator<Sensor>::new_allocator()
                0x0000000008002cec                __gnu_cxx::new_allocator<Sensor>::new_allocator()
 .text._ZNSt16allocator_traitsISaI6SensorEE10deallocateERS1_PS0_j
                0x0000000008002d02       0x1e ./Core/Src/main.o
                0x0000000008002d02                std::allocator_traits<std::allocator<Sensor> >::deallocate(std::allocator<Sensor>&, Sensor*, unsigned int)
 .text._ZNKSt16initializer_listI6SensorE4sizeEv
                0x0000000008002d20       0x18 ./Core/Src/main.o
                0x0000000008002d20                std::initializer_list<Sensor>::size() const
 .text._ZSt8distanceIPK6SensorENSt15iterator_traitsIT_E15difference_typeES4_S4_
                0x0000000008002d38       0x28 ./Core/Src/main.o
                0x0000000008002d38                std::iterator_traits<Sensor const*>::difference_type std::distance<Sensor const*>(Sensor const*, Sensor const*)
 .text._ZNKSt6vectorI6SensorSaIS0_EE8capacityEv
                0x0000000008002d60       0x2c ./Core/Src/main.o
                0x0000000008002d60                std::vector<Sensor, std::allocator<Sensor> >::capacity() const
 .text._ZNSt6vectorI6SensorSaIS0_EE17_S_check_init_lenEjRKS1_
                0x0000000008002d8c       0x50 ./Core/Src/main.o
                0x0000000008002d8c                std::vector<Sensor, std::allocator<Sensor> >::_S_check_init_len(unsigned int, std::allocator<Sensor> const&)
 .text._ZNSt12_Vector_baseI6SensorSaIS0_EE19_M_get_Tp_allocatorEv
                0x0000000008002ddc       0x16 ./Core/Src/main.o
                0x0000000008002ddc                std::_Vector_base<Sensor, std::allocator<Sensor> >::_M_get_Tp_allocator()
 .text._ZNSt6vectorI6SensorSaIS0_EE20_M_allocate_and_copyIPKS0_EEPS0_jT_S7_
                0x0000000008002df2       0x38 ./Core/Src/main.o
                0x0000000008002df2                Sensor* std::vector<Sensor, std::allocator<Sensor> >::_M_allocate_and_copy<Sensor const*>(unsigned int, Sensor const*, Sensor const*)
 .text._ZSt8_DestroyIP6SensorS0_EvT_S2_RSaIT0_E
                0x0000000008002e2a       0x1c ./Core/Src/main.o
                0x0000000008002e2a                void std::_Destroy<Sensor*, Sensor>(Sensor*, Sensor*, std::allocator<Sensor>&)
 *fill*         0x0000000008002e46        0x2 
 .text._ZNKSt6vectorI6SensorSaIS0_EE4sizeEv
                0x0000000008002e48       0x2c ./Core/Src/main.o
                0x0000000008002e48                std::vector<Sensor, std::allocator<Sensor> >::size() const
 .text._ZNSt6vectorI6SensorSaIS0_EE15_M_erase_at_endEPS0_
                0x0000000008002e74       0x4c ./Core/Src/main.o
                0x0000000008002e74                std::vector<Sensor, std::allocator<Sensor> >::_M_erase_at_end(Sensor*)
 .text._ZSt4copyIPK6SensorPS0_ET0_T_S5_S4_
                0x0000000008002ec0       0x30 ./Core/Src/main.o
                0x0000000008002ec0                Sensor* std::copy<Sensor const*, Sensor*>(Sensor const*, Sensor const*, Sensor*)
 .text._ZSt7advanceIPK6SensorjEvRT_T0_
                0x0000000008002ef0       0x26 ./Core/Src/main.o
                0x0000000008002ef0                void std::advance<Sensor const*, unsigned int>(Sensor const*&, unsigned int)
 .text._ZSt22__uninitialized_copy_aIPK6SensorPS0_S0_ET0_T_S5_S4_RSaIT1_E
                0x0000000008002f16       0x22 ./Core/Src/main.o
                0x0000000008002f16                Sensor* std::__uninitialized_copy_a<Sensor const*, Sensor*, Sensor>(Sensor const*, Sensor const*, Sensor*, std::allocator<Sensor>&)
 .text._ZN10RingBufferILm3EdE9pop_valueEv
                0x0000000008002f38       0x78 ./Core/Src/main.o
                0x0000000008002f38                RingBuffer<3ul, double>::pop_value()
 .text._ZN10RingBufferILm3EdE10push_valueEd
                0x0000000008002fb0       0x68 ./Core/Src/main.o
                0x0000000008002fb0                RingBuffer<3ul, double>::push_value(double)
 .text._ZN9__gnu_cxx13new_allocatorI6SensorE10deallocateEPS1_j
                0x0000000008003018       0x26 ./Core/Src/main.o
                0x0000000008003018                __gnu_cxx::new_allocator<Sensor>::deallocate(Sensor*, unsigned int)
 .text._ZSt19__iterator_categoryIPK6SensorENSt15iterator_traitsIT_E17iterator_categoryERKS4_
                0x000000000800303e       0x16 ./Core/Src/main.o
                0x000000000800303e                std::iterator_traits<Sensor const*>::iterator_category std::__iterator_category<Sensor const*>(Sensor const* const&)
 .text._ZSt10__distanceIPK6SensorENSt15iterator_traitsIT_E15difference_typeES4_S4_St26random_access_iterator_tag
                0x0000000008003054       0x2c ./Core/Src/main.o
                0x0000000008003054                std::iterator_traits<Sensor const*>::difference_type std::__distance<Sensor const*>(Sensor const*, Sensor const*, std::random_access_iterator_tag)
 .text._ZNSt6vectorI6SensorSaIS0_EE11_S_max_sizeERKS1_
                0x0000000008003080       0x38 ./Core/Src/main.o
                0x0000000008003080                std::vector<Sensor, std::allocator<Sensor> >::_S_max_size(std::allocator<Sensor> const&)
 .text._ZNSaI6SensorEC2ERKS0_
                0x00000000080030b8       0x1c ./Core/Src/main.o
                0x00000000080030b8                std::allocator<Sensor>::allocator(std::allocator<Sensor> const&)
                0x00000000080030b8                std::allocator<Sensor>::allocator(std::allocator<Sensor> const&)
 .text._ZNSt12_Vector_baseI6SensorSaIS0_EE11_M_allocateEj
                0x00000000080030d4       0x28 ./Core/Src/main.o
                0x00000000080030d4                std::_Vector_base<Sensor, std::allocator<Sensor> >::_M_allocate(unsigned int)
 .text._ZSt8_DestroyIP6SensorEvT_S2_
                0x00000000080030fc       0x1a ./Core/Src/main.o
                0x00000000080030fc                void std::_Destroy<Sensor*>(Sensor*, Sensor*)
 .text._ZSt12__miter_baseIPK6SensorET_S3_
                0x0000000008003116       0x16 ./Core/Src/main.o
                0x0000000008003116                Sensor const* std::__miter_base<Sensor const*>(Sensor const*)
 .text._ZSt13__copy_move_aILb0EPK6SensorPS0_ET1_T0_S5_S4_
                0x000000000800312c       0x46 ./Core/Src/main.o
                0x000000000800312c                Sensor* std::__copy_move_a<false, Sensor const*, Sensor*>(Sensor const*, Sensor const*, Sensor*)
 .text._ZSt9__advanceIPK6SensoriEvRT_T0_St26random_access_iterator_tag
                0x0000000008003172       0x2c ./Core/Src/main.o
                0x0000000008003172                void std::__advance<Sensor const*, int>(Sensor const*&, int, std::random_access_iterator_tag)
 .text._ZSt18uninitialized_copyIPK6SensorPS0_ET0_T_S5_S4_
                0x000000000800319e       0x24 ./Core/Src/main.o
                0x000000000800319e                Sensor* std::uninitialized_copy<Sensor const*, Sensor*>(Sensor const*, Sensor const*, Sensor*)
 .text._ZNSt16allocator_traitsISaI6SensorEE8max_sizeERKS1_
                0x00000000080031c2       0x18 ./Core/Src/main.o
                0x00000000080031c2                std::allocator_traits<std::allocator<Sensor> >::max_size(std::allocator<Sensor> const&)
 .text._ZN9__gnu_cxx13new_allocatorI6SensorEC2ERKS2_
                0x00000000080031da       0x18 ./Core/Src/main.o
                0x00000000080031da                __gnu_cxx::new_allocator<Sensor>::new_allocator(__gnu_cxx::new_allocator<Sensor> const&)
                0x00000000080031da                __gnu_cxx::new_allocator<Sensor>::new_allocator(__gnu_cxx::new_allocator<Sensor> const&)
 .text._ZNSt16allocator_traitsISaI6SensorEE8allocateERS1_j
                0x00000000080031f2       0x1e ./Core/Src/main.o
                0x00000000080031f2                std::allocator_traits<std::allocator<Sensor> >::allocate(std::allocator<Sensor>&, unsigned int)
 .text._ZNSt12_Destroy_auxILb0EE9__destroyIP6SensorEEvT_S4_
                0x0000000008003210       0x30 ./Core/Src/main.o
                0x0000000008003210                void std::_Destroy_aux<false>::__destroy<Sensor*>(Sensor*, Sensor*)
 .text._ZSt12__niter_baseIPK6SensorET_S3_
                0x0000000008003240       0x16 ./Core/Src/main.o
                0x0000000008003240                Sensor const* std::__niter_base<Sensor const*>(Sensor const*)
 .text._ZSt12__niter_baseIP6SensorET_S2_
                0x0000000008003256       0x16 ./Core/Src/main.o
                0x0000000008003256                Sensor* std::__niter_base<Sensor*>(Sensor*)
 .text._ZSt14__copy_move_a1ILb0EPK6SensorPS0_ET1_T0_S5_S4_
                0x000000000800326c       0x20 ./Core/Src/main.o
                0x000000000800326c                Sensor* std::__copy_move_a1<false, Sensor const*, Sensor*>(Sensor const*, Sensor const*, Sensor*)
 .text._ZSt12__niter_wrapIP6SensorET_RKS2_S2_
                0x000000000800328c       0x18 ./Core/Src/main.o
                0x000000000800328c                Sensor* std::__niter_wrap<Sensor*>(Sensor* const&, Sensor*)
 .text._ZNSt20__uninitialized_copyILb0EE13__uninit_copyIPK6SensorPS2_EET0_T_S7_S6_
                0x00000000080032a4       0x40 ./Core/Src/main.o
                0x00000000080032a4                Sensor* std::__uninitialized_copy<false>::__uninit_copy<Sensor const*, Sensor*>(Sensor const*, Sensor const*, Sensor*)
 .text._ZNK9__gnu_cxx13new_allocatorI6SensorE8max_sizeEv
                0x00000000080032e4       0x18 ./Core/Src/main.o
                0x00000000080032e4                __gnu_cxx::new_allocator<Sensor>::max_size() const
 .text._ZN9__gnu_cxx13new_allocatorI6SensorE8allocateEjPKv
                0x00000000080032fc       0x42 ./Core/Src/main.o
                0x00000000080032fc                __gnu_cxx::new_allocator<Sensor>::allocate(unsigned int, void const*)
 .text._ZSt11__addressofI6SensorEPT_RS1_
                0x000000000800333e       0x16 ./Core/Src/main.o
                0x000000000800333e                Sensor* std::__addressof<Sensor>(Sensor&)
 .text._ZSt8_DestroyI6SensorEvPT_
                0x0000000008003354       0x16 ./Core/Src/main.o
                0x0000000008003354                void std::_Destroy<Sensor>(Sensor*)
 .text._ZSt14__copy_move_a2ILb0EPK6SensorPS0_ET1_T0_S5_S4_
                0x000000000800336a       0x20 ./Core/Src/main.o
                0x000000000800336a                Sensor* std::__copy_move_a2<false, Sensor const*, Sensor*>(Sensor const*, Sensor const*, Sensor*)
 .text._ZSt10_ConstructI6SensorJRKS0_EEvPT_DpOT0_
                0x000000000800338a       0x2e ./Core/Src/main.o
                0x000000000800338a                void std::_Construct<Sensor, Sensor const&>(Sensor*, Sensor const&)
 .text._ZNK9__gnu_cxx13new_allocatorI6SensorE11_M_max_sizeEv
                0x00000000080033b8       0x1c ./Core/Src/main.o
                0x00000000080033b8                __gnu_cxx::new_allocator<Sensor>::_M_max_size() const
 .text._ZN6SensoraSERKS_
                0x00000000080033d4       0x38 ./Core/Src/main.o
                0x00000000080033d4                Sensor::operator=(Sensor const&)
 .text._ZNSt11__copy_moveILb0ELb0ESt26random_access_iterator_tagE8__copy_mIPK6SensorPS3_EET0_T_S8_S7_
                0x000000000800340c       0x4c ./Core/Src/main.o
                0x000000000800340c                Sensor* std::__copy_move<false, false, std::random_access_iterator_tag>::__copy_m<Sensor const*, Sensor*>(Sensor const*, Sensor const*, Sensor*)
 .text._ZSt7forwardIRK6SensorEOT_RNSt16remove_referenceIS3_E4typeE
                0x0000000008003458       0x16 ./Core/Src/main.o
                0x0000000008003458                Sensor const& std::forward<Sensor const&>(std::remove_reference<Sensor const&>::type&)
 *fill*         0x000000000800346e        0x2 
 .text._Z41__static_initialization_and_destruction_0ii
                0x0000000008003470       0x68 ./Core/Src/main.o
 .text._ZNSt6vectorI6SensorSaIS0_EED2Ev
                0x00000000080034d8       0x36 ./Core/Src/main.o
                0x00000000080034d8                std::vector<Sensor, std::allocator<Sensor> >::~vector()
                0x00000000080034d8                std::vector<Sensor, std::allocator<Sensor> >::~vector()
 .text._GLOBAL__sub_I_input_capture_PB1
                0x000000000800350e       0x10 ./Core/Src/main.o
 .text._GLOBAL__sub_D_input_capture_PB1
                0x000000000800351e       0x10 ./Core/Src/main.o
 *fill*         0x000000000800352e        0x2 
 .text.HAL_MspInit
                0x0000000008003530       0x34 ./Core/Src/stm32h7xx_hal_msp.o
                0x0000000008003530                HAL_MspInit
 .text.HAL_FDCAN_MspInit
                0x0000000008003564       0xd4 ./Core/Src/stm32h7xx_hal_msp.o
                0x0000000008003564                HAL_FDCAN_MspInit
 .text.HAL_TIM_Base_MspInit
                0x0000000008003638      0x2ec ./Core/Src/stm32h7xx_hal_msp.o
                0x0000000008003638                HAL_TIM_Base_MspInit
 .text.HAL_TIM_MspPostInit
                0x0000000008003924      0x208 ./Core/Src/stm32h7xx_hal_msp.o
                0x0000000008003924                HAL_TIM_MspPostInit
 .text.NMI_Handler
                0x0000000008003b2c        0x6 ./Core/Src/stm32h7xx_it.o
                0x0000000008003b2c                NMI_Handler
 .text.HardFault_Handler
                0x0000000008003b32        0x6 ./Core/Src/stm32h7xx_it.o
                0x0000000008003b32                HardFault_Handler
 .text.MemManage_Handler
                0x0000000008003b38        0x6 ./Core/Src/stm32h7xx_it.o
                0x0000000008003b38                MemManage_Handler
 .text.BusFault_Handler
                0x0000000008003b3e        0x6 ./Core/Src/stm32h7xx_it.o
                0x0000000008003b3e                BusFault_Handler
 .text.UsageFault_Handler
                0x0000000008003b44        0x6 ./Core/Src/stm32h7xx_it.o
                0x0000000008003b44                UsageFault_Handler
 .text.SVC_Handler
                0x0000000008003b4a        0xe ./Core/Src/stm32h7xx_it.o
                0x0000000008003b4a                SVC_Handler
 .text.DebugMon_Handler
                0x0000000008003b58        0xe ./Core/Src/stm32h7xx_it.o
                0x0000000008003b58                DebugMon_Handler
 .text.PendSV_Handler
                0x0000000008003b66        0xe ./Core/Src/stm32h7xx_it.o
                0x0000000008003b66                PendSV_Handler
 .text.SysTick_Handler
                0x0000000008003b74        0xc ./Core/Src/stm32h7xx_it.o
                0x0000000008003b74                SysTick_Handler
 .text.TIM1_BRK_IRQHandler
                0x0000000008003b80       0x14 ./Core/Src/stm32h7xx_it.o
                0x0000000008003b80                TIM1_BRK_IRQHandler
 .text.TIM1_UP_IRQHandler
                0x0000000008003b94       0x14 ./Core/Src/stm32h7xx_it.o
                0x0000000008003b94                TIM1_UP_IRQHandler
 .text.TIM1_TRG_COM_IRQHandler
                0x0000000008003ba8       0x14 ./Core/Src/stm32h7xx_it.o
                0x0000000008003ba8                TIM1_TRG_COM_IRQHandler
 .text.TIM1_CC_IRQHandler
                0x0000000008003bbc       0x14 ./Core/Src/stm32h7xx_it.o
                0x0000000008003bbc                TIM1_CC_IRQHandler
 .text.TIM4_IRQHandler
                0x0000000008003bd0       0x14 ./Core/Src/stm32h7xx_it.o
                0x0000000008003bd0                TIM4_IRQHandler
 .text._getpid  0x0000000008003be4       0x10 ./Core/Src/syscalls.o
                0x0000000008003be4                _getpid
 .text._kill    0x0000000008003bf4       0x20 ./Core/Src/syscalls.o
                0x0000000008003bf4                _kill
 .text._exit    0x0000000008003c14       0x14 ./Core/Src/syscalls.o
                0x0000000008003c14                _exit
 .text._sbrk    0x0000000008003c28       0x6c ./Core/Src/sysmem.o
                0x0000000008003c28                _sbrk
 .text.SystemInit
                0x0000000008003c94       0xf0 ./Core/Src/system_stm32h7xx.o
                0x0000000008003c94                SystemInit
 .text.Reset_Handler
                0x0000000008003d84       0x50 ./Core/Startup/startup_stm32h723zgtx.o
                0x0000000008003d84                Reset_Handler
 .text.Default_Handler
                0x0000000008003dd4        0x2 ./Core/Startup/startup_stm32h723zgtx.o
                0x0000000008003dd4                RTC_Alarm_IRQHandler
                0x0000000008003dd4                EXTI2_IRQHandler
                0x0000000008003dd4                TIM8_CC_IRQHandler
                0x0000000008003dd4                UART8_IRQHandler
                0x0000000008003dd4                SPI4_IRQHandler
                0x0000000008003dd4                FDCAN3_IT0_IRQHandler
                0x0000000008003dd4                BDMA_Channel6_IRQHandler
                0x0000000008003dd4                DMA2_Stream5_IRQHandler
                0x0000000008003dd4                DMA1_Stream5_IRQHandler
                0x0000000008003dd4                CORDIC_IRQHandler
                0x0000000008003dd4                BDMA_Channel1_IRQHandler
                0x0000000008003dd4                TAMP_STAMP_IRQHandler
                0x0000000008003dd4                EXTI3_IRQHandler
                0x0000000008003dd4                LPTIM4_IRQHandler
                0x0000000008003dd4                TIM8_TRG_COM_TIM14_IRQHandler
                0x0000000008003dd4                LPTIM2_IRQHandler
                0x0000000008003dd4                DFSDM1_FLT1_IRQHandler
                0x0000000008003dd4                DMAMUX2_OVR_IRQHandler
                0x0000000008003dd4                TIM8_UP_TIM13_IRQHandler
                0x0000000008003dd4                I2C3_ER_IRQHandler
                0x0000000008003dd4                DFSDM1_FLT2_IRQHandler
                0x0000000008003dd4                I2C5_EV_IRQHandler
                0x0000000008003dd4                USART10_IRQHandler
                0x0000000008003dd4                MDMA_IRQHandler
                0x0000000008003dd4                LPTIM3_IRQHandler
                0x0000000008003dd4                HSEM1_IRQHandler
                0x0000000008003dd4                EXTI0_IRQHandler
                0x0000000008003dd4                I2C2_EV_IRQHandler
                0x0000000008003dd4                DMA1_Stream2_IRQHandler
                0x0000000008003dd4                FPU_IRQHandler
                0x0000000008003dd4                OTG_HS_WKUP_IRQHandler
                0x0000000008003dd4                FDCAN1_IT1_IRQHandler
                0x0000000008003dd4                LTDC_ER_IRQHandler
                0x0000000008003dd4                DMA2_Stream2_IRQHandler
                0x0000000008003dd4                SPI1_IRQHandler
                0x0000000008003dd4                OCTOSPI1_IRQHandler
                0x0000000008003dd4                TIM6_DAC_IRQHandler
                0x0000000008003dd4                DMA2_Stream3_IRQHandler
                0x0000000008003dd4                OCTOSPI2_IRQHandler
                0x0000000008003dd4                DFSDM1_FLT3_IRQHandler
                0x0000000008003dd4                TIM23_IRQHandler
                0x0000000008003dd4                USART6_IRQHandler
                0x0000000008003dd4                TIM17_IRQHandler
                0x0000000008003dd4                USART3_IRQHandler
                0x0000000008003dd4                BDMA_Channel7_IRQHandler
                0x0000000008003dd4                LPTIM5_IRQHandler
                0x0000000008003dd4                UART5_IRQHandler
                0x0000000008003dd4                ADC3_IRQHandler
                0x0000000008003dd4                DMA2_Stream0_IRQHandler
                0x0000000008003dd4                BDMA_Channel2_IRQHandler
                0x0000000008003dd4                I2C1_EV_IRQHandler
                0x0000000008003dd4                DMA1_Stream6_IRQHandler
                0x0000000008003dd4                DMAMUX1_OVR_IRQHandler
                0x0000000008003dd4                DMA1_Stream1_IRQHandler
                0x0000000008003dd4                TIM16_IRQHandler
                0x0000000008003dd4                UART4_IRQHandler
                0x0000000008003dd4                BDMA_Channel5_IRQHandler
                0x0000000008003dd4                TIM3_IRQHandler
                0x0000000008003dd4                RCC_IRQHandler
                0x0000000008003dd4                UART9_IRQHandler
                0x0000000008003dd4                TIM8_BRK_TIM12_IRQHandler
                0x0000000008003dd4                Default_Handler
                0x0000000008003dd4                ECC_IRQHandler
                0x0000000008003dd4                FMAC_IRQHandler
                0x0000000008003dd4                CEC_IRQHandler
                0x0000000008003dd4                EXTI15_10_IRQHandler
                0x0000000008003dd4                BDMA_Channel0_IRQHandler
                0x0000000008003dd4                ADC_IRQHandler
                0x0000000008003dd4                I2C5_ER_IRQHandler
                0x0000000008003dd4                DMA1_Stream7_IRQHandler
                0x0000000008003dd4                SPI5_IRQHandler
                0x0000000008003dd4                TIM7_IRQHandler
                0x0000000008003dd4                FDCAN3_IT1_IRQHandler
                0x0000000008003dd4                SDMMC1_IRQHandler
                0x0000000008003dd4                TIM5_IRQHandler
                0x0000000008003dd4                DMA2_Stream7_IRQHandler
                0x0000000008003dd4                TIM15_IRQHandler
                0x0000000008003dd4                PVD_AVD_IRQHandler
                0x0000000008003dd4                I2C3_EV_IRQHandler
                0x0000000008003dd4                EXTI9_5_IRQHandler
                0x0000000008003dd4                RTC_WKUP_IRQHandler
                0x0000000008003dd4                LTDC_IRQHandler
                0x0000000008003dd4                ETH_WKUP_IRQHandler
                0x0000000008003dd4                SPDIF_RX_IRQHandler
                0x0000000008003dd4                SPI2_IRQHandler
                0x0000000008003dd4                OTG_HS_EP1_IN_IRQHandler
                0x0000000008003dd4                DMA1_Stream0_IRQHandler
                0x0000000008003dd4                TIM24_IRQHandler
                0x0000000008003dd4                CRS_IRQHandler
                0x0000000008003dd4                EXTI4_IRQHandler
                0x0000000008003dd4                RNG_IRQHandler
                0x0000000008003dd4                FDCAN2_IT1_IRQHandler
                0x0000000008003dd4                ETH_IRQHandler
                0x0000000008003dd4                BDMA_Channel4_IRQHandler
                0x0000000008003dd4                OTG_HS_EP1_OUT_IRQHandler
                0x0000000008003dd4                WWDG_IRQHandler
                0x0000000008003dd4                SPI6_IRQHandler
                0x0000000008003dd4                MDIOS_IRQHandler
                0x0000000008003dd4                I2C4_EV_IRQHandler
                0x0000000008003dd4                FDCAN2_IT0_IRQHandler
                0x0000000008003dd4                LPUART1_IRQHandler
                0x0000000008003dd4                FDCAN1_IT0_IRQHandler
                0x0000000008003dd4                TIM2_IRQHandler
                0x0000000008003dd4                OTG_HS_IRQHandler
                0x0000000008003dd4                DMA2D_IRQHandler
                0x0000000008003dd4                EXTI1_IRQHandler
                0x0000000008003dd4                SDMMC2_IRQHandler
                0x0000000008003dd4                BDMA_Channel3_IRQHandler
                0x0000000008003dd4                DTS_IRQHandler
                0x0000000008003dd4                UART7_IRQHandler
                0x0000000008003dd4                MDIOS_WKUP_IRQHandler
                0x0000000008003dd4                USART2_IRQHandler
                0x0000000008003dd4                DFSDM1_FLT0_IRQHandler
                0x0000000008003dd4                SAI4_IRQHandler
                0x0000000008003dd4                I2C2_ER_IRQHandler
                0x0000000008003dd4                DMA2_Stream1_IRQHandler
                0x0000000008003dd4                FLASH_IRQHandler
                0x0000000008003dd4                DMA2_Stream4_IRQHandler
                0x0000000008003dd4                USART1_IRQHandler
                0x0000000008003dd4                SPI3_IRQHandler
                0x0000000008003dd4                WAKEUP_PIN_IRQHandler
                0x0000000008003dd4                DMA1_Stream4_IRQHandler
                0x0000000008003dd4                I2C1_ER_IRQHandler
                0x0000000008003dd4                FMC_IRQHandler
                0x0000000008003dd4                FDCAN_CAL_IRQHandler
                0x0000000008003dd4                SWPMI1_IRQHandler
                0x0000000008003dd4                COMP1_IRQHandler
                0x0000000008003dd4                LPTIM1_IRQHandler
                0x0000000008003dd4                DCMI_PSSI_IRQHandler
                0x0000000008003dd4                I2C4_ER_IRQHandler
                0x0000000008003dd4                DMA2_Stream6_IRQHandler
                0x0000000008003dd4                SAI1_IRQHandler
                0x0000000008003dd4                DMA1_Stream3_IRQHandler
 *fill*         0x0000000008003dd6        0x2 
 .text.HAL_Init
                0x0000000008003dd8       0x78 ./Drivers/STM32H7xx_HAL_Driver/Src/stm32h7xx_hal.o
                0x0000000008003dd8                HAL_Init
 .text.HAL_InitTick
                0x0000000008003e50       0x6c ./Drivers/STM32H7xx_HAL_Driver/Src/stm32h7xx_hal.o
                0x0000000008003e50                HAL_InitTick
 .text.HAL_IncTick
                0x0000000008003ebc       0x28 ./Drivers/STM32H7xx_HAL_Driver/Src/stm32h7xx_hal.o
                0x0000000008003ebc                HAL_IncTick
 .text.HAL_GetTick
                0x0000000008003ee4       0x18 ./Drivers/STM32H7xx_HAL_Driver/Src/stm32h7xx_hal.o
                0x0000000008003ee4                HAL_GetTick
 .text.__NVIC_SetPriorityGrouping
                0x0000000008003efc       0x48 ./Drivers/STM32H7xx_HAL_Driver/Src/stm32h7xx_hal_cortex.o
 .text.__NVIC_GetPriorityGrouping
                0x0000000008003f44       0x1c ./Drivers/STM32H7xx_HAL_Driver/Src/stm32h7xx_hal_cortex.o
 .text.__NVIC_EnableIRQ
                0x0000000008003f60       0x3c ./Drivers/STM32H7xx_HAL_Driver/Src/stm32h7xx_hal_cortex.o
 .text.__NVIC_SetPriority
                0x0000000008003f9c       0x54 ./Drivers/STM32H7xx_HAL_Driver/Src/stm32h7xx_hal_cortex.o
 .text.NVIC_EncodePriority
                0x0000000008003ff0       0x66 ./Drivers/STM32H7xx_HAL_Driver/Src/stm32h7xx_hal_cortex.o
 *fill*         0x0000000008004056        0x2 
 .text.SysTick_Config
                0x0000000008004058       0x44 ./Drivers/STM32H7xx_HAL_Driver/Src/stm32h7xx_hal_cortex.o
 .text.HAL_NVIC_SetPriorityGrouping
                0x000000000800409c       0x16 ./Drivers/STM32H7xx_HAL_Driver/Src/stm32h7xx_hal_cortex.o
                0x000000000800409c                HAL_NVIC_SetPriorityGrouping
 .text.HAL_NVIC_SetPriority
                0x00000000080040b2       0x34 ./Drivers/STM32H7xx_HAL_Driver/Src/stm32h7xx_hal_cortex.o
                0x00000000080040b2                HAL_NVIC_SetPriority
 .text.HAL_NVIC_EnableIRQ
                0x00000000080040e6       0x1c ./Drivers/STM32H7xx_HAL_Driver/Src/stm32h7xx_hal_cortex.o
                0x00000000080040e6                HAL_NVIC_EnableIRQ
 .text.HAL_SYSTICK_Config
                0x0000000008004102       0x18 ./Drivers/STM32H7xx_HAL_Driver/Src/stm32h7xx_hal_cortex.o
                0x0000000008004102                HAL_SYSTICK_Config
 *fill*         0x000000000800411a        0x2 
 .text.HAL_FDCAN_Init
                0x000000000800411c      0x3bc ./Drivers/STM32H7xx_HAL_Driver/Src/stm32h7xx_hal_fdcan.o
                0x000000000800411c                HAL_FDCAN_Init
 .text.FDCAN_CalcultateRamBlockAddresses
                0x00000000080044d8      0x30c ./Drivers/STM32H7xx_HAL_Driver/Src/stm32h7xx_hal_fdcan.o
 .text.HAL_GPIO_Init
                0x00000000080047e4      0x350 ./Drivers/STM32H7xx_HAL_Driver/Src/stm32h7xx_hal_gpio.o
                0x00000000080047e4                HAL_GPIO_Init
 .text.HAL_GPIO_WritePin
                0x0000000008004b34       0x32 ./Drivers/STM32H7xx_HAL_Driver/Src/stm32h7xx_hal_gpio.o
                0x0000000008004b34                HAL_GPIO_WritePin
 *fill*         0x0000000008004b66        0x2 
 .text.HAL_PWREx_ConfigSupply
                0x0000000008004b68       0x74 ./Drivers/STM32H7xx_HAL_Driver/Src/stm32h7xx_hal_pwr_ex.o
                0x0000000008004b68                HAL_PWREx_ConfigSupply
 .text.HAL_RCC_OscConfig
                0x0000000008004bdc      0x7b4 ./Drivers/STM32H7xx_HAL_Driver/Src/stm32h7xx_hal_rcc.o
                0x0000000008004bdc                HAL_RCC_OscConfig
 .text.HAL_RCC_ClockConfig
                0x0000000008005390      0x36c ./Drivers/STM32H7xx_HAL_Driver/Src/stm32h7xx_hal_rcc.o
                0x0000000008005390                HAL_RCC_ClockConfig
 .text.HAL_RCC_GetSysClockFreq
                0x00000000080056fc      0x2f4 ./Drivers/STM32H7xx_HAL_Driver/Src/stm32h7xx_hal_rcc.o
                0x00000000080056fc                HAL_RCC_GetSysClockFreq
 .text.HAL_RCCEx_PeriphCLKConfig
                0x00000000080059f0     0x1340 ./Drivers/STM32H7xx_HAL_Driver/Src/stm32h7xx_hal_rcc_ex.o
                0x00000000080059f0                HAL_RCCEx_PeriphCLKConfig
 .text.RCCEx_PLL2_Config
                0x0000000008006d30      0x164 ./Drivers/STM32H7xx_HAL_Driver/Src/stm32h7xx_hal_rcc_ex.o
 .text.RCCEx_PLL3_Config
                0x0000000008006e94      0x164 ./Drivers/STM32H7xx_HAL_Driver/Src/stm32h7xx_hal_rcc_ex.o
 .text.HAL_TIM_Base_Init
                0x0000000008006ff8       0xae ./Drivers/STM32H7xx_HAL_Driver/Src/stm32h7xx_hal_tim.o
                0x0000000008006ff8                HAL_TIM_Base_Init
 .text.HAL_TIM_PWM_Init
                0x00000000080070a6       0xae ./Drivers/STM32H7xx_HAL_Driver/Src/stm32h7xx_hal_tim.o
                0x00000000080070a6                HAL_TIM_PWM_Init
 .text.HAL_TIM_PWM_MspInit
                0x0000000008007154       0x14 ./Drivers/STM32H7xx_HAL_Driver/Src/stm32h7xx_hal_tim.o
                0x0000000008007154                HAL_TIM_PWM_MspInit
 .text.HAL_TIM_PWM_Start
                0x0000000008007168      0x238 ./Drivers/STM32H7xx_HAL_Driver/Src/stm32h7xx_hal_tim.o
                0x0000000008007168                HAL_TIM_PWM_Start
 .text.HAL_TIM_IC_Init
                0x00000000080073a0       0xae ./Drivers/STM32H7xx_HAL_Driver/Src/stm32h7xx_hal_tim.o
                0x00000000080073a0                HAL_TIM_IC_Init
 .text.HAL_TIM_IC_MspInit
                0x000000000800744e       0x14 ./Drivers/STM32H7xx_HAL_Driver/Src/stm32h7xx_hal_tim.o
                0x000000000800744e                HAL_TIM_IC_MspInit
 *fill*         0x0000000008007462        0x2 
 .text.HAL_TIM_IC_Start
                0x0000000008007464      0x224 ./Drivers/STM32H7xx_HAL_Driver/Src/stm32h7xx_hal_tim.o
                0x0000000008007464                HAL_TIM_IC_Start
 .text.HAL_TIM_IC_Start_IT
                0x0000000008007688      0x2bc ./Drivers/STM32H7xx_HAL_Driver/Src/stm32h7xx_hal_tim.o
                0x0000000008007688                HAL_TIM_IC_Start_IT
 .text.HAL_TIM_IRQHandler
                0x0000000008007944      0x23e ./Drivers/STM32H7xx_HAL_Driver/Src/stm32h7xx_hal_tim.o
                0x0000000008007944                HAL_TIM_IRQHandler
 .text.HAL_TIM_IC_ConfigChannel
                0x0000000008007b82      0x138 ./Drivers/STM32H7xx_HAL_Driver/Src/stm32h7xx_hal_tim.o
                0x0000000008007b82                HAL_TIM_IC_ConfigChannel
 *fill*         0x0000000008007cba        0x2 
 .text.HAL_TIM_PWM_ConfigChannel
                0x0000000008007cbc      0x228 ./Drivers/STM32H7xx_HAL_Driver/Src/stm32h7xx_hal_tim.o
                0x0000000008007cbc                HAL_TIM_PWM_ConfigChannel
 .text.HAL_TIM_ConfigClockSource
                0x0000000008007ee4      0x1f0 ./Drivers/STM32H7xx_HAL_Driver/Src/stm32h7xx_hal_tim.o
                0x0000000008007ee4                HAL_TIM_ConfigClockSource
 .text.HAL_TIM_SlaveConfigSynchro
                0x00000000080080d4       0x84 ./Drivers/STM32H7xx_HAL_Driver/Src/stm32h7xx_hal_tim.o
                0x00000000080080d4                HAL_TIM_SlaveConfigSynchro
 .text.HAL_TIM_ReadCapturedValue
                0x0000000008008158       0x88 ./Drivers/STM32H7xx_HAL_Driver/Src/stm32h7xx_hal_tim.o
                0x0000000008008158                HAL_TIM_ReadCapturedValue
 .text.HAL_TIM_PeriodElapsedCallback
                0x00000000080081e0       0x14 ./Drivers/STM32H7xx_HAL_Driver/Src/stm32h7xx_hal_tim.o
                0x00000000080081e0                HAL_TIM_PeriodElapsedCallback
 .text.HAL_TIM_OC_DelayElapsedCallback
                0x00000000080081f4       0x14 ./Drivers/STM32H7xx_HAL_Driver/Src/stm32h7xx_hal_tim.o
                0x00000000080081f4                HAL_TIM_OC_DelayElapsedCallback
 .text.HAL_TIM_PWM_PulseFinishedCallback
                0x0000000008008208       0x14 ./Drivers/STM32H7xx_HAL_Driver/Src/stm32h7xx_hal_tim.o
                0x0000000008008208                HAL_TIM_PWM_PulseFinishedCallback
 .text.HAL_TIM_TriggerCallback
                0x000000000800821c       0x14 ./Drivers/STM32H7xx_HAL_Driver/Src/stm32h7xx_hal_tim.o
                0x000000000800821c                HAL_TIM_TriggerCallback
 .text.TIM_Base_SetConfig
                0x0000000008008230      0x14c ./Drivers/STM32H7xx_HAL_Driver/Src/stm32h7xx_hal_tim.o
                0x0000000008008230                TIM_Base_SetConfig
 .text.TIM_OC1_SetConfig
                0x000000000800837c      0x120 ./Drivers/STM32H7xx_HAL_Driver/Src/stm32h7xx_hal_tim.o
 .text.TIM_OC2_SetConfig
                0x000000000800849c      0x114 ./Drivers/STM32H7xx_HAL_Driver/Src/stm32h7xx_hal_tim.o
                0x000000000800849c                TIM_OC2_SetConfig
 .text.TIM_OC3_SetConfig
                0x00000000080085b0      0x110 ./Drivers/STM32H7xx_HAL_Driver/Src/stm32h7xx_hal_tim.o
 .text.TIM_OC4_SetConfig
                0x00000000080086c0       0xd4 ./Drivers/STM32H7xx_HAL_Driver/Src/stm32h7xx_hal_tim.o
 .text.TIM_OC5_SetConfig
                0x0000000008008794       0xc8 ./Drivers/STM32H7xx_HAL_Driver/Src/stm32h7xx_hal_tim.o
 .text.TIM_OC6_SetConfig
                0x000000000800885c       0xcc ./Drivers/STM32H7xx_HAL_Driver/Src/stm32h7xx_hal_tim.o
 .text.TIM_SlaveTimer_SetConfig
                0x0000000008008928      0x1d4 ./Drivers/STM32H7xx_HAL_Driver/Src/stm32h7xx_hal_tim.o
 .text.TIM_TI1_SetConfig
                0x0000000008008afc      0x100 ./Drivers/STM32H7xx_HAL_Driver/Src/stm32h7xx_hal_tim.o
                0x0000000008008afc                TIM_TI1_SetConfig
 .text.TIM_TI1_ConfigInputStage
                0x0000000008008bfc       0x5e ./Drivers/STM32H7xx_HAL_Driver/Src/stm32h7xx_hal_tim.o
 .text.TIM_TI2_SetConfig
                0x0000000008008c5a       0x7a ./Drivers/STM32H7xx_HAL_Driver/Src/stm32h7xx_hal_tim.o
 .text.TIM_TI2_ConfigInputStage
                0x0000000008008cd4       0x60 ./Drivers/STM32H7xx_HAL_Driver/Src/stm32h7xx_hal_tim.o
 .text.TIM_TI3_SetConfig
                0x0000000008008d34       0x78 ./Drivers/STM32H7xx_HAL_Driver/Src/stm32h7xx_hal_tim.o
 .text.TIM_TI4_SetConfig
                0x0000000008008dac       0x7a ./Drivers/STM32H7xx_HAL_Driver/Src/stm32h7xx_hal_tim.o
 *fill*         0x0000000008008e26        0x2 
 .text.TIM_ITRx_SetConfig
                0x0000000008008e28       0x3c ./Drivers/STM32H7xx_HAL_Driver/Src/stm32h7xx_hal_tim.o
 .text.TIM_ETR_SetConfig
                0x0000000008008e64       0x40 ./Drivers/STM32H7xx_HAL_Driver/Src/stm32h7xx_hal_tim.o
                0x0000000008008e64                TIM_ETR_SetConfig
 .text.TIM_CCxChannelCmd
                0x0000000008008ea4       0x4a ./Drivers/STM32H7xx_HAL_Driver/Src/stm32h7xx_hal_tim.o
                0x0000000008008ea4                TIM_CCxChannelCmd
 *fill*         0x0000000008008eee        0x2 
 .text.HAL_TIMEx_MasterConfigSynchronization
                0x0000000008008ef0      0x138 ./Drivers/STM32H7xx_HAL_Driver/Src/stm32h7xx_hal_tim_ex.o
                0x0000000008008ef0                HAL_TIMEx_MasterConfigSynchronization
 .text.HAL_TIMEx_ConfigBreakDeadTime
                0x0000000008009028      0x140 ./Drivers/STM32H7xx_HAL_Driver/Src/stm32h7xx_hal_tim_ex.o
                0x0000000008009028                HAL_TIMEx_ConfigBreakDeadTime
 .text.HAL_TIMEx_CommutCallback
                0x0000000008009168       0x14 ./Drivers/STM32H7xx_HAL_Driver/Src/stm32h7xx_hal_tim_ex.o
                0x0000000008009168                HAL_TIMEx_CommutCallback
 .text.HAL_TIMEx_BreakCallback
                0x000000000800917c       0x14 ./Drivers/STM32H7xx_HAL_Driver/Src/stm32h7xx_hal_tim_ex.o
                0x000000000800917c                HAL_TIMEx_BreakCallback
 .text.HAL_TIMEx_Break2Callback
                0x0000000008009190       0x14 ./Drivers/STM32H7xx_HAL_Driver/Src/stm32h7xx_hal_tim_ex.o
                0x0000000008009190                HAL_TIMEx_Break2Callback
 .text._ZdlPvj  0x00000000080091a4        0x4 c:/st/stm32cubeide_1.11.0/stm32cubeide/plugins/com.st.stm32cube.ide.mcu.externaltools.gnu-tools-for-stm32.10.3-2021.10.win32_1.0.100.202210260954/tools/bin/../lib/gcc/arm-none-eabi/10.3.1/../../../../arm-none-eabi/lib/thumb/v7e-m+dp/hard\libstdc++_nano.a(del_ops.o)
                0x00000000080091a4                operator delete(void*, unsigned int)
 .text._Znwj    0x00000000080091a8       0x22 c:/st/stm32cubeide_1.11.0/stm32cubeide/plugins/com.st.stm32cube.ide.mcu.externaltools.gnu-tools-for-stm32.10.3-2021.10.win32_1.0.100.202210260954/tools/bin/../lib/gcc/arm-none-eabi/10.3.1/../../../../arm-none-eabi/lib/thumb/v7e-m+dp/hard\libstdc++_nano.a(new_op.o)
                0x00000000080091a8                operator new(unsigned int)
 .text._ZNSaIcEC2Ev
                0x00000000080091ca        0x2 c:/st/stm32cubeide_1.11.0/stm32cubeide/plugins/com.st.stm32cube.ide.mcu.externaltools.gnu-tools-for-stm32.10.3-2021.10.win32_1.0.100.202210260954/tools/bin/../lib/gcc/arm-none-eabi/10.3.1/../../../../arm-none-eabi/lib/thumb/v7e-m+dp/hard\libstdc++_nano.a(allocator-inst.o)
                0x00000000080091ca                std::allocator<char>::allocator()
                0x00000000080091ca                std::allocator<char>::allocator()
 .text._ZNSaIcED2Ev
                0x00000000080091cc        0x2 c:/st/stm32cubeide_1.11.0/stm32cubeide/plugins/com.st.stm32cube.ide.mcu.externaltools.gnu-tools-for-stm32.10.3-2021.10.win32_1.0.100.202210260954/tools/bin/../lib/gcc/arm-none-eabi/10.3.1/../../../../arm-none-eabi/lib/thumb/v7e-m+dp/hard\libstdc++_nano.a(allocator-inst.o)
                0x00000000080091cc                std::allocator<char>::~allocator()
                0x00000000080091cc                std::allocator<char>::~allocator()
 .text.unlikely._ZSt17__throw_bad_allocv
                0x00000000080091ce        0x6 c:/st/stm32cubeide_1.11.0/stm32cubeide/plugins/com.st.stm32cube.ide.mcu.externaltools.gnu-tools-for-stm32.10.3-2021.10.win32_1.0.100.202210260954/tools/bin/../lib/gcc/arm-none-eabi/10.3.1/../../../../arm-none-eabi/lib/thumb/v7e-m+dp/hard\libstdc++_nano.a(functexcept.o)
                0x00000000080091ce                std::__throw_bad_alloc()
 .text.unlikely._ZSt19__throw_logic_errorPKc
                0x00000000080091d4        0x6 c:/st/stm32cubeide_1.11.0/stm32cubeide/plugins/com.st.stm32cube.ide.mcu.externaltools.gnu-tools-for-stm32.10.3-2021.10.win32_1.0.100.202210260954/tools/bin/../lib/gcc/arm-none-eabi/10.3.1/../../../../arm-none-eabi/lib/thumb/v7e-m+dp/hard\libstdc++_nano.a(functexcept.o)
                0x00000000080091d4                std::__throw_logic_error(char const*)
 .text.unlikely._ZSt20__throw_length_errorPKc
                0x00000000080091da        0x6 c:/st/stm32cubeide_1.11.0/stm32cubeide/plugins/com.st.stm32cube.ide.mcu.externaltools.gnu-tools-for-stm32.10.3-2021.10.win32_1.0.100.202210260954/tools/bin/../lib/gcc/arm-none-eabi/10.3.1/../../../../arm-none-eabi/lib/thumb/v7e-m+dp/hard\libstdc++_nano.a(functexcept.o)
                0x00000000080091da                std::__throw_length_error(char const*)
 .text._ZNSt11char_traitsIcE4copyEPcPKcj.isra.0
                0x00000000080091e0        0x8 c:/st/stm32cubeide_1.11.0/stm32cubeide/plugins/com.st.stm32cube.ide.mcu.externaltools.gnu-tools-for-stm32.10.3-2021.10.win32_1.0.100.202210260954/tools/bin/../lib/gcc/arm-none-eabi/10.3.1/../../../../arm-none-eabi/lib/thumb/v7e-m+dp/hard\libstdc++_nano.a(string-inst.o)
 .text._ZNSt7__cxx1112basic_stringIcSt11char_traitsIcESaIcEE9_M_createERjj
                0x00000000080091e8       0x44 c:/st/stm32cubeide_1.11.0/stm32cubeide/plugins/com.st.stm32cube.ide.mcu.externaltools.gnu-tools-for-stm32.10.3-2021.10.win32_1.0.100.202210260954/tools/bin/../lib/gcc/arm-none-eabi/10.3.1/../../../../arm-none-eabi/lib/thumb/v7e-m+dp/hard\libstdc++_nano.a(string-inst.o)
                0x00000000080091e8                std::__cxx11::basic_string<char, std::char_traits<char>, std::allocator<char> >::_M_create(unsigned int&, unsigned int)
 .text._ZNSt7__cxx1112basic_stringIcSt11char_traitsIcESaIcEE10_M_disposeEv
                0x000000000800922c       0x10 c:/st/stm32cubeide_1.11.0/stm32cubeide/plugins/com.st.stm32cube.ide.mcu.externaltools.gnu-tools-for-stm32.10.3-2021.10.win32_1.0.100.202210260954/tools/bin/../lib/gcc/arm-none-eabi/10.3.1/../../../../arm-none-eabi/lib/thumb/v7e-m+dp/hard\libstdc++_nano.a(string-inst.o)
                0x000000000800922c                std::__cxx11::basic_string<char, std::char_traits<char>, std::allocator<char> >::_M_dispose()
 .text._ZNSt7__cxx1112basic_stringIcSt11char_traitsIcESaIcEE7_S_copyEPcPKcj
                0x000000000800923c       0x18 c:/st/stm32cubeide_1.11.0/stm32cubeide/plugins/com.st.stm32cube.ide.mcu.externaltools.gnu-tools-for-stm32.10.3-2021.10.win32_1.0.100.202210260954/tools/bin/../lib/gcc/arm-none-eabi/10.3.1/../../../../arm-none-eabi/lib/thumb/v7e-m+dp/hard\libstdc++_nano.a(string-inst.o)
                0x000000000800923c                std::__cxx11::basic_string<char, std::char_traits<char>, std::allocator<char> >::_S_copy(char*, char const*, unsigned int)
 .text._ZNSt7__cxx1112basic_stringIcSt11char_traitsIcESaIcEE13_S_copy_charsEPcS5_S5_
                0x0000000008009254        0xa c:/st/stm32cubeide_1.11.0/stm32cubeide/plugins/com.st.stm32cube.ide.mcu.externaltools.gnu-tools-for-stm32.10.3-2021.10.win32_1.0.100.202210260954/tools/bin/../lib/gcc/arm-none-eabi/10.3.1/../../../../arm-none-eabi/lib/thumb/v7e-m+dp/hard\libstdc++_nano.a(string-inst.o)
                0x0000000008009254                std::__cxx11::basic_string<char, std::char_traits<char>, std::allocator<char> >::_S_copy_chars(char*, char*, char*)
 .text._ZNSt7__cxx1112basic_stringIcSt11char_traitsIcESaIcEE13_S_copy_charsEPcPKcS7_
                0x000000000800925e        0xa c:/st/stm32cubeide_1.11.0/stm32cubeide/plugins/com.st.stm32cube.ide.mcu.externaltools.gnu-tools-for-stm32.10.3-2021.10.win32_1.0.100.202210260954/tools/bin/../lib/gcc/arm-none-eabi/10.3.1/../../../../arm-none-eabi/lib/thumb/v7e-m+dp/hard\libstdc++_nano.a(string-inst.o)
                0x000000000800925e                std::__cxx11::basic_string<char, std::char_traits<char>, std::allocator<char> >::_S_copy_chars(char*, char const*, char const*)
 .text._ZNSt7__cxx1112basic_stringIcSt11char_traitsIcESaIcEE9_M_assignERKS4_
                0x0000000008009268       0x4c c:/st/stm32cubeide_1.11.0/stm32cubeide/plugins/com.st.stm32cube.ide.mcu.externaltools.gnu-tools-for-stm32.10.3-2021.10.win32_1.0.100.202210260954/tools/bin/../lib/gcc/arm-none-eabi/10.3.1/../../../../arm-none-eabi/lib/thumb/v7e-m+dp/hard\libstdc++_nano.a(string-inst.o)
                0x0000000008009268                std::__cxx11::basic_string<char, std::char_traits<char>, std::allocator<char> >::_M_assign(std::__cxx11::basic_string<char, std::char_traits<char>, std::allocator<char> > const&)
 .text._ZNSt7__cxx1112basic_stringIcSt11char_traitsIcESaIcEED2Ev
                0x00000000080092b4        0xc c:/st/stm32cubeide_1.11.0/stm32cubeide/plugins/com.st.stm32cube.ide.mcu.externaltools.gnu-tools-for-stm32.10.3-2021.10.win32_1.0.100.202210260954/tools/bin/../lib/gcc/arm-none-eabi/10.3.1/../../../../arm-none-eabi/lib/thumb/v7e-m+dp/hard\libstdc++_nano.a(string-inst.o)
                0x00000000080092b4                std::__cxx11::basic_string<char, std::char_traits<char>, std::allocator<char> >::~basic_string()
                0x00000000080092b4                std::__cxx11::basic_string<char, std::char_traits<char>, std::allocator<char> >::~basic_string()
 .text._ZNSt7__cxx1112basic_stringIcSt11char_traitsIcESaIcEEaSERKS4_
                0x00000000080092c0        0xc c:/st/stm32cubeide_1.11.0/stm32cubeide/plugins/com.st.stm32cube.ide.mcu.externaltools.gnu-tools-for-stm32.10.3-2021.10.win32_1.0.100.202210260954/tools/bin/../lib/gcc/arm-none-eabi/10.3.1/../../../../arm-none-eabi/lib/thumb/v7e-m+dp/hard\libstdc++_nano.a(string-inst.o)
                0x00000000080092c0                std::__cxx11::basic_string<char, std::char_traits<char>, std::allocator<char> >::operator=(std::__cxx11::basic_string<char, std::char_traits<char>, std::allocator<char> > const&)
 .text._ZNSt7__cxx1112basic_stringIcSt11char_traitsIcESaIcEE12_M_constructIPcEEvT_S7_St20forward_iterator_tag
                0x00000000080092cc       0x48 c:/st/stm32cubeide_1.11.0/stm32cubeide/plugins/com.st.stm32cube.ide.mcu.externaltools.gnu-tools-for-stm32.10.3-2021.10.win32_1.0.100.202210260954/tools/bin/../lib/gcc/arm-none-eabi/10.3.1/../../../../arm-none-eabi/lib/thumb/v7e-m+dp/hard\libstdc++_nano.a(string-inst.o)
                0x00000000080092cc                void std::__cxx11::basic_string<char, std::char_traits<char>, std::allocator<char> >::_M_construct<char*>(char*, char*, std::forward_iterator_tag)
 .text._ZNSt7__cxx1112basic_stringIcSt11char_traitsIcESaIcEEC2ERKS4_
                0x0000000008009314       0x1e c:/st/stm32cubeide_1.11.0/stm32cubeide/plugins/com.st.stm32cube.ide.mcu.externaltools.gnu-tools-for-stm32.10.3-2021.10.win32_1.0.100.202210260954/tools/bin/../lib/gcc/arm-none-eabi/10.3.1/../../../../arm-none-eabi/lib/thumb/v7e-m+dp/hard\libstdc++_nano.a(string-inst.o)
                0x0000000008009314                std::__cxx11::basic_string<char, std::char_traits<char>, std::allocator<char> >::basic_string(std::__cxx11::basic_string<char, std::char_traits<char>, std::allocator<char> > const&)
                0x0000000008009314                std::__cxx11::basic_string<char, std::char_traits<char>, std::allocator<char> >::basic_string(std::__cxx11::basic_string<char, std::char_traits<char>, std::allocator<char> > const&)
 *fill*         0x0000000008009332        0x2 
 .text._ZNSt7__cxx1112basic_stringIcSt11char_traitsIcESaIcEE12_M_constructIPKcEEvT_S8_St20forward_iterator_tag
                0x0000000008009334       0x48 c:/st/stm32cubeide_1.11.0/stm32cubeide/plugins/com.st.stm32cube.ide.mcu.externaltools.gnu-tools-for-stm32.10.3-2021.10.win32_1.0.100.202210260954/tools/bin/../lib/gcc/arm-none-eabi/10.3.1/../../../../arm-none-eabi/lib/thumb/v7e-m+dp/hard\libstdc++_nano.a(string-inst.o)
                0x0000000008009334                void std::__cxx11::basic_string<char, std::char_traits<char>, std::allocator<char> >::_M_construct<char const*>(char const*, char const*, std::forward_iterator_tag)
 .text._ZNSt7__cxx1112basic_stringIcSt11char_traitsIcESaIcEEC2EPKcRKS3_
                0x000000000800937c       0x2a c:/st/stm32cubeide_1.11.0/stm32cubeide/plugins/com.st.stm32cube.ide.mcu.externaltools.gnu-tools-for-stm32.10.3-2021.10.win32_1.0.100.202210260954/tools/bin/../lib/gcc/arm-none-eabi/10.3.1/../../../../arm-none-eabi/lib/thumb/v7e-m+dp/hard\libstdc++_nano.a(string-inst.o)
                0x000000000800937c                std::__cxx11::basic_string<char, std::char_traits<char>, std::allocator<char> >::basic_string(char const*, std::allocator<char> const&)
                0x000000000800937c                std::__cxx11::basic_string<char, std::char_traits<char>, std::allocator<char> >::basic_string(char const*, std::allocator<char> const&)
 .text._ZdlPv   0x00000000080093a6        0x4 c:/st/stm32cubeide_1.11.0/stm32cubeide/plugins/com.st.stm32cube.ide.mcu.externaltools.gnu-tools-for-stm32.10.3-2021.10.win32_1.0.100.202210260954/tools/bin/../lib/gcc/arm-none-eabi/10.3.1/../../../../arm-none-eabi/lib/thumb/v7e-m+dp/hard\libstdc++_nano.a(del_op.o)
                0x00000000080093a6                operator delete(void*)
 *fill*         0x00000000080093aa        0x2 
 .text._ZSt15get_new_handlerv
                0x00000000080093ac       0x10 c:/st/stm32cubeide_1.11.0/stm32cubeide/plugins/com.st.stm32cube.ide.mcu.externaltools.gnu-tools-for-stm32.10.3-2021.10.win32_1.0.100.202210260954/tools/bin/../lib/gcc/arm-none-eabi/10.3.1/../../../../arm-none-eabi/lib/thumb/v7e-m+dp/hard\libstdc++_nano.a(new_handler.o)
                0x00000000080093ac                std::get_new_handler()
 .text.abort    0x00000000080093bc        0xe c:/st/stm32cubeide_1.11.0/stm32cubeide/plugins/com.st.stm32cube.ide.mcu.externaltools.gnu-tools-for-stm32.10.3-2021.10.win32_1.0.100.202210260954/tools/bin/../lib/gcc/arm-none-eabi/10.3.1/../../../../arm-none-eabi/lib/thumb/v7e-m+dp/hard\libc_nano.a(lib_a-abort.o)
                0x00000000080093bc                abort
 *fill*         0x00000000080093ca        0x2 
 .text.__errno  0x00000000080093cc        0xc c:/st/stm32cubeide_1.11.0/stm32cubeide/plugins/com.st.stm32cube.ide.mcu.externaltools.gnu-tools-for-stm32.10.3-2021.10.win32_1.0.100.202210260954/tools/bin/../lib/gcc/arm-none-eabi/10.3.1/../../../../arm-none-eabi/lib/thumb/v7e-m+dp/hard\libc_nano.a(lib_a-errno.o)
                0x00000000080093cc                __errno
 .text.__libc_init_array
                0x00000000080093d8       0x48 c:/st/stm32cubeide_1.11.0/stm32cubeide/plugins/com.st.stm32cube.ide.mcu.externaltools.gnu-tools-for-stm32.10.3-2021.10.win32_1.0.100.202210260954/tools/bin/../lib/gcc/arm-none-eabi/10.3.1/../../../../arm-none-eabi/lib/thumb/v7e-m+dp/hard\libc_nano.a(lib_a-init.o)
                0x00000000080093d8                __libc_init_array
 .text.malloc   0x0000000008009420       0x10 c:/st/stm32cubeide_1.11.0/stm32cubeide/plugins/com.st.stm32cube.ide.mcu.externaltools.gnu-tools-for-stm32.10.3-2021.10.win32_1.0.100.202210260954/tools/bin/../lib/gcc/arm-none-eabi/10.3.1/../../../../arm-none-eabi/lib/thumb/v7e-m+dp/hard\libc_nano.a(lib_a-malloc.o)
                0x0000000008009420                malloc
 .text.free     0x0000000008009430       0x10 c:/st/stm32cubeide_1.11.0/stm32cubeide/plugins/com.st.stm32cube.ide.mcu.externaltools.gnu-tools-for-stm32.10.3-2021.10.win32_1.0.100.202210260954/tools/bin/../lib/gcc/arm-none-eabi/10.3.1/../../../../arm-none-eabi/lib/thumb/v7e-m+dp/hard\libc_nano.a(lib_a-malloc.o)
                0x0000000008009430                free
 .text.memcpy   0x0000000008009440       0x1c c:/st/stm32cubeide_1.11.0/stm32cubeide/plugins/com.st.stm32cube.ide.mcu.externaltools.gnu-tools-for-stm32.10.3-2021.10.win32_1.0.100.202210260954/tools/bin/../lib/gcc/arm-none-eabi/10.3.1/../../../../arm-none-eabi/lib/thumb/v7e-m+dp/hard\libc_nano.a(lib_a-memcpy-stub.o)
                0x0000000008009440                memcpy
 .text.memmove  0x000000000800945c       0x34 c:/st/stm32cubeide_1.11.0/stm32cubeide/plugins/com.st.stm32cube.ide.mcu.externaltools.gnu-tools-for-stm32.10.3-2021.10.win32_1.0.100.202210260954/tools/bin/../lib/gcc/arm-none-eabi/10.3.1/../../../../arm-none-eabi/lib/thumb/v7e-m+dp/hard\libc_nano.a(lib_a-memmove.o)
                0x000000000800945c                memmove
 .text.memset   0x0000000008009490       0x10 c:/st/stm32cubeide_1.11.0/stm32cubeide/plugins/com.st.stm32cube.ide.mcu.externaltools.gnu-tools-for-stm32.10.3-2021.10.win32_1.0.100.202210260954/tools/bin/../lib/gcc/arm-none-eabi/10.3.1/../../../../arm-none-eabi/lib/thumb/v7e-m+dp/hard\libc_nano.a(lib_a-memset.o)
                0x0000000008009490                memset
 .text._free_r  0x00000000080094a0       0x98 c:/st/stm32cubeide_1.11.0/stm32cubeide/plugins/com.st.stm32cube.ide.mcu.externaltools.gnu-tools-for-stm32.10.3-2021.10.win32_1.0.100.202210260954/tools/bin/../lib/gcc/arm-none-eabi/10.3.1/../../../../arm-none-eabi/lib/thumb/v7e-m+dp/hard\libc_nano.a(lib_a-nano-freer.o)
                0x00000000080094a0                _free_r
 .text.sbrk_aligned
                0x0000000008009538       0x40 c:/st/stm32cubeide_1.11.0/stm32cubeide/plugins/com.st.stm32cube.ide.mcu.externaltools.gnu-tools-for-stm32.10.3-2021.10.win32_1.0.100.202210260954/tools/bin/../lib/gcc/arm-none-eabi/10.3.1/../../../../arm-none-eabi/lib/thumb/v7e-m+dp/hard\libc_nano.a(lib_a-nano-mallocr.o)
 .text._malloc_r
                0x0000000008009578       0xe8 c:/st/stm32cubeide_1.11.0/stm32cubeide/plugins/com.st.stm32cube.ide.mcu.externaltools.gnu-tools-for-stm32.10.3-2021.10.win32_1.0.100.202210260954/tools/bin/../lib/gcc/arm-none-eabi/10.3.1/../../../../arm-none-eabi/lib/thumb/v7e-m+dp/hard\libc_nano.a(lib_a-nano-mallocr.o)
                0x0000000008009578                _malloc_r